###############################################################################
#
# IAR ELF Linker V7.80.3.12102/W32 for ARM                28/Feb/2017  17:36:51
# Copyright 2007-2016 IAR Systems AB.
#
#    Output file  =  
#        C:\-=Skola=-\Inbyggda System\Projekt
#        labb\KULUR\Test\Debug\Exe\Test.out
#    Map file     =  
#        C:\-=Skola=-\Inbyggda System\Projekt
#        labb\KULUR\Test\Debug\List\Test.map
#    Command line =  
#        "C:\-=Skola=-\Inbyggda System\Projekt
#        labb\KULUR\Test\Debug\Obj\cmsis_os.o" "C:\-=Skola=-\Inbyggda
#        System\Projekt labb\KULUR\Test\Debug\Obj\crc.o" "C:\-=Skola=-\Inbyggda
#        System\Projekt labb\KULUR\Test\Debug\Obj\croutine.o"
#        "C:\-=Skola=-\Inbyggda System\Projekt
#        labb\KULUR\Test\Debug\Obj\event_groups.o" "C:\-=Skola=-\Inbyggda
#        System\Projekt labb\KULUR\Test\Debug\Obj\freertos.o"
#        "C:\-=Skola=-\Inbyggda System\Projekt
#        labb\KULUR\Test\Debug\Obj\gpio.o" "C:\-=Skola=-\Inbyggda
#        System\Projekt labb\KULUR\Test\Debug\Obj\heap_4.o"
#        "C:\-=Skola=-\Inbyggda System\Projekt
#        labb\KULUR\Test\Debug\Obj\list.o" "C:\-=Skola=-\Inbyggda
#        System\Projekt labb\KULUR\Test\Debug\Obj\main.o"
#        "C:\-=Skola=-\Inbyggda System\Projekt
#        labb\KULUR\Test\Debug\Obj\port.o" "C:\-=Skola=-\Inbyggda
#        System\Projekt labb\KULUR\Test\Debug\Obj\portasm.o"
#        "C:\-=Skola=-\Inbyggda System\Projekt
#        labb\KULUR\Test\Debug\Obj\queue.o" "C:\-=Skola=-\Inbyggda
#        System\Projekt labb\KULUR\Test\Debug\Obj\rtc.o" "C:\-=Skola=-\Inbyggda
#        System\Projekt labb\KULUR\Test\Debug\Obj\startup_stm32f303xc.o"
#        "C:\-=Skola=-\Inbyggda System\Projekt
#        labb\KULUR\Test\Debug\Obj\stm32f3xx_hal.o" "C:\-=Skola=-\Inbyggda
#        System\Projekt labb\KULUR\Test\Debug\Obj\stm32f3xx_hal_cortex.o"
#        "C:\-=Skola=-\Inbyggda System\Projekt
#        labb\KULUR\Test\Debug\Obj\stm32f3xx_hal_crc.o" "C:\-=Skola=-\Inbyggda
#        System\Projekt labb\KULUR\Test\Debug\Obj\stm32f3xx_hal_crc_ex.o"
#        "C:\-=Skola=-\Inbyggda System\Projekt
#        labb\KULUR\Test\Debug\Obj\stm32f3xx_hal_dma.o" "C:\-=Skola=-\Inbyggda
#        System\Projekt labb\KULUR\Test\Debug\Obj\stm32f3xx_hal_flash.o"
#        "C:\-=Skola=-\Inbyggda System\Projekt
#        labb\KULUR\Test\Debug\Obj\stm32f3xx_hal_flash_ex.o"
#        "C:\-=Skola=-\Inbyggda System\Projekt
#        labb\KULUR\Test\Debug\Obj\stm32f3xx_hal_gpio.o" "C:\-=Skola=-\Inbyggda
#        System\Projekt labb\KULUR\Test\Debug\Obj\stm32f3xx_hal_i2c.o"
#        "C:\-=Skola=-\Inbyggda System\Projekt
#        labb\KULUR\Test\Debug\Obj\stm32f3xx_hal_i2c_ex.o"
#        "C:\-=Skola=-\Inbyggda System\Projekt
#        labb\KULUR\Test\Debug\Obj\stm32f3xx_hal_msp.o" "C:\-=Skola=-\Inbyggda
#        System\Projekt labb\KULUR\Test\Debug\Obj\stm32f3xx_hal_pwr.o"
#        "C:\-=Skola=-\Inbyggda System\Projekt
#        labb\KULUR\Test\Debug\Obj\stm32f3xx_hal_pwr_ex.o"
#        "C:\-=Skola=-\Inbyggda System\Projekt
#        labb\KULUR\Test\Debug\Obj\stm32f3xx_hal_rcc.o" "C:\-=Skola=-\Inbyggda
#        System\Projekt labb\KULUR\Test\Debug\Obj\stm32f3xx_hal_rcc_ex.o"
#        "C:\-=Skola=-\Inbyggda System\Projekt
#        labb\KULUR\Test\Debug\Obj\stm32f3xx_hal_rtc.o" "C:\-=Skola=-\Inbyggda
#        System\Projekt labb\KULUR\Test\Debug\Obj\stm32f3xx_hal_rtc_ex.o"
#        "C:\-=Skola=-\Inbyggda System\Projekt
#        labb\KULUR\Test\Debug\Obj\stm32f3xx_hal_tim.o" "C:\-=Skola=-\Inbyggda
#        System\Projekt labb\KULUR\Test\Debug\Obj\stm32f3xx_hal_tim_ex.o"
#        "C:\-=Skola=-\Inbyggda System\Projekt
#        labb\KULUR\Test\Debug\Obj\stm32f3xx_hal_uart.o" "C:\-=Skola=-\Inbyggda
#        System\Projekt labb\KULUR\Test\Debug\Obj\stm32f3xx_hal_uart_ex.o"
#        "C:\-=Skola=-\Inbyggda System\Projekt
#        labb\KULUR\Test\Debug\Obj\stm32f3xx_it.o" "C:\-=Skola=-\Inbyggda
#        System\Projekt labb\KULUR\Test\Debug\Obj\system_stm32f3xx.o"
#        "C:\-=Skola=-\Inbyggda System\Projekt
#        labb\KULUR\Test\Debug\Obj\tasks.o" "C:\-=Skola=-\Inbyggda
#        System\Projekt labb\KULUR\Test\Debug\Obj\tim.o" "C:\-=Skola=-\Inbyggda
#        System\Projekt labb\KULUR\Test\Debug\Obj\timers.o"
#        "C:\-=Skola=-\Inbyggda System\Projekt
#        labb\KULUR\Test\Debug\Obj\usart.o" -o "C:\-=Skola=-\Inbyggda
#        System\Projekt labb\KULUR\Test\Debug\Exe\Test.out" --map
#        "C:\-=Skola=-\Inbyggda System\Projekt
#        labb\KULUR\Test\Debug\List\Test.map" --config "C:\-=Skola=-\Inbyggda
#        System\Projekt labb\KULUR\Test/stm32f303xc_flash.icf" --semihosting
#        --entry __iar_program_start --vfe
#
###############################################################################

*******************************************************************************
*** RUNTIME MODEL ATTRIBUTES
***

CppFlavor                     = *
__SystemLibrary               = DLib
__dlib_dynamic_initialization = normal


*******************************************************************************
*** PLACEMENT SUMMARY
***

"A0":  place at 0x08000000 { ro section .intvec };
"P1":  place in [from 0x08000000 to 0x0803ffff] { ro };
"P2":  place in [from 0x20000000 to 0x20009fff] { rw, block CSTACK, block HEAP };
initialize by copy { rw };

  Section             Kind        Address    Size  Object
  -------             ----        -------    ----  ------
"A0":                                       0x188
  .intvec             ro code  0x08000000   0x188  startup_stm32f303xc.o [1]
                             - 0x08000188   0x188

"P1":                                      0x50bc
  .text               ro code  0x08000188   0xaa8  stm32f3xx_hal_rcc.o [1]
  .text               ro code  0x08000c30     0xc  stm32f3xx_hal.o [1]
  .text               ro code  0x08000c3c    0x28  stm32f3xx_hal.o [1]
  .text               ro code  0x08000c64   0x144  stm32f3xx_hal_cortex.o [1]
  .text               ro code  0x08000da8   0xa46  main.o [1]
  .text               ro code  0x080017f0    0x28  stm32f3xx_hal.o [1]
  .text               ro code  0x08001818   0x1c0  gpio.o [1]
  .text               ro code  0x080019d8    0xb8  usart.o [1]
  .text               ro code  0x08001a90    0x68  rtc.o [1]
  .text               ro code  0x08001af8   0x23c  tim.o [1]
  .text               ro code  0x08001d34    0x7c  crc.o [1]
  .text               ro code  0x08001db0    0x30  I32ToDbl.o [4]
  .text               ro code  0x08001de0   0x8c0  pow.o [4]
  .text               ro code  0x080026a0   0x1a2  DblMul.o [4]
  .text               ro code  0x08002844    0xe8  DblAdd.o [4]
  .text               ro code  0x0800292c    0x4c  DblToI32.o [4]
  .text               ro code  0x08002978   0x1b2  stm32f3xx_hal_rtc.o [1]
  .text               ro code  0x08002b2c   0x1ec  stm32f3xx_hal_gpio.o [1]
  .text               ro code  0x08002d18   0x2c8  stm32f3xx_hal_rcc_ex.o [1]
  .text               ro code  0x08002fe0    0x7c  stm32f3xx_hal_msp.o [1]
  .text               ro code  0x0800305c   0x780  stm32f3xx_hal_uart.o [1]
  .text               ro code  0x080037dc   0x87c  stm32f3xx_hal_tim.o [1]
  .text               ro code  0x08004058    0x64  stm32f3xx_hal_tim_ex.o [1]
  .text               ro code  0x080040bc    0x8c  stm32f3xx_hal_crc.o [1]
  .text               ro code  0x08004148    0x44  xdnorm.o [4]
  .text               ro code  0x0800418c    0x7e  xdint.o [4]
  .text               ro code  0x0800420c    0x20  DblCmpEq.o [4]
  .text               ro code  0x0800422c     0xc  errno.o [3]
  .text               ro code  0x08004238    0x2e  DblCmpGe.o [4]
  .text               ro code  0x08004268    0x2e  DblCmpLe.o [4]
  .text               ro code  0x08004298   0x180  DblSub.o [4]
  .text               ro code  0x08004418   0x256  DblDiv.o [4]
  .text               ro code  0x08004670    0xb0  xlog.o [4]
  .text               ro code  0x08004720   0x2c6  xexp.o [4]
  .text               ro code  0x080049e6     0x2  stm32f3xx_hal_uart_ex.o [1]
  .text               ro code  0x080049e8     0x2  stm32f3xx_hal_uart.o [1]
  .text               ro code  0x080049ea     0x2  stm32f3xx_hal_tim.o [1]
  .text               ro code  0x080049ec     0x2  stm32f3xx_hal_tim.o [1]
  .text               ro code  0x080049ee     0x2  stm32f3xx_hal_tim.o [1]
  .text               ro code  0x080049f0     0x2  stm32f3xx_hal_tim.o [1]
  .text               ro code  0x080049f2     0x2  stm32f3xx_hal_tim_ex.o [1]
  .text               ro code  0x080049f4     0x2  stm32f3xx_hal_tim.o [1]
  .text               ro code  0x080049f6     0x2  stm32f3xx_hal_tim_ex.o [1]
  .text               ro code  0x080049f8    0x5e  stm32f3xx_hal_crc_ex.o [1]
  .text               ro code  0x08004a56     0x2  xtls.o [3]
  .text               ro code  0x08004a58    0x40  xdtest.o [4]
  .text               ro code  0x08004a98   0x114  xdscale.o [4]
  .text               ro code  0x08004bac   0x208  tasks.o [1]
  .text               ro code  0x08004db4    0x3e  list.o [1]
  CODE                ro code  0x08004df4    0xa8  portasm.o [1]
  .text               ro code  0x08004e9c    0x98  system_stm32f3xx.o [1]
  .text               ro code  0x08004f34    0x40  zero_init3.o [5]
  .text               ro code  0x08004f74    0x34  port.o [1]
  .text               ro code  0x08004fa8    0x2c  copy_init3.o [5]
  .text               ro code  0x08004fd4    0x28  stm32f3xx_it.o [1]
  .text               ro code  0x08004ffc    0x10  stm32f3xx_hal.o [1]
  .text               ro code  0x0800500c    0x10  cmsis_os.o [1]
  .text               ro code  0x0800501c    0x28  data_init.o [5]
  .text               ro code  0x08005044    0x22  fpinit_M.o [4]
  .iar.init_table     const    0x08005068    0x24  - Linker created -
  .text               ro code  0x0800508c    0x1a  cmain.o [5]
  .text               ro code  0x080050a6     0x4  low_level_init.o [3]
  .text               ro code  0x080050aa     0x4  exit.o [3]
  .text               ro code  0x080050b0     0xa  cexit.o [5]
  .text               ro code  0x080050bc    0x14  exit.o [6]
  .rodata             const    0x080050d0    0x10  stm32f3xx_hal_rcc.o [1]
  .rodata             const    0x080050e0    0x10  stm32f3xx_hal_rcc.o [1]
  .rodata             const    0x080050f0    0x10  system_stm32f3xx.o [1]
  .text               ro code  0x08005100    0x10  startup_stm32f303xc.o [1]
  .text               ro code  0x08005110     0xc  cstartup_M.o [5]
  .rodata             const    0x0800511c     0x8  system_stm32f3xx.o [1]
  Initializer bytes   const    0x08005124     0x8  <for P2-1>
  .text               ro code  0x0800512c     0x4  startup_stm32f303xc.o [1]
  .text               ro code  0x08005130     0x4  startup_stm32f303xc.o [1]
  .text               ro code  0x08005134     0x4  startup_stm32f303xc.o [1]
  .text               ro code  0x08005138     0x4  startup_stm32f303xc.o [1]
  .text               ro code  0x0800513c     0x4  startup_stm32f303xc.o [1]
  .text               ro code  0x08005140     0x4  startup_stm32f303xc.o [1]
  .text               ro code  0x08005144     0x4  startup_stm32f303xc.o [1]
  .text               ro code  0x08005148     0x4  startup_stm32f303xc.o [1]
  .text               ro code  0x0800514c     0x4  startup_stm32f303xc.o [1]
  .text               ro code  0x08005150     0x4  startup_stm32f303xc.o [1]
  .text               ro code  0x08005154     0x4  startup_stm32f303xc.o [1]
  .text               ro code  0x08005158     0x4  startup_stm32f303xc.o [1]
  .text               ro code  0x0800515c     0x4  startup_stm32f303xc.o [1]
  .text               ro code  0x08005160     0x4  startup_stm32f303xc.o [1]
  .text               ro code  0x08005164     0x4  startup_stm32f303xc.o [1]
  .text               ro code  0x08005168     0x4  startup_stm32f303xc.o [1]
  .text               ro code  0x0800516c     0x4  startup_stm32f303xc.o [1]
  .text               ro code  0x08005170     0x4  startup_stm32f303xc.o [1]
  .text               ro code  0x08005174     0x4  startup_stm32f303xc.o [1]
  .text               ro code  0x08005178     0x4  startup_stm32f303xc.o [1]
  .text               ro code  0x0800517c     0x4  startup_stm32f303xc.o [1]
  .text               ro code  0x08005180     0x4  startup_stm32f303xc.o [1]
  .text               ro code  0x08005184     0x4  startup_stm32f303xc.o [1]
  .text               ro code  0x08005188     0x4  startup_stm32f303xc.o [1]
  .text               ro code  0x0800518c     0x4  startup_stm32f303xc.o [1]
  .text               ro code  0x08005190     0x4  startup_stm32f303xc.o [1]
  .text               ro code  0x08005194     0x4  startup_stm32f303xc.o [1]
  .text               ro code  0x08005198     0x4  startup_stm32f303xc.o [1]
  .text               ro code  0x0800519c     0x4  startup_stm32f303xc.o [1]
  .text               ro code  0x080051a0     0x4  startup_stm32f303xc.o [1]
  .text               ro code  0x080051a4     0x4  startup_stm32f303xc.o [1]
  .text               ro code  0x080051a8     0x4  startup_stm32f303xc.o [1]
  .text               ro code  0x080051ac     0x4  startup_stm32f303xc.o [1]
  .text               ro code  0x080051b0     0x4  startup_stm32f303xc.o [1]
  .text               ro code  0x080051b4     0x4  startup_stm32f303xc.o [1]
  .text               ro code  0x080051b8     0x4  startup_stm32f303xc.o [1]
  .text               ro code  0x080051bc     0x4  startup_stm32f303xc.o [1]
  .text               ro code  0x080051c0     0x4  startup_stm32f303xc.o [1]
  .text               ro code  0x080051c4     0x4  startup_stm32f303xc.o [1]
  .text               ro code  0x080051c8     0x4  startup_stm32f303xc.o [1]
  .text               ro code  0x080051cc     0x4  startup_stm32f303xc.o [1]
  .text               ro code  0x080051d0     0x4  startup_stm32f303xc.o [1]
  .text               ro code  0x080051d4     0x4  startup_stm32f303xc.o [1]
  .text               ro code  0x080051d8     0x4  startup_stm32f303xc.o [1]
  .text               ro code  0x080051dc     0x4  startup_stm32f303xc.o [1]
  .text               ro code  0x080051e0     0x4  startup_stm32f303xc.o [1]
  .text               ro code  0x080051e4     0x4  startup_stm32f303xc.o [1]
  .text               ro code  0x080051e8     0x4  startup_stm32f303xc.o [1]
  .text               ro code  0x080051ec     0x4  startup_stm32f303xc.o [1]
  .text               ro code  0x080051f0     0x4  startup_stm32f303xc.o [1]
  .text               ro code  0x080051f4     0x4  startup_stm32f303xc.o [1]
  .text               ro code  0x080051f8     0x4  startup_stm32f303xc.o [1]
  .text               ro code  0x080051fc     0x4  startup_stm32f303xc.o [1]
  .text               ro code  0x08005200     0x4  startup_stm32f303xc.o [1]
  .text               ro code  0x08005204     0x4  startup_stm32f303xc.o [1]
  .text               ro code  0x08005208     0x4  startup_stm32f303xc.o [1]
  .text               ro code  0x0800520c     0x4  startup_stm32f303xc.o [1]
  .text               ro code  0x08005210     0x4  startup_stm32f303xc.o [1]
  .text               ro code  0x08005214     0x4  startup_stm32f303xc.o [1]
  .text               ro code  0x08005218     0x4  startup_stm32f303xc.o [1]
  .text               ro code  0x0800521c     0x4  startup_stm32f303xc.o [1]
  .text               ro code  0x08005220     0x4  startup_stm32f303xc.o [1]
  .text               ro code  0x08005224     0x4  startup_stm32f303xc.o [1]
  .text               ro code  0x08005228     0x4  startup_stm32f303xc.o [1]
  .text               ro code  0x0800522c     0x4  startup_stm32f303xc.o [1]
  .text               ro code  0x08005230     0x4  startup_stm32f303xc.o [1]
  .text               ro code  0x08005234     0x4  startup_stm32f303xc.o [1]
  .text               ro code  0x08005238     0x4  startup_stm32f303xc.o [1]
  .text               ro code  0x0800523c     0x4  startup_stm32f303xc.o [1]
  .text               ro code  0x08005240     0x4  startup_stm32f303xc.o [1]
  .rodata             const    0x08005244     0x0  zero_init3.o [5]
  .rodata             const    0x08005244     0x0  copy_init3.o [5]
                             - 0x08005244  0x50bc

"P2", part 1 of 3:                            0x8
  P2-1                         0x20000000     0x8  <Init block>
    .data             inited   0x20000000     0x4  system_stm32f3xx.o [1]
    __DLIB_PERTHREAD  inited   0x20000004     0x4  errno.o [3]
                             - 0x20000008     0x8

"P2", part 2 of 3:                          0x400
  CSTACK                       0x20000008   0x400  <Block>
    CSTACK            uninit   0x20000008   0x400  <Block tail>
                             - 0x20000408   0x400

"P2", part 3 of 3:                          0x334
  .bss                zero     0x20000408    0xa0  main.o [1]
  .bss                zero     0x200004a8    0xa0  tim.o [1]
  .bss                zero     0x20000548    0x8c  tasks.o [1]
  .bss                zero     0x200005d4    0x70  usart.o [1]
  .bss                zero     0x20000644    0x3c  tim.o [1]
  .bss                zero     0x20000680    0x24  crc.o [1]
  .bss                zero     0x200006a4    0x20  main.o [1]
  .bss                zero     0x200006c4    0x20  main.o [1]
  .bss                zero     0x200006e4     0x4  main.o [1]
  .bss                zero     0x200006e8     0x4  main.o [1]
  .bss                zero     0x200006ec     0x4  main.o [1]
  .bss                zero     0x200006f0     0x4  main.o [1]
  .bss                zero     0x200006f4     0x4  stm32f3xx_hal.o [1]
  .bss                zero     0x200006f8     0x4  tasks.o [1]
  .bss                zero     0x200006fc     0x4  tasks.o [1]
  .bss                zero     0x20000700     0x4  tasks.o [1]
  .bss                zero     0x20000704     0x4  tasks.o [1]
  .bss                zero     0x20000708     0x4  tasks.o [1]
  .bss                zero     0x2000070c     0x4  tasks.o [1]
  .bss                zero     0x20000710     0x4  tasks.o [1]
  .bss                zero     0x20000714     0x4  tasks.o [1]
  .bss                zero     0x20000718     0x4  tasks.o [1]
  .bss                zero     0x2000071c     0x4  tasks.o [1]
  .bss                zero     0x20000720     0x4  tasks.o [1]
  .bss                zero     0x20000724     0x4  tim.o [1]
  .bss                zero     0x20000728     0x4  tim.o [1]
  .bss                zero     0x2000072c     0x4  tim.o [1]
  .bss                zero     0x20000730     0x4  tim.o [1]
  .bss                zero     0x20000734     0x4  tim.o [1]
  .bss                zero     0x20000738     0x1  main.o [1]
                             - 0x20000739   0x331


*******************************************************************************
*** INIT TABLE
***

          Address     Size
          -------     ----
Zero (__iar_zero_init3)
    1 destination range, total size 0x331:
          0x20000408  0x331

Copy (__iar_copy_init3)
    1 source range, total size 0x8:
          0x08005124    0x8
    1 destination range, total size 0x8:
          0x20000000    0x8



*******************************************************************************
*** MODULE SUMMARY
***

    Module                   ro code  ro data  rw data
    ------                   -------  -------  -------
C:\-=Skola=-\Inbyggda System\Projekt labb\KULUR\Test\Debug\Obj: [1]
    cmsis_os.o                    16
    crc.o                        124                36
    gpio.o                       448
    list.o                        62
    main.o                     2 630               241
    port.o                        52
    portasm.o                    168
    rtc.o                        104
    startup_stm32f303xc.o        688
    stm32f3xx_hal.o              108                 4
    stm32f3xx_hal_cortex.o       324
    stm32f3xx_hal_crc.o          140
    stm32f3xx_hal_crc_ex.o        94
    stm32f3xx_hal_gpio.o         492
    stm32f3xx_hal_msp.o          124
    stm32f3xx_hal_rcc.o        2 728       32
    stm32f3xx_hal_rcc_ex.o       712
    stm32f3xx_hal_rtc.o          434
    stm32f3xx_hal_tim.o        2 182
    stm32f3xx_hal_tim_ex.o       104
    stm32f3xx_hal_uart.o       1 922
    stm32f3xx_hal_uart_ex.o        2
    stm32f3xx_it.o                40
    system_stm32f3xx.o           152       28        4
    tasks.o                      520               184
    tim.o                        572               240
    usart.o                      184               112
    --------------------------------------------------
    Total:                    15 126       60      821

command line: [2]
    --------------------------------------------------
    Total:

dl7M_tlf.a: [3]
    errno.o                       12        4        4
    exit.o                         4
    low_level_init.o               4
    xtls.o                         2
    --------------------------------------------------
    Total:                        22        4        4

m7M_tls.a: [4]
    DblAdd.o                     232
    DblCmpEq.o                    32
    DblCmpGe.o                    46
    DblCmpLe.o                    46
    DblDiv.o                     598
    DblMul.o                     418
    DblSub.o                     384
    DblToI32.o                    76
    I32ToDbl.o                    48
    fpinit_M.o                    34
    pow.o                      2 240
    xdint.o                      126
    xdnorm.o                      68
    xdscale.o                    276
    xdtest.o                      64
    xexp.o                       710
    xlog.o                       176
    --------------------------------------------------
    Total:                     5 574

rt7M_tl.a: [5]
    cexit.o                       10
    cmain.o                       26
    copy_init3.o                  44
    cstartup_M.o                  12
    data_init.o                   40
    zero_init3.o                  64
    --------------------------------------------------
    Total:                       196

shb_l.a: [6]
    exit.o                        20
    --------------------------------------------------
    Total:                        20

    Gaps                          20        2
    Linker created                         36    1 024
------------------------------------------------------
    Grand Total:              20 958      102    1 849


*******************************************************************************
*** ENTRY LIST
***

Entry                      Address   Size  Type      Object
-----                      -------   ----  ----      ------
.iar.init_table$$Base   0x08005068          --   Gb  - Linker created -
.iar.init_table$$Limit  0x0800508c          --   Gb  - Linker created -
?main                   0x0800508d         Code  Gb  cmain.o [5]
AHBPrescTable           0x080050f0   0x10  Data  Gb  system_stm32f3xx.o [1]
APBPrescTable           0x0800511c    0x8  Data  Gb  system_stm32f3xx.o [1]
CSTACK$$Base            0x20000008          --   Gb  - Linker created -
CSTACK$$Limit           0x20000408          --   Gb  - Linker created -
Display                 0x08000eb5  0x86c  Code  Gb  main.o [1]
Display::last_second    0x200006f0    0x4  Data  Lc  main.o [1]
Display::tempDecTal     0x200006ec    0x4  Data  Lc  main.o [1]
Display::tempEnTal      0x200006e8    0x4  Data  Lc  main.o [1]
Display::tempTioTal     0x200006e4    0x4  Data  Lc  main.o [1]
Display::value_array    0x200006c4   0x20  Data  Lc  main.o [1]
Error_Handler           0x080017ed    0x2  Code  Gb  main.o [1]
HAL_CRCEx_Polynomial_Set
                        0x080049f9   0x5e  Code  Gb  stm32f3xx_hal_crc_ex.o [1]
HAL_CRC_Init            0x080040bd   0x88  Code  Gb  stm32f3xx_hal_crc.o [1]
HAL_CRC_MspInit         0x08001d7d   0x26  Code  Gb  crc.o [1]
HAL_GPIO_Init           0x08002b2d  0x1a8  Code  Gb  stm32f3xx_hal_gpio.o [1]
HAL_GPIO_TogglePin      0x08002ce7    0xa  Code  Gb  stm32f3xx_hal_gpio.o [1]
HAL_GPIO_WritePin       0x08002cd5   0x12  Code  Gb  stm32f3xx_hal_gpio.o [1]
HAL_GetTick             0x08000c31    0xc  Code  Wk  stm32f3xx_hal.o [1]
HAL_IncTick             0x08004ffd   0x10  Code  Wk  stm32f3xx_hal.o [1]
HAL_Init                0x080017f1   0x22  Code  Gb  stm32f3xx_hal.o [1]
HAL_InitTick            0x08000c3d   0x28  Code  Wk  stm32f3xx_hal.o [1]
HAL_MspInit             0x08002fe1   0x7c  Code  Gb  stm32f3xx_hal_msp.o [1]
HAL_NVIC_EnableIRQ      0x08000d57    0xa  Code  Gb  stm32f3xx_hal_cortex.o [1]
HAL_NVIC_SetPriority    0x08000d35   0x22  Code  Gb  stm32f3xx_hal_cortex.o [1]
HAL_NVIC_SetPriorityGrouping
                        0x08000d2d    0x8  Code  Gb  stm32f3xx_hal_cortex.o [1]
HAL_RCCEx_PeriphCLKConfig
                        0x08002d19  0x2a8  Code  Gb  stm32f3xx_hal_rcc_ex.o [1]
HAL_RCC_ClockConfig     0x08000905  0x23c  Code  Gb  stm32f3xx_hal_rcc.o [1]
HAL_RCC_GetHCLKFreq     0x08000ba7    0x6  Code  Gb  stm32f3xx_hal_rcc.o [1]
HAL_RCC_GetPCLK1Freq    0x08000bad   0x20  Code  Gb  stm32f3xx_hal_rcc.o [1]
HAL_RCC_GetPCLK2Freq    0x08000bcd   0x20  Code  Gb  stm32f3xx_hal_rcc.o [1]
HAL_RCC_GetSysClockFreq
                        0x08000b41   0x66  Code  Gb  stm32f3xx_hal_rcc.o [1]
HAL_RCC_OscConfig       0x08000189  0x77c  Code  Gb  stm32f3xx_hal_rcc.o [1]
HAL_RTC_GetDate         0x08002a83   0x4a  Code  Gb  stm32f3xx_hal_rtc.o [1]
HAL_RTC_GetTime         0x08002a25   0x5e  Code  Gb  stm32f3xx_hal_rtc.o [1]
HAL_RTC_Init            0x08002979   0xac  Code  Gb  stm32f3xx_hal_rtc.o [1]
HAL_RTC_MspInit         0x08001acf   0x1c  Code  Gb  rtc.o [1]
HAL_SYSTICK_CLKSourceConfig
                        0x08000d69   0x20  Code  Gb  stm32f3xx_hal_cortex.o [1]
HAL_SYSTICK_Config      0x08000d61    0x8  Code  Gb  stm32f3xx_hal_cortex.o [1]
HAL_TIMEx_BreakCallback
                        0x080049f3    0x2  Code  Wk  stm32f3xx_hal_tim_ex.o [1]
HAL_TIMEx_CommutationCallback
                        0x080049f7    0x2  Code  Wk  stm32f3xx_hal_tim_ex.o [1]
HAL_TIMEx_MasterConfigSynchronization
                        0x08004059   0x5c  Code  Gb  stm32f3xx_hal_tim_ex.o [1]
HAL_TIM_Base_Init       0x080037dd   0x38  Code  Gb  stm32f3xx_hal_tim.o [1]
HAL_TIM_Base_MspInit    0x08001be1   0x58  Code  Gb  tim.o [1]
HAL_TIM_ConfigClockSource
                        0x08003b7f  0x11c  Code  Gb  stm32f3xx_hal_tim.o [1]
HAL_TIM_IC_CaptureCallback
                        0x08001c39   0xd6  Code  Gb  tim.o [1]
HAL_TIM_IC_CaptureCallback::array_counter
                        0x20000734    0x4  Data  Lc  tim.o [1]
HAL_TIM_IC_CaptureCallback::duty_array
                        0x200004a8   0xa0  Data  Lc  tim.o [1]
HAL_TIM_IC_CaptureCallback::duty_in_microseconds
                        0x20000724    0x4  Data  Lc  tim.o [1]
HAL_TIM_IC_CaptureCallback::falling_timer_value
                        0x20000728    0x4  Data  Lc  tim.o [1]
HAL_TIM_IC_CaptureCallback::preamble_counter
                        0x20000730    0x4  Data  Lc  tim.o [1]
HAL_TIM_IC_CaptureCallback::preamble_flag
                        0x2000072c    0x4  Data  Lc  tim.o [1]
HAL_TIM_IC_ConfigChannel
                        0x08003aab   0xd4  Code  Gb  stm32f3xx_hal_tim.o [1]
HAL_TIM_IC_Init         0x08003815   0x38  Code  Gb  stm32f3xx_hal_tim.o [1]
HAL_TIM_IC_MspInit      0x080049eb    0x2  Code  Wk  stm32f3xx_hal_tim.o [1]
HAL_TIM_IC_Start_IT     0x0800384d   0x68  Code  Gb  stm32f3xx_hal_tim.o [1]
HAL_TIM_IC_Stop_IT      0x080038b5   0x80  Code  Gb  stm32f3xx_hal_tim.o [1]
HAL_TIM_IRQHandler      0x08003935  0x176  Code  Gb  stm32f3xx_hal_tim.o [1]
HAL_TIM_OC_DelayElapsedCallback
                        0x080049ed    0x2  Code  Wk  stm32f3xx_hal_tim.o [1]
HAL_TIM_PWM_PulseFinishedCallback
                        0x080049ef    0x2  Code  Wk  stm32f3xx_hal_tim.o [1]
HAL_TIM_PeriodElapsedCallback
                        0x080049f1    0x2  Code  Wk  stm32f3xx_hal_tim.o [1]
HAL_TIM_ReadCapturedValue
                        0x08003ceb   0x48  Code  Gb  stm32f3xx_hal_tim.o [1]
HAL_TIM_SlaveConfigSynchronization
                        0x08003ca1   0x4a  Code  Gb  stm32f3xx_hal_tim.o [1]
HAL_TIM_TriggerCallback
                        0x080049f5    0x2  Code  Wk  stm32f3xx_hal_tim.o [1]
HAL_UARTEx_WakeupCallback
                        0x080049e7    0x2  Code  Wk  stm32f3xx_hal_uart_ex.o [1]
HAL_UART_ErrorCallback  0x080049e9    0x2  Code  Wk  stm32f3xx_hal_uart.o [1]
HAL_UART_IRQHandler     0x080030db  0x102  Code  Gb  stm32f3xx_hal_uart.o [1]
HAL_UART_Init           0x0800305d   0x7e  Code  Gb  stm32f3xx_hal_uart.o [1]
HAL_UART_MspInit        0x08001a29   0x56  Code  Gb  usart.o [1]
HAL_UART_RxCpltCallback
                        0x08000e71    0xa  Code  Gb  main.o [1]
HAL_UART_TxCpltCallback
                        0x08000e67    0xa  Code  Gb  main.o [1]
MX_CRC_Init             0x08001d35   0x48  Code  Gb  crc.o [1]
MX_GPIO_Init            0x08001819  0x1c0  Code  Gb  gpio.o [1]
MX_RTC_Init             0x08001a91   0x3e  Code  Gb  rtc.o [1]
MX_TIM1_Init            0x08001af9   0xe8  Code  Gb  tim.o [1]
MX_USART3_UART_Init     0x080019d9   0x50  Code  Gb  usart.o [1]
NVIC_EnableIRQ          0x08000c8b   0x14  Code  Lc  stm32f3xx_hal_cortex.o [1]
NVIC_EncodePriority     0x08000cc1   0x3e  Code  Lc  stm32f3xx_hal_cortex.o [1]
NVIC_GetPriorityGrouping
                        0x08000c81    0xa  Code  Lc  stm32f3xx_hal_cortex.o [1]
NVIC_SetPriority        0x08000c9f   0x22  Code  Lc  stm32f3xx_hal_cortex.o [1]
NVIC_SetPriorityGrouping
                        0x08000c65   0x1c  Code  Lc  stm32f3xx_hal_cortex.o [1]
PendSV_Handler          0x08004df5         Code  Gb  portasm.o [1]
RTC_Bcd2ToByte          0x08002b11   0x1a  Code  Gb  stm32f3xx_hal_rtc.o [1]
RTC_EnterInitMode       0x08002ad9   0x38  Code  Gb  stm32f3xx_hal_rtc.o [1]
RTC_TimeShow            0x08000e7b   0x30  Code  Gb  main.o [1]
Radio_data              0x08000dd1   0x96  Code  Gb  main.o [1]
Radio_data::data_array  0x20000408   0xa0  Data  Lc  main.o [1]
Region$$Table$$Base     0x08005068          --   Gb  - Linker created -
Region$$Table$$Limit    0x0800508c          --   Gb  - Linker created -
SVC_Handler             0x08004e4d         Code  Gb  portasm.o [1]
SysTick_Config          0x08000cff   0x2e  Code  Lc  stm32f3xx_hal_cortex.o [1]
SysTick_Handler         0x08004fd5    0xc  Code  Gb  stm32f3xx_it.o [1]
SystemClock_Config      0x08001721   0xa0  Code  Gb  main.o [1]
SystemCoreClock         0x20000000    0x4  Data  Gb  system_stm32f3xx.o [1]
SystemInit              0x08004e9d   0x70  Code  Gb  system_stm32f3xx.o [1]
TIM1_CC_IRQHandler      0x08004fe1    0xa  Code  Gb  stm32f3xx_it.o [1]
TIM_Base_SetConfig      0x08003d33   0xb4  Code  Gb  stm32f3xx_hal_tim.o [1]
TIM_CCxChannelCmd       0x0800403b   0x1e  Code  Gb  stm32f3xx_hal_tim.o [1]
TIM_ETR_SetConfig       0x08004023   0x18  Code  Gb  stm32f3xx_hal_tim.o [1]
TIM_ITRx_SetConfig      0x0800400f   0x14  Code  Lc  stm32f3xx_hal_tim.o [1]
TIM_SlaveTimer_SetConfig
                        0x08003de7   0x9a  Code  Lc  stm32f3xx_hal_tim.o [1]
TIM_TI1_ConfigInputStage
                        0x08003f11   0x28  Code  Lc  stm32f3xx_hal_tim.o [1]
TIM_TI1_SetConfig       0x08003e81   0x6c  Code  Gb  stm32f3xx_hal_tim.o [1]
TIM_TI2_ConfigInputStage
                        0x08003f73   0x2a  Code  Lc  stm32f3xx_hal_tim.o [1]
TIM_TI2_SetConfig       0x08003f39   0x3a  Code  Lc  stm32f3xx_hal_tim.o [1]
TIM_TI3_SetConfig       0x08003f9d   0x38  Code  Lc  stm32f3xx_hal_tim.o [1]
TIM_TI4_SetConfig       0x08003fd5   0x3a  Code  Lc  stm32f3xx_hal_tim.o [1]
UART_AdvFeatureConfig   0x0800349d   0xda  Code  Gb  stm32f3xx_hal_uart.o [1]
UART_CheckIdleState     0x08003577   0x5e  Code  Gb  stm32f3xx_hal_uart.o [1]
UART_EndTransmit_IT     0x0800372d   0x1c  Code  Gb  stm32f3xx_hal_uart.o [1]
UART_Receive_IT         0x08003749   0x94  Code  Gb  stm32f3xx_hal_uart.o [1]
UART_SetConfig          0x080031dd  0x2a2  Code  Gb  stm32f3xx_hal_uart.o [1]
UART_Transmit_IT        0x080036c1   0x6c  Code  Gb  stm32f3xx_hal_uart.o [1]
UART_WaitOnFlagUntilTimeout
                        0x080035d5   0xea  Code  Gb  stm32f3xx_hal_uart.o [1]
USART3_IRQHandler       0x08004feb    0xa  Code  Gb  stm32f3xx_it.o [1]
UartReady               0x20000738    0x1  Data  Gb  main.o [1]
__aeabi_cdcmpeq         0x0800420d         Code  Gb  DblCmpEq.o [4]
__aeabi_cdcmple         0x08004269         Code  Gb  DblCmpLe.o [4]
__aeabi_cdrcmple        0x08004239         Code  Gb  DblCmpGe.o [4]
__aeabi_d2iz            0x0800292d         Code  Gb  DblToI32.o [4]
__aeabi_dadd            0x08002845         Code  Gb  DblAdd.o [4]
__aeabi_ddiv            0x08004419         Code  Gb  DblDiv.o [4]
__aeabi_dmul            0x080026a1         Code  Gb  DblMul.o [4]
__aeabi_dsub            0x08004299         Code  Gb  DblSub.o [4]
__aeabi_errno_addr      0x0800422d    0x6  Code  Gb  errno.o [3]
__aeabi_i2d             0x08001db1         Code  Gb  I32ToDbl.o [4]
__aeabi_ui2d            0x08001dc5         Code  Gb  I32ToDbl.o [4]
__cmain                 0x0800508d         Code  Gb  cmain.o [5]
__exit                  0x080050bd   0x14  Code  Gb  exit.o [6]
__iar_Dint              0x0800418d   0x7e  Code  Gb  xdint.o [4]
__iar_Dnorm             0x08004149   0x44  Code  Gb  xdnorm.o [4]
__iar_Dscale            0x08004a99  0x114  Code  Gb  xdscale.o [4]
__iar_Dtest             0x08004a59   0x30  Code  Gb  xdtest.o [4]
__iar_Errno             0x20000004    0x4  Data  Gb  errno.o [3]
__iar_Exp               0x08004721  0x2be  Code  Gb  xexp.o [4]
__iar_Logpoly           0x08004671   0x76  Code  Gb  xlog.o [4]
__iar_copy_init3        0x08004fa9   0x2c  Code  Gb  copy_init3.o [5]
__iar_d2uiz             0x08002959         Code  Gb  DblToI32.o [4]
__iar_dadd              0x08002859         Code  Gb  DblAdd.o [4]
__iar_data_init3        0x0800501d   0x28  Code  Gb  data_init.o [5]
__iar_dlib_perthread_access
                        0x08004a57    0x2  Code  Gb  xtls.o [3]
__iar_dsub              0x080042ad         Code  Gb  DblSub.o [4]
__iar_dsubStart         0x080042bf         Code  Gb  DblSub.o [4]
__iar_init_vfp          0x08005045         Code  Gb  fpinit_M.o [4]
__iar_program_start     0x08005111         Code  Gb  cstartup_M.o [5]
__iar_ui2d              0x08001dc9         Code  Gb  I32ToDbl.o [4]
__iar_vfp_pow           0x08002261   0x18  Code  Gb  pow.o [4]
__iar_zero_init3        0x08004f35   0x40  Code  Gb  zero_init3.o [5]
__low_level_init        0x080050a7    0x4  Code  Gb  low_level_init.o [3]
__vector_table          0x08000000         Data  Gb  startup_stm32f303xc.o [1]
_call_main              0x08005099         Code  Gb  cmain.o [5]
_exit                   0x080050b1         Code  Gb  cexit.o [5]
_main                   0x080050a3         Code  Gb  cmain.o [5]
aPLLMULFactorTable      0x080050d0   0x10  Data  Gb  stm32f3xx_hal_rcc.o [1]
aPredivFactorTable      0x080050e0   0x10  Data  Gb  stm32f3xx_hal_rcc.o [1]
exit                    0x080050ab    0x4  Code  Gb  exit.o [3]
hcrc                    0x20000680   0x24  Data  Gb  crc.o [1]
hrtc                    0x200006a4   0x20  Data  Gb  main.o [1]
htim1                   0x20000644   0x3c  Data  Gb  tim.o [1]
huart3                  0x200005d4   0x70  Data  Gb  usart.o [1]
internal_Pow            0x08001de1  0x474  Code  Lc  pow.o [4]
lnbias                  0x08002280  0x420  Data  Lc  pow.o [4]
main                    0x08000da9   0x28  Code  Gb  main.o [1]
osSystickHandler        0x0800500d   0x10  Code  Gb  cmsis_os.o [1]
prvResetNextTaskUnblockTime
                        0x08004d4d   0x28  Code  Lc  tasks.o [1]
pxCurrentTCB            0x200006f8    0x4  Data  Gb  tasks.o [1]
pxDelayedTaskList       0x200006fc    0x4  Data  Lc  tasks.o [1]
pxOverflowDelayedTaskList
                        0x20000700    0x4  Data  Lc  tasks.o [1]
pxReadyTasksLists       0x20000548   0x8c  Data  Lc  tasks.o [1]
uwTick                  0x200006f4    0x4  Data  Gb  stm32f3xx_hal.o [1]
uxListRemove            0x08004dcd   0x26  Code  Gb  list.o [1]
uxPendedTicks           0x20000710    0x4  Data  Lc  tasks.o [1]
uxSchedulerSuspended    0x20000720    0x4  Data  Lc  tasks.o [1]
uxTopReadyPriority      0x20000708    0x4  Data  Lc  tasks.o [1]
vListInsertEnd          0x08004db5   0x18  Code  Gb  list.o [1]
vPortEnableVFP          0x08004e81         Code  Gb  portasm.o [1]
vPortStartFirstTask     0x08004e69         Code  Gb  portasm.o [1]
vTaskSwitchContext      0x08004cc9   0x6e  Code  Gb  tasks.o [1]
xNextTaskUnblockTime    0x2000071c    0x4  Data  Lc  tasks.o [1]
xNumOfOverflows         0x20000718    0x4  Data  Lc  tasks.o [1]
xPortSysTickHandler     0x08004f75   0x2c  Code  Gb  port.o [1]
xSchedulerRunning       0x2000070c    0x4  Data  Lc  tasks.o [1]
xTaskGetSchedulerState  0x08004d75   0x20  Code  Gb  tasks.o [1]
xTaskIncrementTick      0x08004bad  0x11c  Code  Gb  tasks.o [1]
xTickCount              0x20000704    0x4  Data  Lc  tasks.o [1]
xYieldPending           0x20000714    0x4  Data  Lc  tasks.o [1]


[1] = C:\-=Skola=-\Inbyggda System\Projekt labb\KULUR\Test\Debug\Obj
[2] = command line
[3] = dl7M_tlf.a
[4] = m7M_tls.a
[5] = rt7M_tl.a
[6] = shb_l.a

  20 958 bytes of readonly  code memory
     102 bytes of readonly  data memory
   1 849 bytes of readwrite data memory

Errors: none
Warnings: none
