###############################################################################
#
# IAR ELF Linker V7.80.3.12102/W32 for ARM                22/Feb/2017  10:33:46
# Copyright 2007-2016 IAR Systems AB.
#
#    Output file  =  
#        C:\-=Skola=-\Inbyggda System\Projekt
#        labb\KULUR\Test\Debug\Exe\Test.out
#    Map file     =  
#        C:\-=Skola=-\Inbyggda System\Projekt
#        labb\KULUR\Test\Debug\List\Test.map
#    Command line =  
#        "C:\-=Skola=-\Inbyggda System\Projekt
#        labb\KULUR\Test\Debug\Obj\cmsis_os.o" "C:\-=Skola=-\Inbyggda
#        System\Projekt labb\KULUR\Test\Debug\Obj\crc.o" "C:\-=Skola=-\Inbyggda
#        System\Projekt labb\KULUR\Test\Debug\Obj\croutine.o"
#        "C:\-=Skola=-\Inbyggda System\Projekt
#        labb\KULUR\Test\Debug\Obj\event_groups.o" "C:\-=Skola=-\Inbyggda
#        System\Projekt labb\KULUR\Test\Debug\Obj\freertos.o"
#        "C:\-=Skola=-\Inbyggda System\Projekt
#        labb\KULUR\Test\Debug\Obj\gpio.o" "C:\-=Skola=-\Inbyggda
#        System\Projekt labb\KULUR\Test\Debug\Obj\heap_4.o"
#        "C:\-=Skola=-\Inbyggda System\Projekt
#        labb\KULUR\Test\Debug\Obj\list.o" "C:\-=Skola=-\Inbyggda
#        System\Projekt labb\KULUR\Test\Debug\Obj\main.o"
#        "C:\-=Skola=-\Inbyggda System\Projekt
#        labb\KULUR\Test\Debug\Obj\port.o" "C:\-=Skola=-\Inbyggda
#        System\Projekt labb\KULUR\Test\Debug\Obj\portasm.o"
#        "C:\-=Skola=-\Inbyggda System\Projekt
#        labb\KULUR\Test\Debug\Obj\queue.o" "C:\-=Skola=-\Inbyggda
#        System\Projekt labb\KULUR\Test\Debug\Obj\rtc.o" "C:\-=Skola=-\Inbyggda
#        System\Projekt labb\KULUR\Test\Debug\Obj\startup_stm32f303xc.o"
#        "C:\-=Skola=-\Inbyggda System\Projekt
#        labb\KULUR\Test\Debug\Obj\stm32f3xx_hal.o" "C:\-=Skola=-\Inbyggda
#        System\Projekt labb\KULUR\Test\Debug\Obj\stm32f3xx_hal_cortex.o"
#        "C:\-=Skola=-\Inbyggda System\Projekt
#        labb\KULUR\Test\Debug\Obj\stm32f3xx_hal_crc.o" "C:\-=Skola=-\Inbyggda
#        System\Projekt labb\KULUR\Test\Debug\Obj\stm32f3xx_hal_crc_ex.o"
#        "C:\-=Skola=-\Inbyggda System\Projekt
#        labb\KULUR\Test\Debug\Obj\stm32f3xx_hal_dma.o" "C:\-=Skola=-\Inbyggda
#        System\Projekt labb\KULUR\Test\Debug\Obj\stm32f3xx_hal_flash.o"
#        "C:\-=Skola=-\Inbyggda System\Projekt
#        labb\KULUR\Test\Debug\Obj\stm32f3xx_hal_flash_ex.o"
#        "C:\-=Skola=-\Inbyggda System\Projekt
#        labb\KULUR\Test\Debug\Obj\stm32f3xx_hal_gpio.o" "C:\-=Skola=-\Inbyggda
#        System\Projekt labb\KULUR\Test\Debug\Obj\stm32f3xx_hal_i2c.o"
#        "C:\-=Skola=-\Inbyggda System\Projekt
#        labb\KULUR\Test\Debug\Obj\stm32f3xx_hal_i2c_ex.o"
#        "C:\-=Skola=-\Inbyggda System\Projekt
#        labb\KULUR\Test\Debug\Obj\stm32f3xx_hal_msp.o" "C:\-=Skola=-\Inbyggda
#        System\Projekt labb\KULUR\Test\Debug\Obj\stm32f3xx_hal_pwr.o"
#        "C:\-=Skola=-\Inbyggda System\Projekt
#        labb\KULUR\Test\Debug\Obj\stm32f3xx_hal_pwr_ex.o"
#        "C:\-=Skola=-\Inbyggda System\Projekt
#        labb\KULUR\Test\Debug\Obj\stm32f3xx_hal_rcc.o" "C:\-=Skola=-\Inbyggda
#        System\Projekt labb\KULUR\Test\Debug\Obj\stm32f3xx_hal_rcc_ex.o"
#        "C:\-=Skola=-\Inbyggda System\Projekt
#        labb\KULUR\Test\Debug\Obj\stm32f3xx_hal_rtc.o" "C:\-=Skola=-\Inbyggda
#        System\Projekt labb\KULUR\Test\Debug\Obj\stm32f3xx_hal_rtc_ex.o"
#        "C:\-=Skola=-\Inbyggda System\Projekt
#        labb\KULUR\Test\Debug\Obj\stm32f3xx_hal_tim.o" "C:\-=Skola=-\Inbyggda
#        System\Projekt labb\KULUR\Test\Debug\Obj\stm32f3xx_hal_tim_ex.o"
#        "C:\-=Skola=-\Inbyggda System\Projekt
#        labb\KULUR\Test\Debug\Obj\stm32f3xx_hal_uart.o" "C:\-=Skola=-\Inbyggda
#        System\Projekt labb\KULUR\Test\Debug\Obj\stm32f3xx_hal_uart_ex.o"
#        "C:\-=Skola=-\Inbyggda System\Projekt
#        labb\KULUR\Test\Debug\Obj\stm32f3xx_it.o" "C:\-=Skola=-\Inbyggda
#        System\Projekt labb\KULUR\Test\Debug\Obj\system_stm32f3xx.o"
#        "C:\-=Skola=-\Inbyggda System\Projekt
#        labb\KULUR\Test\Debug\Obj\tasks.o" "C:\-=Skola=-\Inbyggda
#        System\Projekt labb\KULUR\Test\Debug\Obj\tim.o" "C:\-=Skola=-\Inbyggda
#        System\Projekt labb\KULUR\Test\Debug\Obj\timers.o"
#        "C:\-=Skola=-\Inbyggda System\Projekt
#        labb\KULUR\Test\Debug\Obj\usart.o" -o "C:\-=Skola=-\Inbyggda
#        System\Projekt labb\KULUR\Test\Debug\Exe\Test.out" --map
#        "C:\-=Skola=-\Inbyggda System\Projekt
#        labb\KULUR\Test\Debug\List\Test.map" --config "C:\-=Skola=-\Inbyggda
#        System\Projekt labb\KULUR\Test/stm32f303xc_flash.icf" --semihosting
#        --entry __iar_program_start --vfe
#
###############################################################################

*******************************************************************************
*** RUNTIME MODEL ATTRIBUTES
***

CppFlavor                     = *
__Heap_Handler                = Basic
__SystemLibrary               = DLib
__dlib_dynamic_initialization = normal


*******************************************************************************
*** PLACEMENT SUMMARY
***

"A0":  place at 0x08000000 { ro section .intvec };
"P1":  place in [from 0x08000000 to 0x0803ffff] { ro };
"P2":  place in [from 0x20000000 to 0x20009fff] { rw, block CSTACK, block HEAP };
initialize by copy { rw };

  Section             Kind        Address    Size  Object
  -------             ----        -------    ----  ------
"A0":                                       0x188
  .intvec             ro code  0x08000000   0x188  startup_stm32f303xc.o [1]
                             - 0x08000188   0x188

"P1":                                      0x4bc4
  .text               ro code  0x08000188   0x8c0  pow.o [4]
  .text               ro code  0x08000a48    0x44  xdnorm.o [4]
  .text               ro code  0x08000a8c    0x7e  xdint.o [4]
  .text               ro code  0x08000b0c    0x20  DblCmpEq.o [4]
  .text               ro code  0x08000b2c     0xc  errno.o [3]
  .text               ro code  0x08000b38    0x2e  DblCmpGe.o [4]
  .text               ro code  0x08000b68    0x2e  DblCmpLe.o [4]
  .text               ro code  0x08000b98   0x1a2  DblMul.o [4]
  .text               ro code  0x08000d3c    0xe8  DblAdd.o [4]
  .text               ro code  0x08000e24    0x4c  DblToI32.o [4]
  .text               ro code  0x08000e70    0x30  I32ToDbl.o [4]
  .text               ro code  0x08000ea0   0x180  DblSub.o [4]
  .text               ro code  0x08001020   0x256  DblDiv.o [4]
  .text               ro code  0x08001278    0xb0  xlog.o [4]
  .text               ro code  0x08001328   0x2c6  xexp.o [4]
  .text               ro code  0x080015ee     0x2  xtls.o [3]
  .text               ro code  0x080015f0    0x40  xdtest.o [4]
  .text               ro code  0x08001630   0x114  xdscale.o [4]
  .text               ro code  0x08001744   0x70e  stm32f3xx_hal_tim.o [1]
  .text               ro code  0x08001e54   0x1ac  tim.o [1]
  .text               ro code  0x08002000     0x2  stm32f3xx_hal_tim.o [1]
  .text               ro code  0x08002002     0x2  stm32f3xx_hal_tim.o [1]
  .text               ro code  0x08002004     0x2  stm32f3xx_hal_tim.o [1]
  .text               ro code  0x08002006     0x2  stm32f3xx_hal_tim.o [1]
  .text               ro code  0x08002008     0x2  stm32f3xx_hal_tim_ex.o [1]
  .text               ro code  0x0800200a     0x2  stm32f3xx_hal_tim.o [1]
  .text               ro code  0x0800200c     0x2  stm32f3xx_hal_tim_ex.o [1]
  .text               ro code  0x08002010   0x2e0  main.o [1]
  .text               ro code  0x080022f0    0x58  stm32f3xx_hal_tim_ex.o [1]
  .text               ro code  0x08002348   0x188  stm32f3xx_hal_gpio.o [1]
  .text               ro code  0x080024d0   0x104  stm32f3xx_hal_cortex.o [1]
  .text               ro code  0x080025d4    0x24  stm32f3xx_hal.o [1]
  .text               ro code  0x080025f8   0x198  gpio.o [1]
  .text               ro code  0x08002790    0x9c  usart.o [1]
  .text               ro code  0x0800282c    0x4c  rtc.o [1]
  .text               ro code  0x08002878    0x64  crc.o [1]
  .text               ro code  0x080028dc    0x18  stm32f3xx_hal.o [1]
  .text               ro code  0x080028f4   0x184  stm32f3xx_hal_crc.o [1]
  .text               ro code  0x08002a78    0x24  printf.o [3]
  .text               ro code  0x08002a9c   0x53c  stm32f3xx_hal_rcc.o [1]
  .text               ro code  0x08002fd8   0x1bc  stm32f3xx_hal_rcc_ex.o [1]
  .text               ro code  0x08003194    0x28  stm32f3xx_hal.o [1]
  .text               ro code  0x080031bc    0x78  stm32f3xx_hal_msp.o [1]
  .text               ro code  0x08003234   0x666  stm32f3xx_hal_uart.o [1]
  .text               ro code  0x0800389c    0xd4  stm32f3xx_hal_rtc.o [1]
  .text               ro code  0x08003970     0xc  stm32f3xx_hal.o [1]
  .text               ro code  0x0800397c    0x4a  stm32f3xx_hal_crc_ex.o [1]
  .text               ro code  0x080039c8   0x4d8  xprintfsmall_nomb.o [3]
  .text               ro code  0x08003ea0     0x2  stm32f3xx_hal_uart_ex.o [1]
  .text               ro code  0x08003ea2     0x2  stm32f3xx_hal_uart.o [1]
  .text               ro code  0x08003ea4    0x16  strchr.o [5]
  .text               ro code  0x08003ebc    0x36  strlen.o [5]
  .text               ro code  0x08003ef4    0x58  memchr.o [5]
  .text               ro code  0x08003f4c   0x178  tasks.o [1]
  .text               ro code  0x080040c4    0x3c  list.o [1]
  .text               ro code  0x08004100    0xd6  xfspos.o [3]
  .text               ro code  0x080041d8    0xb0  fflush.o [3]
  .text               ro code  0x08004288     0xc  xfgpos.o [3]
  .text               ro code  0x08004294    0x4c  lseek.o [6]
  .text               ro code  0x080042e0     0x4  xsyslock_nop.o [3]
  .text               ro code  0x080042e4    0x10  write.o [6]
  .text               ro code  0x080042f4    0xcc  XShHandles.o [3]
  .text               ro code  0x080043c0    0x1e  dwrite.o [6]
  .text               ro code  0x080043de    0x20  iarwstd.o [6]
  .text               ro code  0x080043fe    0x22  iarwrite.o [6]
  .text               ro code  0x08004420    0x6c  iarttio.o [6]
  .text               ro code  0x0800448c     0x8  XShttio.o [3]
  .text               ro code  0x08004494    0xb8  xfwprep.o [3]
  .text               ro code  0x0800454c    0xb0  xxmemxmalloc.o [3]
  .text               ro code  0x080045fc    0x22  fseek.o [3]
  .text               ro code  0x08004620    0x80  xxmemxfree.o [3]
  .text               ro code  0x080046a0    0x2c  xgetmemchunk.o [3]
  CODE                ro code  0x080046cc    0xa8  portasm.o [1]
  .text               ro code  0x08004774    0x80  xfofind.o [3]
  .text               ro code  0x080047f4    0x7c  system_stm32f3xx.o [1]
  .text               ro code  0x08004870    0x7a  fclose.o [3]
  .text               ro code  0x080048ea    0x1a  close.o [6]
  .text               ro code  0x08004904    0x16  remove.o [6]
  .text               ro code  0x0800491c    0x58  xcloseall.o [3]
  .text               ro code  0x08004974    0x56  fputc.o [3]
  .text               ro code  0x080049ca    0x40  zero_init3.o [5]
  .text               ro code  0x08004a0a    0x38  packbits_init_single.o [5]
  .text               ro code  0x08004a44    0x2c  port.o [1]
  .text               ro code  0x08004a70    0x28  data_init.o [5]
  .text               ro code  0x08004a98    0x24  stm32f3xx_it.o [1]
  .text               ro code  0x08004abc    0x10  stm32f3xx_hal.o [1]
  .text               ro code  0x08004acc    0x14  cmsis_os.o [1]
  .text               ro code  0x08004ae0    0x22  fpinit_M.o [4]
  .iar.init_table     const    0x08004b04    0x20  - Linker created -
  .text               ro code  0x08004b24    0x1a  cmain.o [5]
  .text               ro code  0x08004b3e     0x4  low_level_init.o [3]
  .text               ro code  0x08004b42     0x4  exit.o [3]
  .text               ro code  0x08004b48     0xe  cexit.o [5]
  .text               ro code  0x08004b58    0x14  exit.o [6]
  .text               ro code  0x08004b6c    0x16  xprout.o [3]
  .text               ro code  0x08004b84     0xc  putchar.o [3]
  .text               ro code  0x08004b90    0x10  startup_stm32f303xc.o [1]
  .text               ro code  0x08004ba0     0xc  cstartup_M.o [5]
  .rodata             const    0x08004bac     0x8  system_stm32f3xx.o [1]
  .text               ro code  0x08004bb4     0x4  startup_stm32f303xc.o [1]
  .text               ro code  0x08004bb8     0x4  startup_stm32f303xc.o [1]
  .text               ro code  0x08004bbc     0x4  startup_stm32f303xc.o [1]
  .text               ro code  0x08004bc0     0x4  startup_stm32f303xc.o [1]
  .text               ro code  0x08004bc4     0x4  startup_stm32f303xc.o [1]
  .text               ro code  0x08004bc8     0x4  startup_stm32f303xc.o [1]
  .text               ro code  0x08004bcc     0x4  startup_stm32f303xc.o [1]
  .text               ro code  0x08004bd0     0x4  startup_stm32f303xc.o [1]
  .text               ro code  0x08004bd4     0x4  startup_stm32f303xc.o [1]
  .text               ro code  0x08004bd8     0x4  startup_stm32f303xc.o [1]
  .text               ro code  0x08004bdc     0x4  startup_stm32f303xc.o [1]
  .text               ro code  0x08004be0     0x4  startup_stm32f303xc.o [1]
  .text               ro code  0x08004be4     0x4  startup_stm32f303xc.o [1]
  .text               ro code  0x08004be8     0x4  startup_stm32f303xc.o [1]
  .text               ro code  0x08004bec     0x4  startup_stm32f303xc.o [1]
  .text               ro code  0x08004bf0     0x4  startup_stm32f303xc.o [1]
  .text               ro code  0x08004bf4     0x4  startup_stm32f303xc.o [1]
  .text               ro code  0x08004bf8     0x4  startup_stm32f303xc.o [1]
  .text               ro code  0x08004bfc     0x4  startup_stm32f303xc.o [1]
  .text               ro code  0x08004c00     0x4  startup_stm32f303xc.o [1]
  .text               ro code  0x08004c04     0x4  startup_stm32f303xc.o [1]
  .text               ro code  0x08004c08     0x4  startup_stm32f303xc.o [1]
  .text               ro code  0x08004c0c     0x4  startup_stm32f303xc.o [1]
  .text               ro code  0x08004c10     0x4  startup_stm32f303xc.o [1]
  .text               ro code  0x08004c14     0x4  startup_stm32f303xc.o [1]
  .text               ro code  0x08004c18     0x4  startup_stm32f303xc.o [1]
  .text               ro code  0x08004c1c     0x4  startup_stm32f303xc.o [1]
  .text               ro code  0x08004c20     0x4  startup_stm32f303xc.o [1]
  .text               ro code  0x08004c24     0x4  startup_stm32f303xc.o [1]
  .text               ro code  0x08004c28     0x4  startup_stm32f303xc.o [1]
  .text               ro code  0x08004c2c     0x4  startup_stm32f303xc.o [1]
  .text               ro code  0x08004c30     0x4  startup_stm32f303xc.o [1]
  .text               ro code  0x08004c34     0x4  startup_stm32f303xc.o [1]
  .text               ro code  0x08004c38     0x4  startup_stm32f303xc.o [1]
  .text               ro code  0x08004c3c     0x4  startup_stm32f303xc.o [1]
  .text               ro code  0x08004c40     0x4  startup_stm32f303xc.o [1]
  .text               ro code  0x08004c44     0x4  startup_stm32f303xc.o [1]
  .text               ro code  0x08004c48     0x4  startup_stm32f303xc.o [1]
  .text               ro code  0x08004c4c     0x4  startup_stm32f303xc.o [1]
  .text               ro code  0x08004c50     0x4  startup_stm32f303xc.o [1]
  .text               ro code  0x08004c54     0x4  startup_stm32f303xc.o [1]
  .text               ro code  0x08004c58     0x4  startup_stm32f303xc.o [1]
  .text               ro code  0x08004c5c     0x4  startup_stm32f303xc.o [1]
  .text               ro code  0x08004c60     0x4  startup_stm32f303xc.o [1]
  .text               ro code  0x08004c64     0x4  startup_stm32f303xc.o [1]
  .text               ro code  0x08004c68     0x4  startup_stm32f303xc.o [1]
  .text               ro code  0x08004c6c     0x4  startup_stm32f303xc.o [1]
  .text               ro code  0x08004c70     0x4  startup_stm32f303xc.o [1]
  .text               ro code  0x08004c74     0x4  startup_stm32f303xc.o [1]
  .text               ro code  0x08004c78     0x4  startup_stm32f303xc.o [1]
  .text               ro code  0x08004c7c     0x4  startup_stm32f303xc.o [1]
  .text               ro code  0x08004c80     0x4  startup_stm32f303xc.o [1]
  .text               ro code  0x08004c84     0x4  startup_stm32f303xc.o [1]
  .text               ro code  0x08004c88     0x4  startup_stm32f303xc.o [1]
  .text               ro code  0x08004c8c     0x4  startup_stm32f303xc.o [1]
  .text               ro code  0x08004c90     0x4  startup_stm32f303xc.o [1]
  .text               ro code  0x08004c94     0x4  startup_stm32f303xc.o [1]
  .text               ro code  0x08004c98     0x4  startup_stm32f303xc.o [1]
  .text               ro code  0x08004c9c     0x4  startup_stm32f303xc.o [1]
  .text               ro code  0x08004ca0     0x4  startup_stm32f303xc.o [1]
  .text               ro code  0x08004ca4     0x4  startup_stm32f303xc.o [1]
  .text               ro code  0x08004ca8     0x4  startup_stm32f303xc.o [1]
  .text               ro code  0x08004cac     0x4  startup_stm32f303xc.o [1]
  .text               ro code  0x08004cb0     0x4  startup_stm32f303xc.o [1]
  .text               ro code  0x08004cb4     0x4  startup_stm32f303xc.o [1]
  .text               ro code  0x08004cb8     0x4  startup_stm32f303xc.o [1]
  .text               ro code  0x08004cbc     0x4  startup_stm32f303xc.o [1]
  .text               ro code  0x08004cc0     0x4  startup_stm32f303xc.o [1]
  .text               ro code  0x08004cc4     0x4  startup_stm32f303xc.o [1]
  .text               ro code  0x08004cc8     0x4  startup_stm32f303xc.o [1]
  .text               ro code  0x08004ccc     0x0  cstart_closeall.o [5]
  .rodata             const    0x08004ccc     0x0  zero_init3.o [5]
  .rodata             const    0x08004ccc     0x0  packbits_init_single.o [5]
  Initializer bytes   const    0x08004ccc    0x80  <for P2-1>
                             - 0x08004d4c  0x4bc4

"P2", part 1 of 3:                           0xf0
  P2-1                         0x20000000    0xf0  <Init block>
    .data             inited   0x20000000     0x4  system_stm32f3xx.o [1]
    .data             inited   0x20000004    0x40  xfiles.o [3]
    .data             inited   0x20000044    0x40  xfiles.o [3]
    .data             inited   0x20000084    0x40  xfiles.o [3]
    .data             inited   0x200000c4    0x20  xfiles.o [3]
    .data             inited   0x200000e4     0x8  XShttio.o [3]
    __DLIB_PERTHREAD  inited   0x200000ec     0x4  errno.o [3]
                             - 0x200000f0    0xf0

"P2", part 2 of 3:                          0x600
  CSTACK                       0x200000f0   0x400  <Block>
    CSTACK            uninit   0x200000f0   0x400  <Block tail>
  HEAP                         0x200004f0   0x200  <Block>
    HEAP              uninit   0x200004f0   0x200  <Block tail>
                             - 0x200006f0   0x600

"P2", part 3 of 3:                          0x4a0
  .bss                zero     0x200006f0    0xb4  tim.o [1]
  .bss                zero     0x200007a4    0xa0  main.o [1]
  .bss                zero     0x20000844    0x9c  tasks.o [1]
  .bss                zero     0x200008e0    0x8c  tasks.o [1]
  .bss                zero     0x2000096c    0x80  XShHandles.o [3]
  .bss                zero     0x200009ec    0x70  usart.o [1]
  .bss                zero     0x20000a5c    0x50  xfiles.o [3]
  .bss                zero     0x20000aac    0x50  xfiles.o [3]
  .bss                zero     0x20000afc    0x3c  tim.o [1]
  .bss                zero     0x20000b38    0x24  crc.o [1]
  .bss                zero     0x20000b5c    0x20  main.o [1]
  .bss                zero     0x20000b7c     0x8  xxmemxmalloc.o [3]
  .bss                zero     0x20000b84     0x4  stm32f3xx_hal.o [1]
  .bss                zero     0x20000b88     0x4  xgetmemchunk.o [3]
  .bss                zero     0x20000b8c     0x1  main.o [1]
                             - 0x20000b8d   0x49d


*******************************************************************************
*** INIT TABLE
***

          Address     Size
          -------     ----
Zero (__iar_zero_init3)
    1 destination range, total size 0x49d:
          0x200006f0  0x49d

Copy/packbits (__iar_packbits_init_single3)
    1 source range, total size 0x80 (53% of destination):
          0x08004ccc   0x80
    1 destination range, total size 0xf0:
          0x20000000   0xf0



*******************************************************************************
*** MODULE SUMMARY
***

    Module                   ro code  ro data  rw data
    ------                   -------  -------  -------
C:\-=Skola=-\Inbyggda System\Projekt labb\KULUR\Test\Debug\Obj: [1]
    cmsis_os.o                    20
    crc.o                        100                36
    gpio.o                       408
    list.o                        60
    main.o                       736               193
    port.o                        44
    portasm.o                    168
    rtc.o                         76
    startup_stm32f303xc.o        688
    stm32f3xx_hal.o              128                 4
    stm32f3xx_hal_cortex.o       260
    stm32f3xx_hal_crc.o          388
    stm32f3xx_hal_crc_ex.o        74
    stm32f3xx_hal_gpio.o         392
    stm32f3xx_hal_msp.o          120
    stm32f3xx_hal_rcc.o        1 340
    stm32f3xx_hal_rcc_ex.o       444
    stm32f3xx_hal_rtc.o          212
    stm32f3xx_hal_tim.o        1 816
    stm32f3xx_hal_tim_ex.o        92
    stm32f3xx_hal_uart.o       1 640
    stm32f3xx_hal_uart_ex.o        2
    stm32f3xx_it.o                36
    system_stm32f3xx.o           124       10        4
    tasks.o                      376               296
    tim.o                        428               240
    usart.o                      156               112
    --------------------------------------------------
    Total:                    10 328       10      885

command line: [2]
    --------------------------------------------------
    Total:

dl7M_tlf.a: [3]
    XShHandles.o                 204               128
    XShttio.o                      8        4        8
    errno.o                       12        3        4
    exit.o                         4
    fclose.o                     122
    fflush.o                     176
    fputc.o                       86
    fseek.o                       34
    low_level_init.o               4
    printf.o                      36
    putchar.o                     12
    xcloseall.o                   88
    xfgpos.o                      12
    xfiles.o                              119      384
    xfofind.o                    128
    xfspos.o                     214
    xfwprep.o                    184
    xgetmemchunk.o                44                 4
    xprintfsmall_nomb.o        1 240
    xprout.o                      22
    xsyslock_nop.o                 4
    xtls.o                         2
    xxmemxfree.o                 128
    xxmemxmalloc.o               176                 8
    --------------------------------------------------
    Total:                     2 940      126      536

m7M_tls.a: [4]
    DblAdd.o                     232
    DblCmpEq.o                    32
    DblCmpGe.o                    46
    DblCmpLe.o                    46
    DblDiv.o                     598
    DblMul.o                     418
    DblSub.o                     384
    DblToI32.o                    76
    I32ToDbl.o                    48
    fpinit_M.o                    34
    pow.o                      2 240
    xdint.o                      126
    xdnorm.o                      68
    xdscale.o                    276
    xdtest.o                      64
    xexp.o                       710
    xlog.o                       176
    --------------------------------------------------
    Total:                     5 574

rt7M_tl.a: [5]
    cexit.o                       14
    cmain.o                       26
    cstart_closeall.o
    cstartup_M.o                  12
    data_init.o                   40
    memchr.o                      88
    packbits_init_single.o        56
    strchr.o                      22
    strlen.o                      54
    zero_init3.o                  64
    --------------------------------------------------
    Total:                       376

shb_l.a: [6]
    close.o                       26
    dwrite.o                      30
    exit.o                        20
    iarttio.o                    108
    iarwrite.o                    34
    iarwstd.o                     32
    lseek.o                       76
    remove.o                      22
    write.o                       16
    --------------------------------------------------
    Total:                       364

    Gaps                          36        2
    Linker created                         32    1 536
------------------------------------------------------
    Grand Total:              19 618      170    2 957


*******************************************************************************
*** ENTRY LIST
***

Entry                      Address   Size  Type      Object
-----                      -------   ----  ----      ------
.iar.init_table$$Base   0x08004b04          --   Gb  - Linker created -
.iar.init_table$$Limit  0x08004b24          --   Gb  - Linker created -
?main                   0x08004b25         Code  Gb  cmain.o [5]
AHBPrescTable           0x08004860   0x10  Data  Gb  system_stm32f3xx.o [1]
APBPrescTable           0x08004bac    0x8  Data  Gb  system_stm32f3xx.o [1]
CRC_Handle_16           0x08002a45   0x34  Code  Lc  stm32f3xx_hal_crc.o [1]
CRC_Handle_8            0x080029d3   0x72  Code  Lc  stm32f3xx_hal_crc.o [1]
CSTACK$$Base            0x200000f0          --   Gb  - Linker created -
CSTACK$$Limit           0x200004f0          --   Gb  - Linker created -
Error_Handler           0x080022d1    0x2  Code  Gb  main.o [1]
HAL_CRCEx_Polynomial_Set
                        0x0800397d   0x4a  Code  Gb  stm32f3xx_hal_crc_ex.o [1]
HAL_CRC_Calculate       0x08002975   0x5e  Code  Gb  stm32f3xx_hal_crc.o [1]
HAL_CRC_Init            0x080028f5   0x7a  Code  Gb  stm32f3xx_hal_crc.o [1]
HAL_CRC_MspInit         0x080028ad   0x22  Code  Gb  crc.o [1]
HAL_Delay               0x080028dd   0x18  Code  Wk  stm32f3xx_hal.o [1]
HAL_GPIO_Init           0x08002349  0x15e  Code  Gb  stm32f3xx_hal_gpio.o [1]
HAL_GPIO_WritePin       0x080024a7    0xc  Code  Gb  stm32f3xx_hal_gpio.o [1]
HAL_GetTick             0x08003971    0xc  Code  Wk  stm32f3xx_hal.o [1]
HAL_IncTick             0x08004abd   0x10  Code  Wk  stm32f3xx_hal.o [1]
HAL_Init                0x080025d5   0x20  Code  Gb  stm32f3xx_hal.o [1]
HAL_InitTick            0x08003195   0x28  Code  Wk  stm32f3xx_hal.o [1]
HAL_MspInit             0x080031bd   0x78  Code  Gb  stm32f3xx_hal_msp.o [1]
HAL_NVIC_EnableIRQ      0x0800259f    0x2  Code  Gb  stm32f3xx_hal_cortex.o [1]
HAL_NVIC_SetPriority    0x08002581   0x1e  Code  Gb  stm32f3xx_hal_cortex.o [1]
HAL_NVIC_SetPriorityGrouping
                        0x0800257f    0x2  Code  Gb  stm32f3xx_hal_cortex.o [1]
HAL_RCCEx_PeriphCLKConfig
                        0x08002fd9  0x1b0  Code  Gb  stm32f3xx_hal_rcc_ex.o [1]
HAL_RCC_ClockConfig     0x08002ddd  0x142  Code  Gb  stm32f3xx_hal_rcc.o [1]
HAL_RCC_GetHCLKFreq     0x08002f59    0x6  Code  Gb  stm32f3xx_hal_rcc.o [1]
HAL_RCC_GetPCLK1Freq    0x08002f5f   0x16  Code  Gb  stm32f3xx_hal_rcc.o [1]
HAL_RCC_GetPCLK2Freq    0x08002f75   0x16  Code  Gb  stm32f3xx_hal_rcc.o [1]
HAL_RCC_GetSysClockFreq
                        0x08002f1f   0x3a  Code  Gb  stm32f3xx_hal_rcc.o [1]
HAL_RCC_OscConfig       0x08002a9d  0x340  Code  Gb  stm32f3xx_hal_rcc.o [1]
HAL_RTC_Init            0x0800389d   0x9a  Code  Gb  stm32f3xx_hal_rtc.o [1]
HAL_RTC_MspInit         0x0800285d   0x10  Code  Gb  rtc.o [1]
HAL_SYSTICK_CLKSourceConfig
                        0x080025a3   0x18  Code  Gb  stm32f3xx_hal_cortex.o [1]
HAL_SYSTICK_Config      0x080025a1    0x2  Code  Gb  stm32f3xx_hal_cortex.o [1]
HAL_TIMEx_BreakCallback
                        0x08002009    0x2  Code  Wk  stm32f3xx_hal_tim_ex.o [1]
HAL_TIMEx_CommutationCallback
                        0x0800200d    0x2  Code  Wk  stm32f3xx_hal_tim_ex.o [1]
HAL_TIMEx_MasterConfigSynchronization
                        0x080022f1   0x50  Code  Gb  stm32f3xx_hal_tim_ex.o [1]
HAL_TIM_Base_Init       0x08001745   0x32  Code  Gb  stm32f3xx_hal_tim.o [1]
HAL_TIM_Base_MspInit    0x08001f27   0x54  Code  Gb  tim.o [1]
HAL_TIM_ConfigClockSource
                        0x080019ff  0x104  Code  Gb  stm32f3xx_hal_tim.o [1]
HAL_TIM_IC_CaptureCallback
                        0x08001f7b   0x74  Code  Gb  tim.o [1]
HAL_TIM_IC_CaptureCallback::array_counter
                        0x200007a0    0x4  Data  Lc  tim.o [1]
HAL_TIM_IC_CaptureCallback::duty_array
                        0x200006f8   0xa0  Data  Lc  tim.o [1]
HAL_TIM_IC_CaptureCallback::duty_in_microseconds
                        0x200006f0    0x4  Data  Lc  tim.o [1]
HAL_TIM_IC_CaptureCallback::falling_timer_value
                        0x200006f4    0x4  Data  Lc  tim.o [1]
HAL_TIM_IC_CaptureCallback::preamble_counter
                        0x2000079c    0x4  Data  Lc  tim.o [1]
HAL_TIM_IC_CaptureCallback::preamble_flag
                        0x20000798    0x4  Data  Lc  tim.o [1]
HAL_TIM_IC_ConfigChannel
                        0x08001955   0xaa  Code  Gb  stm32f3xx_hal_tim.o [1]
HAL_TIM_IC_Init         0x08001777   0x32  Code  Gb  stm32f3xx_hal_tim.o [1]
HAL_TIM_IC_MspInit      0x08002001    0x2  Code  Wk  stm32f3xx_hal_tim.o [1]
HAL_TIM_IC_Start_IT     0x080017a9   0x5a  Code  Gb  stm32f3xx_hal_tim.o [1]
HAL_TIM_IRQHandler      0x08001803  0x152  Code  Gb  stm32f3xx_hal_tim.o [1]
HAL_TIM_OC_DelayElapsedCallback
                        0x08002003    0x2  Code  Wk  stm32f3xx_hal_tim.o [1]
HAL_TIM_PWM_PulseFinishedCallback
                        0x08002005    0x2  Code  Wk  stm32f3xx_hal_tim.o [1]
HAL_TIM_PeriodElapsedCallback
                        0x08002007    0x2  Code  Wk  stm32f3xx_hal_tim.o [1]
HAL_TIM_ReadCapturedValue
                        0x08001b47   0x46  Code  Gb  stm32f3xx_hal_tim.o [1]
HAL_TIM_SlaveConfigSynchronization
                        0x08001b09   0x3e  Code  Gb  stm32f3xx_hal_tim.o [1]
HAL_TIM_TriggerCallback
                        0x0800200b    0x2  Code  Wk  stm32f3xx_hal_tim.o [1]
HAL_UARTEx_WakeupCallback
                        0x08003ea1    0x2  Code  Wk  stm32f3xx_hal_uart_ex.o [1]
HAL_UART_ErrorCallback  0x08003ea3    0x2  Code  Wk  stm32f3xx_hal_uart.o [1]
HAL_UART_IRQHandler     0x0800329f   0xe8  Code  Gb  stm32f3xx_hal_uart.o [1]
HAL_UART_Init           0x08003235   0x6a  Code  Gb  stm32f3xx_hal_uart.o [1]
HAL_UART_MspInit        0x080027c7   0x54  Code  Gb  usart.o [1]
HAL_UART_RxCpltCallback
                        0x0800220f    0xa  Code  Gb  main.o [1]
HAL_UART_TxCpltCallback
                        0x08002205    0xa  Code  Gb  main.o [1]
HEAP$$Base              0x200004f0          --   Gb  - Linker created -
HEAP$$Limit             0x200006f0          --   Gb  - Linker created -
LoadInt                 0x08003d51   0x4c  Code  Lc  xprintfsmall_nomb.o [3]
MX_CRC_Init             0x08002879   0x34  Code  Gb  crc.o [1]
MX_GPIO_Init            0x080025f9  0x198  Code  Gb  gpio.o [1]
MX_RTC_Init             0x0800282d   0x30  Code  Gb  rtc.o [1]
MX_TIM1_Init            0x08001e55   0xd2  Code  Gb  tim.o [1]
MX_USART3_UART_Init     0x08002791   0x36  Code  Gb  usart.o [1]
NVIC_EnableIRQ          0x080024f5   0x12  Code  Lc  stm32f3xx_hal_cortex.o [1]
NVIC_EncodePriority     0x08002521   0x36  Code  Lc  stm32f3xx_hal_cortex.o [1]
NVIC_GetPriorityGrouping
                        0x080024eb    0xa  Code  Lc  stm32f3xx_hal_cortex.o [1]
NVIC_SetPriority        0x08002507   0x1a  Code  Lc  stm32f3xx_hal_cortex.o [1]
NVIC_SetPriorityGrouping
                        0x080024d1   0x1a  Code  Lc  stm32f3xx_hal_cortex.o [1]
PendSV_Handler          0x080046cd         Code  Gb  portasm.o [1]
RTC_EnterInitMode       0x0800393d   0x34  Code  Gb  stm32f3xx_hal_rtc.o [1]
Radio_data              0x080020ad  0x158  Code  Gb  main.o [1]
Radio_data::data_array  0x200007a4   0xa0  Data  Lc  main.o [1]
Region$$Table$$Base     0x08004b04          --   Gb  - Linker created -
Region$$Table$$Limit    0x08004b24          --   Gb  - Linker created -
SVC_Handler             0x08004725         Code  Gb  portasm.o [1]
SysTick_Config          0x08002557   0x28  Code  Lc  stm32f3xx_hal_cortex.o [1]
SysTick_Handler         0x08004a99    0xe  Code  Gb  stm32f3xx_it.o [1]
SystemClock_Config      0x08002221   0x9c  Code  Gb  main.o [1]
SystemCoreClock         0x20000000    0x4  Data  Gb  system_stm32f3xx.o [1]
SystemInit              0x080047f5   0x52  Code  Gb  system_stm32f3xx.o [1]
TIM1_CC_IRQHandler      0x08004aa7    0x6  Code  Gb  stm32f3xx_it.o [1]
TIM_Base_SetConfig      0x08001b8d   0x9a  Code  Gb  stm32f3xx_hal_tim.o [1]
TIM_CCxChannelCmd       0x08001e39   0x1a  Code  Gb  stm32f3xx_hal_tim.o [1]
TIM_ETR_SetConfig       0x08001e23   0x16  Code  Gb  stm32f3xx_hal_tim.o [1]
TIM_ITRx_SetConfig      0x08001e13   0x10  Code  Lc  stm32f3xx_hal_tim.o [1]
TIM_SlaveTimer_SetConfig
                        0x08001c27   0x72  Code  Lc  stm32f3xx_hal_tim.o [1]
TIM_TI1_ConfigInputStage
                        0x08001d29   0x24  Code  Lc  stm32f3xx_hal_tim.o [1]
TIM_TI1_SetConfig       0x08001c99   0x66  Code  Gb  stm32f3xx_hal_tim.o [1]
TIM_TI2_ConfigInputStage
                        0x08001d83   0x26  Code  Lc  stm32f3xx_hal_tim.o [1]
TIM_TI2_SetConfig       0x08001d4d   0x36  Code  Lc  stm32f3xx_hal_tim.o [1]
TIM_TI3_SetConfig       0x08001da9   0x34  Code  Lc  stm32f3xx_hal_tim.o [1]
TIM_TI4_SetConfig       0x08001ddd   0x36  Code  Lc  stm32f3xx_hal_tim.o [1]
UART_AdvFeatureConfig   0x080035ad   0xc8  Code  Gb  stm32f3xx_hal_uart.o [1]
UART_CheckIdleState     0x08003675   0x54  Code  Gb  stm32f3xx_hal_uart.o [1]
UART_EndTransmit_IT     0x080037fd   0x1a  Code  Gb  stm32f3xx_hal_uart.o [1]
UART_Receive_IT         0x08003817   0x84  Code  Gb  stm32f3xx_hal_uart.o [1]
UART_SetConfig          0x08003389  0x206  Code  Gb  stm32f3xx_hal_uart.o [1]
UART_Transmit_IT        0x08003799   0x64  Code  Gb  stm32f3xx_hal_uart.o [1]
UART_WaitOnFlagUntilTimeout
                        0x080036c9   0xce  Code  Gb  stm32f3xx_hal_uart.o [1]
USART3_IRQHandler       0x08004aad    0x6  Code  Gb  stm32f3xx_it.o [1]
UartReady               0x20000b8c    0x1  Data  Gb  main.o [1]
_Close_all              0x0800491d   0x58  Code  Gb  xcloseall.o [3]
_Files                  0x200000c4   0x20  Data  Gb  xfiles.o [3]
_Fofree                 0x08004775   0x78  Code  Gb  xfofind.o [3]
_Fspos                  0x08004101   0xd6  Code  Gb  xfspos.o [3]
_Fwprep                 0x08004495   0xb8  Code  Gb  xfwprep.o [3]
_LitobSmallNoMb         0x08003d9d   0xce  Code  Lc  xprintfsmall_nomb.o [3]
_Nnl                    0x08004289    0xc  Code  Gb  xfgpos.o [3]
_PrintfSmallNoMb        0x080039c9  0x382  Code  Gb  xprintfsmall_nomb.o [3]
_Prout                  0x08004b6d   0x16  Code  Gb  xprout.o [3]
_PutcharsSmallNoMb      0x08003e6b   0x2e  Code  Lc  xprintfsmall_nomb.o [3]
__aeabi_cdcmpeq         0x08000b0d         Code  Gb  DblCmpEq.o [4]
__aeabi_cdcmple         0x08000b69         Code  Gb  DblCmpLe.o [4]
__aeabi_cdrcmple        0x08000b39         Code  Gb  DblCmpGe.o [4]
__aeabi_d2iz            0x08000e25         Code  Gb  DblToI32.o [4]
__aeabi_dadd            0x08000d3d         Code  Gb  DblAdd.o [4]
__aeabi_ddiv            0x08001021         Code  Gb  DblDiv.o [4]
__aeabi_dmul            0x08000b99         Code  Gb  DblMul.o [4]
__aeabi_dsub            0x08000ea1         Code  Gb  DblSub.o [4]
__aeabi_errno_addr      0x08000b2d    0x6  Code  Gb  errno.o [3]
__aeabi_i2d             0x08000e71         Code  Gb  I32ToDbl.o [4]
__aeabi_ui2d            0x08000e85         Code  Gb  I32ToDbl.o [4]
__cexit_closeall        0x08004b4b         Code  Gb  cexit.o [5]
__close                 0x080048eb   0x1a  Code  Gb  close.o [6]
__cmain                 0x08004b25         Code  Gb  cmain.o [5]
__cstart_closeall       0x08004ccc         Data  Gb  cstart_closeall.o [5]
__data_Aldata           0x20000b7c    0x8  Data  Gb  xxmemxmalloc.o [3]
__data_GetMemChunk      0x080046a1   0x2c  Code  Gb  xgetmemchunk.o [3]
__data_GetMemChunk::start
                        0x20000b88    0x4  Data  Lc  xgetmemchunk.o [3]
__dwrite                0x080043c1   0x1e  Code  Gb  dwrite.o [6]
__exit                  0x08004b59   0x14  Code  Gb  exit.o [6]
__iar_Dint              0x08000a8d   0x7e  Code  Gb  xdint.o [4]
__iar_Dnorm             0x08000a49   0x44  Code  Gb  xdnorm.o [4]
__iar_Dscale            0x08001631  0x114  Code  Gb  xdscale.o [4]
__iar_Dtest             0x080015f1   0x30  Code  Gb  xdtest.o [4]
__iar_Errno             0x200000ec    0x4  Data  Gb  errno.o [3]
__iar_Exp               0x08001329  0x2be  Code  Gb  xexp.o [4]
__iar_Lockfilelock      0x080042e1    0x2  Code  Gb  xsyslock_nop.o [3]
__iar_Logpoly           0x08001279   0x76  Code  Gb  xlog.o [4]
__iar_Memchr            0x08003ef5         Code  Gb  memchr.o [5]
__iar_Stderr            0x20000084   0x40  Data  Gb  xfiles.o [3]
__iar_Stdin             0x20000004   0x40  Data  Gb  xfiles.o [3]
__iar_Stdout            0x20000044   0x40  Data  Gb  xfiles.o [3]
__iar_Strchr            0x08003ea5         Code  Gb  strchr.o [5]
__iar_Unlockfilelock    0x080042e3    0x2  Code  Gb  xsyslock_nop.o [3]
__iar_close_ttio        0x08004421   0x2e  Code  Gb  iarttio.o [6]
__iar_d2uiz             0x08000e51         Code  Gb  DblToI32.o [4]
__iar_dadd              0x08000d51         Code  Gb  DblAdd.o [4]
__iar_data_init3        0x08004a71   0x28  Code  Gb  data_init.o [5]
__iar_dlib_perthread_access
                        0x080015ef    0x2  Code  Gb  xtls.o [3]
__iar_dsub              0x08000eb5         Code  Gb  DblSub.o [4]
__iar_dsubStart         0x08000ec7         Code  Gb  DblSub.o [4]
__iar_get_ttio          0x08004451   0x38  Code  Gb  iarttio.o [6]
__iar_init_vfp          0x08004ae1         Code  Gb  fpinit_M.o [4]
__iar_lookup_ttioh      0x0800448d    0x8  Code  Gb  XShttio.o [3]
__iar_packbits_init_single3
                        0x08004a0b   0x38  Code  Gb  packbits_init_single.o [5]
__iar_program_start     0x08004ba1         Code  Gb  cstartup_M.o [5]
__iar_sh_Discard        0x080042f5   0x3e  Code  Gb  XShHandles.o [3]
__iar_sh_Move           0x08004339   0x46  Code  Gb  XShHandles.o [3]
__iar_sh_Pos            0x0800437f   0x3e  Code  Gb  XShHandles.o [3]
__iar_sh_stdout         0x080043df   0x20  Code  Gb  iarwstd.o [6]
__iar_sh_write          0x080043ff   0x22  Code  Gb  iarwrite.o [6]
__iar_ttio_handles      0x200000e4    0x8  Data  Lc  XShttio.o [3]
__iar_ui2d              0x08000e89         Code  Gb  I32ToDbl.o [4]
__iar_vfp_pow           0x08000609   0x18  Code  Gb  pow.o [4]
__iar_zero_init3        0x080049cb   0x40  Code  Gb  zero_init3.o [5]
__low_level_init        0x08004b3f    0x4  Code  Gb  low_level_init.o [3]
__lseek                 0x08004295   0x4c  Code  Gb  lseek.o [6]
__vector_table          0x08000000         Data  Gb  startup_stm32f303xc.o [1]
__write                 0x080042e5   0x10  Code  Gb  write.o [6]
_call_main              0x08004b31         Code  Gb  cmain.o [5]
_exit                   0x08004b49         Code  Gb  cexit.o [5]
_main                   0x08004b3b         Code  Gb  cmain.o [5]
aPLLMULFactorTable      0x08002fb8   0x10  Data  Gb  stm32f3xx_hal_rcc.o [1]
aPredivFactorTable      0x08002fc8   0x10  Data  Gb  stm32f3xx_hal_rcc.o [1]
ebuf                    0x20000a5c   0x50  Data  Lc  xfiles.o [3]
exit                    0x08004b43    0x4  Code  Gb  exit.o [3]
fclose                  0x08004871   0x7a  Code  Gb  fclose.o [3]
fflush                  0x0800424f   0x34  Code  Gb  fflush.o [3]
fflushOne               0x080041d9   0x76  Code  Lc  fflush.o [3]
fputc                   0x08004975   0x56  Code  Gb  fputc.o [3]
free                    0x08004621   0x7a  Code  Gb  xxmemxfree.o [3]
fseek                   0x080045fd   0x22  Code  Gb  fseek.o [3]
hcrc                    0x20000b38   0x24  Data  Gb  crc.o [1]
hrtc                    0x20000b5c   0x20  Data  Gb  main.o [1]
htim1                   0x20000afc   0x3c  Data  Gb  tim.o [1]
huart3                  0x200009ec   0x70  Data  Gb  usart.o [1]
internal_Pow            0x08000189  0x474  Code  Lc  pow.o [4]
lnbias                  0x08000628  0x420  Data  Lc  pow.o [4]
main                    0x08002011   0x9a  Code  Gb  main.o [1]
malloc                  0x0800454d   0xac  Code  Gb  xxmemxmalloc.o [3]
memchr                  0x08003ef5         Code  Gb  memchr.o [5]
obuf                    0x20000aac   0x50  Data  Lc  xfiles.o [3]
osSystickHandler        0x08004acd   0x14  Code  Gb  cmsis_os.o [1]
printf                  0x08002a79   0x24  Code  Gb  printf.o [3]
prvResetNextTaskUnblockTime
                        0x08004079   0x1e  Code  Lc  tasks.o [1]
putchar                 0x08004b85    0xc  Code  Gb  putchar.o [3]
pxCurrentTCB            0x2000086c    0x4  Data  Gb  tasks.o [1]
pxDelayedTaskList       0x20000870    0x4  Data  Lc  tasks.o [1]
pxOverflowDelayedTaskList
                        0x20000874    0x4  Data  Lc  tasks.o [1]
pxReadyTasksLists       0x200008e0   0x8c  Data  Lc  tasks.o [1]
remove                  0x08004905   0x16  Code  Gb  remove.o [6]
sFileInfo               0x2000096c   0x80  Data  Lc  XShHandles.o [3]
strchr                  0x08003ea5         Code  Gb  strchr.o [5]
strlen                  0x08003ebd         Code  Gb  strlen.o [5]
uwTick                  0x20000b84    0x4  Data  Gb  stm32f3xx_hal.o [1]
uxCurrentNumberOfTasks  0x20000890    0x4  Data  Lc  tasks.o [1]
uxListRemove            0x080040dd   0x24  Code  Gb  list.o [1]
uxPendedTicks           0x200008a0    0x4  Data  Lc  tasks.o [1]
uxSchedulerSuspended    0x200008b4    0x4  Data  Lc  tasks.o [1]
uxTaskNumber            0x200008ac    0x4  Data  Lc  tasks.o [1]
uxTasksDeleted          0x20000878    0x4  Data  Lc  tasks.o [1]
uxTopReadyPriority      0x20000898    0x4  Data  Lc  tasks.o [1]
vListInsertEnd          0x080040c5   0x18  Code  Gb  list.o [1]
vPortEnableVFP          0x08004759         Code  Gb  portasm.o [1]
vPortStartFirstTask     0x08004741         Code  Gb  portasm.o [1]
vTaskSwitchContext      0x0800401f   0x5a  Code  Gb  tasks.o [1]
xDelayedTaskList1       0x200008b8   0x14  Data  Lc  tasks.o [1]
xDelayedTaskList2       0x200008cc   0x14  Data  Lc  tasks.o [1]
xNextTaskUnblockTime    0x200008b0    0x4  Data  Lc  tasks.o [1]
xNumOfOverflows         0x200008a8    0x4  Data  Lc  tasks.o [1]
xPendingReadyList       0x20000844   0x14  Data  Lc  tasks.o [1]
xPortSysTickHandler     0x08004a45   0x28  Code  Gb  port.o [1]
xSchedulerRunning       0x2000089c    0x4  Data  Lc  tasks.o [1]
xSuspendedTaskList      0x2000087c   0x14  Data  Lc  tasks.o [1]
xTaskGetSchedulerState  0x08004097   0x1c  Code  Gb  tasks.o [1]
xTaskIncrementTick      0x08003f4d   0xd2  Code  Gb  tasks.o [1]
xTasksWaitingTermination
                        0x20000858   0x14  Data  Lc  tasks.o [1]
xTickCount              0x20000894    0x4  Data  Lc  tasks.o [1]
xYieldPending           0x200008a4    0x4  Data  Lc  tasks.o [1]


[1] = C:\-=Skola=-\Inbyggda System\Projekt labb\KULUR\Test\Debug\Obj
[2] = command line
[3] = dl7M_tlf.a
[4] = m7M_tls.a
[5] = rt7M_tl.a
[6] = shb_l.a

  19 618 bytes of readonly  code memory
     170 bytes of readonly  data memory
   2 957 bytes of readwrite data memory

Errors: none
Warnings: none
