###############################################################################
#
# IAR ELF Linker V7.80.3.12102/W32 for ARM                22/Feb/2017  08:16:42
# Copyright 2007-2016 IAR Systems AB.
#
#    Output file  =  
#        C:\-=Skola=-\Inbyggda System\Projekt
#        labb\KULUR\Test\Debug\Exe\Test.out
#    Map file     =  
#        C:\-=Skola=-\Inbyggda System\Projekt
#        labb\KULUR\Test\Debug\List\Test.map
#    Command line =  
#        "C:\-=Skola=-\Inbyggda System\Projekt
#        labb\KULUR\Test\Debug\Obj\cmsis_os.o" "C:\-=Skola=-\Inbyggda
#        System\Projekt labb\KULUR\Test\Debug\Obj\crc.o" "C:\-=Skola=-\Inbyggda
#        System\Projekt labb\KULUR\Test\Debug\Obj\croutine.o"
#        "C:\-=Skola=-\Inbyggda System\Projekt
#        labb\KULUR\Test\Debug\Obj\event_groups.o" "C:\-=Skola=-\Inbyggda
#        System\Projekt labb\KULUR\Test\Debug\Obj\freertos.o"
#        "C:\-=Skola=-\Inbyggda System\Projekt
#        labb\KULUR\Test\Debug\Obj\gpio.o" "C:\-=Skola=-\Inbyggda
#        System\Projekt labb\KULUR\Test\Debug\Obj\heap_4.o"
#        "C:\-=Skola=-\Inbyggda System\Projekt
#        labb\KULUR\Test\Debug\Obj\list.o" "C:\-=Skola=-\Inbyggda
#        System\Projekt labb\KULUR\Test\Debug\Obj\main.o"
#        "C:\-=Skola=-\Inbyggda System\Projekt
#        labb\KULUR\Test\Debug\Obj\port.o" "C:\-=Skola=-\Inbyggda
#        System\Projekt labb\KULUR\Test\Debug\Obj\portasm.o"
#        "C:\-=Skola=-\Inbyggda System\Projekt
#        labb\KULUR\Test\Debug\Obj\queue.o" "C:\-=Skola=-\Inbyggda
#        System\Projekt labb\KULUR\Test\Debug\Obj\rtc.o" "C:\-=Skola=-\Inbyggda
#        System\Projekt labb\KULUR\Test\Debug\Obj\startup_stm32f303xc.o"
#        "C:\-=Skola=-\Inbyggda System\Projekt
#        labb\KULUR\Test\Debug\Obj\stm32f3xx_hal.o" "C:\-=Skola=-\Inbyggda
#        System\Projekt labb\KULUR\Test\Debug\Obj\stm32f3xx_hal_cortex.o"
#        "C:\-=Skola=-\Inbyggda System\Projekt
#        labb\KULUR\Test\Debug\Obj\stm32f3xx_hal_crc.o" "C:\-=Skola=-\Inbyggda
#        System\Projekt labb\KULUR\Test\Debug\Obj\stm32f3xx_hal_crc_ex.o"
#        "C:\-=Skola=-\Inbyggda System\Projekt
#        labb\KULUR\Test\Debug\Obj\stm32f3xx_hal_dma.o" "C:\-=Skola=-\Inbyggda
#        System\Projekt labb\KULUR\Test\Debug\Obj\stm32f3xx_hal_flash.o"
#        "C:\-=Skola=-\Inbyggda System\Projekt
#        labb\KULUR\Test\Debug\Obj\stm32f3xx_hal_flash_ex.o"
#        "C:\-=Skola=-\Inbyggda System\Projekt
#        labb\KULUR\Test\Debug\Obj\stm32f3xx_hal_gpio.o" "C:\-=Skola=-\Inbyggda
#        System\Projekt labb\KULUR\Test\Debug\Obj\stm32f3xx_hal_i2c.o"
#        "C:\-=Skola=-\Inbyggda System\Projekt
#        labb\KULUR\Test\Debug\Obj\stm32f3xx_hal_i2c_ex.o"
#        "C:\-=Skola=-\Inbyggda System\Projekt
#        labb\KULUR\Test\Debug\Obj\stm32f3xx_hal_msp.o" "C:\-=Skola=-\Inbyggda
#        System\Projekt labb\KULUR\Test\Debug\Obj\stm32f3xx_hal_pwr.o"
#        "C:\-=Skola=-\Inbyggda System\Projekt
#        labb\KULUR\Test\Debug\Obj\stm32f3xx_hal_pwr_ex.o"
#        "C:\-=Skola=-\Inbyggda System\Projekt
#        labb\KULUR\Test\Debug\Obj\stm32f3xx_hal_rcc.o" "C:\-=Skola=-\Inbyggda
#        System\Projekt labb\KULUR\Test\Debug\Obj\stm32f3xx_hal_rcc_ex.o"
#        "C:\-=Skola=-\Inbyggda System\Projekt
#        labb\KULUR\Test\Debug\Obj\stm32f3xx_hal_rtc.o" "C:\-=Skola=-\Inbyggda
#        System\Projekt labb\KULUR\Test\Debug\Obj\stm32f3xx_hal_rtc_ex.o"
#        "C:\-=Skola=-\Inbyggda System\Projekt
#        labb\KULUR\Test\Debug\Obj\stm32f3xx_hal_tim.o" "C:\-=Skola=-\Inbyggda
#        System\Projekt labb\KULUR\Test\Debug\Obj\stm32f3xx_hal_tim_ex.o"
#        "C:\-=Skola=-\Inbyggda System\Projekt
#        labb\KULUR\Test\Debug\Obj\stm32f3xx_hal_uart.o" "C:\-=Skola=-\Inbyggda
#        System\Projekt labb\KULUR\Test\Debug\Obj\stm32f3xx_hal_uart_ex.o"
#        "C:\-=Skola=-\Inbyggda System\Projekt
#        labb\KULUR\Test\Debug\Obj\stm32f3xx_it.o" "C:\-=Skola=-\Inbyggda
#        System\Projekt labb\KULUR\Test\Debug\Obj\system_stm32f3xx.o"
#        "C:\-=Skola=-\Inbyggda System\Projekt
#        labb\KULUR\Test\Debug\Obj\tasks.o" "C:\-=Skola=-\Inbyggda
#        System\Projekt labb\KULUR\Test\Debug\Obj\tim.o" "C:\-=Skola=-\Inbyggda
#        System\Projekt labb\KULUR\Test\Debug\Obj\timers.o"
#        "C:\-=Skola=-\Inbyggda System\Projekt
#        labb\KULUR\Test\Debug\Obj\usart.o" -o "C:\-=Skola=-\Inbyggda
#        System\Projekt labb\KULUR\Test\Debug\Exe\Test.out" --map
#        "C:\-=Skola=-\Inbyggda System\Projekt
#        labb\KULUR\Test\Debug\List\Test.map" --config "C:\-=Skola=-\Inbyggda
#        System\Projekt labb\KULUR\Test/stm32f303xc_flash.icf" --semihosting
#        --entry __iar_program_start --vfe
#
###############################################################################

*******************************************************************************
*** RUNTIME MODEL ATTRIBUTES
***

CppFlavor                     = *
__Heap_Handler                = Basic
__SystemLibrary               = DLib
__dlib_dynamic_initialization = normal


*******************************************************************************
*** PLACEMENT SUMMARY
***

"A0":  place at 0x08000000 { ro section .intvec };
"P1":  place in [from 0x08000000 to 0x0803ffff] { ro };
"P2":  place in [from 0x20000000 to 0x20009fff] { rw, block CSTACK, block HEAP };
initialize by copy { rw };

  Section             Kind        Address    Size  Object
  -------             ----        -------    ----  ------
"A0":                                       0x188
  .intvec             ro code  0x08000000   0x188  startup_stm32f303xc.o [1]
                             - 0x08000188   0x188

"P1":                                      0x3568
  .text               ro code  0x08000188   0x70e  stm32f3xx_hal_tim.o [1]
  .text               ro code  0x08000898   0x1ac  tim.o [1]
  .text               ro code  0x08000a44     0x2  stm32f3xx_hal_tim.o [1]
  .text               ro code  0x08000a46     0x2  stm32f3xx_hal_tim.o [1]
  .text               ro code  0x08000a48     0x2  stm32f3xx_hal_tim.o [1]
  .text               ro code  0x08000a4a     0x2  stm32f3xx_hal_tim.o [1]
  .text               ro code  0x08000a4c     0x2  stm32f3xx_hal_tim_ex.o [1]
  .text               ro code  0x08000a4e     0x2  stm32f3xx_hal_tim.o [1]
  .text               ro code  0x08000a50     0x2  stm32f3xx_hal_tim_ex.o [1]
  .text               ro code  0x08000a54   0x230  main.o [1]
  .text               ro code  0x08000c84    0x58  stm32f3xx_hal_tim_ex.o [1]
  .text               ro code  0x08000cdc   0x188  stm32f3xx_hal_gpio.o [1]
  .text               ro code  0x08000e64   0x104  stm32f3xx_hal_cortex.o [1]
  .text               ro code  0x08000f68    0x24  stm32f3xx_hal.o [1]
  .text               ro code  0x08000f8c   0x198  gpio.o [1]
  .text               ro code  0x08001124    0x9c  usart.o [1]
  .text               ro code  0x080011c0    0x4c  rtc.o [1]
  .text               ro code  0x0800120c    0x64  crc.o [1]
  .text               ro code  0x08001270    0x18  stm32f3xx_hal.o [1]
  .text               ro code  0x08001288   0x184  stm32f3xx_hal_crc.o [1]
  .text               ro code  0x0800140c    0x24  printf.o [3]
  .text               ro code  0x08001430   0x53c  stm32f3xx_hal_rcc.o [1]
  .text               ro code  0x0800196c   0x1bc  stm32f3xx_hal_rcc_ex.o [1]
  .text               ro code  0x08001b28    0x28  stm32f3xx_hal.o [1]
  .text               ro code  0x08001b50    0x78  stm32f3xx_hal_msp.o [1]
  .text               ro code  0x08001bc8   0x666  stm32f3xx_hal_uart.o [1]
  .text               ro code  0x08002230    0xd4  stm32f3xx_hal_rtc.o [1]
  .text               ro code  0x08002304     0xc  stm32f3xx_hal.o [1]
  .text               ro code  0x08002310    0x4a  stm32f3xx_hal_crc_ex.o [1]
  .text               ro code  0x0800235c   0x4d8  xprintfsmall_nomb.o [3]
  .text               ro code  0x08002834     0x2  stm32f3xx_hal_uart_ex.o [1]
  .text               ro code  0x08002836     0x2  stm32f3xx_hal_uart.o [1]
  .text               ro code  0x08002838    0x16  strchr.o [5]
  .text               ro code  0x08002850    0x36  strlen.o [5]
  .text               ro code  0x08002888    0x58  memchr.o [5]
  .text               ro code  0x080028e0   0x178  tasks.o [1]
  .text               ro code  0x08002a58    0x3c  list.o [1]
  .text               ro code  0x08002a94    0xd6  xfspos.o [3]
  .text               ro code  0x08002b6c    0xb0  fflush.o [3]
  .text               ro code  0x08002c1c     0xc  xfgpos.o [3]
  .text               ro code  0x08002c28    0x4c  lseek.o [6]
  .text               ro code  0x08002c74     0xc  errno.o [3]
  .text               ro code  0x08002c80     0x4  xsyslock_nop.o [3]
  .text               ro code  0x08002c84    0x10  write.o [6]
  .text               ro code  0x08002c94    0xcc  XShHandles.o [3]
  .text               ro code  0x08002d60     0x2  xtls.o [3]
  .text               ro code  0x08002d62    0x1e  dwrite.o [6]
  .text               ro code  0x08002d80    0x20  iarwstd.o [6]
  .text               ro code  0x08002da0    0x22  iarwrite.o [6]
  .text               ro code  0x08002dc4    0x6c  iarttio.o [6]
  .text               ro code  0x08002e30     0x8  XShttio.o [3]
  .text               ro code  0x08002e38    0xb8  xfwprep.o [3]
  .text               ro code  0x08002ef0    0xb0  xxmemxmalloc.o [3]
  .text               ro code  0x08002fa0    0x22  fseek.o [3]
  .text               ro code  0x08002fc4    0x80  xxmemxfree.o [3]
  .text               ro code  0x08003044    0x2c  xgetmemchunk.o [3]
  CODE                ro code  0x08003070    0xa8  portasm.o [1]
  .text               ro code  0x08003118    0x80  xfofind.o [3]
  .text               ro code  0x08003198    0x7c  system_stm32f3xx.o [1]
  .text               ro code  0x08003214    0x7a  fclose.o [3]
  .text               ro code  0x0800328e    0x1a  close.o [6]
  .text               ro code  0x080032a8    0x16  remove.o [6]
  .text               ro code  0x080032c0    0x58  xcloseall.o [3]
  .text               ro code  0x08003318    0x56  fputc.o [3]
  .text               ro code  0x0800336e    0x40  zero_init3.o [5]
  .text               ro code  0x080033ae    0x38  packbits_init_single.o [5]
  .text               ro code  0x080033e8    0x2c  port.o [1]
  .text               ro code  0x08003414    0x28  data_init.o [5]
  .text               ro code  0x0800343c    0x24  stm32f3xx_it.o [1]
  .text               ro code  0x08003460    0x10  stm32f3xx_hal.o [1]
  .text               ro code  0x08003470    0x14  cmsis_os.o [1]
  .text               ro code  0x08003484    0x22  fpinit_M.o [4]
  .iar.init_table     const    0x080034a8    0x20  - Linker created -
  .text               ro code  0x080034c8    0x1a  cmain.o [5]
  .text               ro code  0x080034e2     0x4  low_level_init.o [3]
  .text               ro code  0x080034e6     0x4  exit.o [3]
  .text               ro code  0x080034ec     0xe  cexit.o [5]
  .text               ro code  0x080034fc    0x14  exit.o [6]
  .text               ro code  0x08003510    0x16  xprout.o [3]
  .text               ro code  0x08003528     0xc  putchar.o [3]
  .text               ro code  0x08003534    0x10  startup_stm32f303xc.o [1]
  .text               ro code  0x08003544     0xc  cstartup_M.o [5]
  .rodata             const    0x08003550     0x8  system_stm32f3xx.o [1]
  .text               ro code  0x08003558     0x4  startup_stm32f303xc.o [1]
  .text               ro code  0x0800355c     0x4  startup_stm32f303xc.o [1]
  .text               ro code  0x08003560     0x4  startup_stm32f303xc.o [1]
  .text               ro code  0x08003564     0x4  startup_stm32f303xc.o [1]
  .text               ro code  0x08003568     0x4  startup_stm32f303xc.o [1]
  .text               ro code  0x0800356c     0x4  startup_stm32f303xc.o [1]
  .text               ro code  0x08003570     0x4  startup_stm32f303xc.o [1]
  .text               ro code  0x08003574     0x4  startup_stm32f303xc.o [1]
  .text               ro code  0x08003578     0x4  startup_stm32f303xc.o [1]
  .text               ro code  0x0800357c     0x4  startup_stm32f303xc.o [1]
  .text               ro code  0x08003580     0x4  startup_stm32f303xc.o [1]
  .text               ro code  0x08003584     0x4  startup_stm32f303xc.o [1]
  .text               ro code  0x08003588     0x4  startup_stm32f303xc.o [1]
  .text               ro code  0x0800358c     0x4  startup_stm32f303xc.o [1]
  .text               ro code  0x08003590     0x4  startup_stm32f303xc.o [1]
  .text               ro code  0x08003594     0x4  startup_stm32f303xc.o [1]
  .text               ro code  0x08003598     0x4  startup_stm32f303xc.o [1]
  .text               ro code  0x0800359c     0x4  startup_stm32f303xc.o [1]
  .text               ro code  0x080035a0     0x4  startup_stm32f303xc.o [1]
  .text               ro code  0x080035a4     0x4  startup_stm32f303xc.o [1]
  .text               ro code  0x080035a8     0x4  startup_stm32f303xc.o [1]
  .text               ro code  0x080035ac     0x4  startup_stm32f303xc.o [1]
  .text               ro code  0x080035b0     0x4  startup_stm32f303xc.o [1]
  .text               ro code  0x080035b4     0x4  startup_stm32f303xc.o [1]
  .text               ro code  0x080035b8     0x4  startup_stm32f303xc.o [1]
  .text               ro code  0x080035bc     0x4  startup_stm32f303xc.o [1]
  .text               ro code  0x080035c0     0x4  startup_stm32f303xc.o [1]
  .text               ro code  0x080035c4     0x4  startup_stm32f303xc.o [1]
  .text               ro code  0x080035c8     0x4  startup_stm32f303xc.o [1]
  .text               ro code  0x080035cc     0x4  startup_stm32f303xc.o [1]
  .text               ro code  0x080035d0     0x4  startup_stm32f303xc.o [1]
  .text               ro code  0x080035d4     0x4  startup_stm32f303xc.o [1]
  .text               ro code  0x080035d8     0x4  startup_stm32f303xc.o [1]
  .text               ro code  0x080035dc     0x4  startup_stm32f303xc.o [1]
  .text               ro code  0x080035e0     0x4  startup_stm32f303xc.o [1]
  .text               ro code  0x080035e4     0x4  startup_stm32f303xc.o [1]
  .text               ro code  0x080035e8     0x4  startup_stm32f303xc.o [1]
  .text               ro code  0x080035ec     0x4  startup_stm32f303xc.o [1]
  .text               ro code  0x080035f0     0x4  startup_stm32f303xc.o [1]
  .text               ro code  0x080035f4     0x4  startup_stm32f303xc.o [1]
  .text               ro code  0x080035f8     0x4  startup_stm32f303xc.o [1]
  .text               ro code  0x080035fc     0x4  startup_stm32f303xc.o [1]
  .text               ro code  0x08003600     0x4  startup_stm32f303xc.o [1]
  .text               ro code  0x08003604     0x4  startup_stm32f303xc.o [1]
  .text               ro code  0x08003608     0x4  startup_stm32f303xc.o [1]
  .text               ro code  0x0800360c     0x4  startup_stm32f303xc.o [1]
  .text               ro code  0x08003610     0x4  startup_stm32f303xc.o [1]
  .text               ro code  0x08003614     0x4  startup_stm32f303xc.o [1]
  .text               ro code  0x08003618     0x4  startup_stm32f303xc.o [1]
  .text               ro code  0x0800361c     0x4  startup_stm32f303xc.o [1]
  .text               ro code  0x08003620     0x4  startup_stm32f303xc.o [1]
  .text               ro code  0x08003624     0x4  startup_stm32f303xc.o [1]
  .text               ro code  0x08003628     0x4  startup_stm32f303xc.o [1]
  .text               ro code  0x0800362c     0x4  startup_stm32f303xc.o [1]
  .text               ro code  0x08003630     0x4  startup_stm32f303xc.o [1]
  .text               ro code  0x08003634     0x4  startup_stm32f303xc.o [1]
  .text               ro code  0x08003638     0x4  startup_stm32f303xc.o [1]
  .text               ro code  0x0800363c     0x4  startup_stm32f303xc.o [1]
  .text               ro code  0x08003640     0x4  startup_stm32f303xc.o [1]
  .text               ro code  0x08003644     0x4  startup_stm32f303xc.o [1]
  .text               ro code  0x08003648     0x4  startup_stm32f303xc.o [1]
  .text               ro code  0x0800364c     0x4  startup_stm32f303xc.o [1]
  .text               ro code  0x08003650     0x4  startup_stm32f303xc.o [1]
  .text               ro code  0x08003654     0x4  startup_stm32f303xc.o [1]
  .text               ro code  0x08003658     0x4  startup_stm32f303xc.o [1]
  .text               ro code  0x0800365c     0x4  startup_stm32f303xc.o [1]
  .text               ro code  0x08003660     0x4  startup_stm32f303xc.o [1]
  .text               ro code  0x08003664     0x4  startup_stm32f303xc.o [1]
  .text               ro code  0x08003668     0x4  startup_stm32f303xc.o [1]
  .text               ro code  0x0800366c     0x4  startup_stm32f303xc.o [1]
  .text               ro code  0x08003670     0x0  cstart_closeall.o [5]
  .rodata             const    0x08003670     0x0  zero_init3.o [5]
  .rodata             const    0x08003670     0x0  packbits_init_single.o [5]
  Initializer bytes   const    0x08003670    0x80  <for P2-1>
                             - 0x080036f0  0x3568

"P2", part 1 of 3:                           0xf0
  P2-1                         0x20000000    0xf0  <Init block>
    .data             inited   0x20000000     0x4  system_stm32f3xx.o [1]
    .data             inited   0x20000004    0x40  xfiles.o [3]
    .data             inited   0x20000044    0x40  xfiles.o [3]
    .data             inited   0x20000084    0x40  xfiles.o [3]
    .data             inited   0x200000c4    0x20  xfiles.o [3]
    .data             inited   0x200000e4     0x8  XShttio.o [3]
    __DLIB_PERTHREAD  inited   0x200000ec     0x4  errno.o [3]
                             - 0x200000f0    0xf0

"P2", part 2 of 3:                          0x600
  CSTACK                       0x200000f0   0x400  <Block>
    CSTACK            uninit   0x200000f0   0x400  <Block tail>
  HEAP                         0x200004f0   0x200  <Block>
    HEAP              uninit   0x200004f0   0x200  <Block tail>
                             - 0x200006f0   0x600

"P2", part 3 of 3:                          0x4a0
  .bss                zero     0x200006f0    0xb4  tim.o [1]
  .bss                zero     0x200007a4    0xa0  main.o [1]
  .bss                zero     0x20000844    0x9c  tasks.o [1]
  .bss                zero     0x200008e0    0x8c  tasks.o [1]
  .bss                zero     0x2000096c    0x80  XShHandles.o [3]
  .bss                zero     0x200009ec    0x70  usart.o [1]
  .bss                zero     0x20000a5c    0x50  xfiles.o [3]
  .bss                zero     0x20000aac    0x50  xfiles.o [3]
  .bss                zero     0x20000afc    0x3c  tim.o [1]
  .bss                zero     0x20000b38    0x24  crc.o [1]
  .bss                zero     0x20000b5c    0x20  main.o [1]
  .bss                zero     0x20000b7c     0x8  xxmemxmalloc.o [3]
  .bss                zero     0x20000b84     0x4  stm32f3xx_hal.o [1]
  .bss                zero     0x20000b88     0x4  xgetmemchunk.o [3]
  .bss                zero     0x20000b8c     0x1  main.o [1]
                             - 0x20000b8d   0x49d


*******************************************************************************
*** INIT TABLE
***

          Address     Size
          -------     ----
Zero (__iar_zero_init3)
    1 destination range, total size 0x49d:
          0x200006f0  0x49d

Copy/packbits (__iar_packbits_init_single3)
    1 source range, total size 0x80 (53% of destination):
          0x08003670   0x80
    1 destination range, total size 0xf0:
          0x20000000   0xf0



*******************************************************************************
*** MODULE SUMMARY
***

    Module                   ro code  ro data  rw data
    ------                   -------  -------  -------
C:\-=Skola=-\Inbyggda System\Projekt labb\KULUR\Test\Debug\Obj: [1]
    cmsis_os.o                    20
    crc.o                        100                36
    gpio.o                       408
    list.o                        60
    main.o                       560               193
    port.o                        44
    portasm.o                    168
    rtc.o                         76
    startup_stm32f303xc.o        688
    stm32f3xx_hal.o              128                 4
    stm32f3xx_hal_cortex.o       260
    stm32f3xx_hal_crc.o          388
    stm32f3xx_hal_crc_ex.o        74
    stm32f3xx_hal_gpio.o         392
    stm32f3xx_hal_msp.o          120
    stm32f3xx_hal_rcc.o        1 340
    stm32f3xx_hal_rcc_ex.o       444
    stm32f3xx_hal_rtc.o          212
    stm32f3xx_hal_tim.o        1 816
    stm32f3xx_hal_tim_ex.o        92
    stm32f3xx_hal_uart.o       1 640
    stm32f3xx_hal_uart_ex.o        2
    stm32f3xx_it.o                36
    system_stm32f3xx.o           124       10        4
    tasks.o                      376               296
    tim.o                        428               240
    usart.o                      156               112
    --------------------------------------------------
    Total:                    10 152       10      885

command line: [2]
    --------------------------------------------------
    Total:

dl7M_tlf.a: [3]
    XShHandles.o                 204               128
    XShttio.o                      8        4        8
    errno.o                       12        3        4
    exit.o                         4
    fclose.o                     122
    fflush.o                     176
    fputc.o                       86
    fseek.o                       34
    low_level_init.o               4
    printf.o                      36
    putchar.o                     12
    xcloseall.o                   88
    xfgpos.o                      12
    xfiles.o                              119      384
    xfofind.o                    128
    xfspos.o                     214
    xfwprep.o                    184
    xgetmemchunk.o                44                 4
    xprintfsmall_nomb.o        1 240
    xprout.o                      22
    xsyslock_nop.o                 4
    xtls.o                         2
    xxmemxfree.o                 128
    xxmemxmalloc.o               176                 8
    --------------------------------------------------
    Total:                     2 940      126      536

m7M_tls.a: [4]
    fpinit_M.o                    34
    --------------------------------------------------
    Total:                        34

rt7M_tl.a: [5]
    cexit.o                       14
    cmain.o                       26
    cstart_closeall.o
    cstartup_M.o                  12
    data_init.o                   40
    memchr.o                      88
    packbits_init_single.o        56
    strchr.o                      22
    strlen.o                      54
    zero_init3.o                  64
    --------------------------------------------------
    Total:                       376

shb_l.a: [6]
    close.o                       26
    dwrite.o                      30
    exit.o                        20
    iarttio.o                    108
    iarwrite.o                    34
    iarwstd.o                     32
    lseek.o                       76
    remove.o                      22
    write.o                       16
    --------------------------------------------------
    Total:                       364

    Gaps                          28        2
    Linker created                         32    1 536
------------------------------------------------------
    Grand Total:              13 894      170    2 957


*******************************************************************************
*** ENTRY LIST
***

Entry                      Address   Size  Type      Object
-----                      -------   ----  ----      ------
.iar.init_table$$Base   0x080034a8          --   Gb  - Linker created -
.iar.init_table$$Limit  0x080034c8          --   Gb  - Linker created -
?main                   0x080034c9         Code  Gb  cmain.o [5]
AHBPrescTable           0x08003204   0x10  Data  Gb  system_stm32f3xx.o [1]
APBPrescTable           0x08003550    0x8  Data  Gb  system_stm32f3xx.o [1]
CRC_Handle_16           0x080013d9   0x34  Code  Lc  stm32f3xx_hal_crc.o [1]
CRC_Handle_8            0x08001367   0x72  Code  Lc  stm32f3xx_hal_crc.o [1]
CSTACK$$Base            0x200000f0          --   Gb  - Linker created -
CSTACK$$Limit           0x200004f0          --   Gb  - Linker created -
Error_Handler           0x08000c75    0x2  Code  Gb  main.o [1]
HAL_CRCEx_Polynomial_Set
                        0x08002311   0x4a  Code  Gb  stm32f3xx_hal_crc_ex.o [1]
HAL_CRC_Calculate       0x08001309   0x5e  Code  Gb  stm32f3xx_hal_crc.o [1]
HAL_CRC_Init            0x08001289   0x7a  Code  Gb  stm32f3xx_hal_crc.o [1]
HAL_CRC_MspInit         0x08001241   0x22  Code  Gb  crc.o [1]
HAL_Delay               0x08001271   0x18  Code  Wk  stm32f3xx_hal.o [1]
HAL_GPIO_Init           0x08000cdd  0x15e  Code  Gb  stm32f3xx_hal_gpio.o [1]
HAL_GPIO_WritePin       0x08000e3b    0xc  Code  Gb  stm32f3xx_hal_gpio.o [1]
HAL_GetTick             0x08002305    0xc  Code  Wk  stm32f3xx_hal.o [1]
HAL_IncTick             0x08003461   0x10  Code  Wk  stm32f3xx_hal.o [1]
HAL_Init                0x08000f69   0x20  Code  Gb  stm32f3xx_hal.o [1]
HAL_InitTick            0x08001b29   0x28  Code  Wk  stm32f3xx_hal.o [1]
HAL_MspInit             0x08001b51   0x78  Code  Gb  stm32f3xx_hal_msp.o [1]
HAL_NVIC_EnableIRQ      0x08000f33    0x2  Code  Gb  stm32f3xx_hal_cortex.o [1]
HAL_NVIC_SetPriority    0x08000f15   0x1e  Code  Gb  stm32f3xx_hal_cortex.o [1]
HAL_NVIC_SetPriorityGrouping
                        0x08000f13    0x2  Code  Gb  stm32f3xx_hal_cortex.o [1]
HAL_RCCEx_PeriphCLKConfig
                        0x0800196d  0x1b0  Code  Gb  stm32f3xx_hal_rcc_ex.o [1]
HAL_RCC_ClockConfig     0x08001771  0x142  Code  Gb  stm32f3xx_hal_rcc.o [1]
HAL_RCC_GetHCLKFreq     0x080018ed    0x6  Code  Gb  stm32f3xx_hal_rcc.o [1]
HAL_RCC_GetPCLK1Freq    0x080018f3   0x16  Code  Gb  stm32f3xx_hal_rcc.o [1]
HAL_RCC_GetPCLK2Freq    0x08001909   0x16  Code  Gb  stm32f3xx_hal_rcc.o [1]
HAL_RCC_GetSysClockFreq
                        0x080018b3   0x3a  Code  Gb  stm32f3xx_hal_rcc.o [1]
HAL_RCC_OscConfig       0x08001431  0x340  Code  Gb  stm32f3xx_hal_rcc.o [1]
HAL_RTC_Init            0x08002231   0x9a  Code  Gb  stm32f3xx_hal_rtc.o [1]
HAL_RTC_MspInit         0x080011f1   0x10  Code  Gb  rtc.o [1]
HAL_SYSTICK_CLKSourceConfig
                        0x08000f37   0x18  Code  Gb  stm32f3xx_hal_cortex.o [1]
HAL_SYSTICK_Config      0x08000f35    0x2  Code  Gb  stm32f3xx_hal_cortex.o [1]
HAL_TIMEx_BreakCallback
                        0x08000a4d    0x2  Code  Wk  stm32f3xx_hal_tim_ex.o [1]
HAL_TIMEx_CommutationCallback
                        0x08000a51    0x2  Code  Wk  stm32f3xx_hal_tim_ex.o [1]
HAL_TIMEx_MasterConfigSynchronization
                        0x08000c85   0x50  Code  Gb  stm32f3xx_hal_tim_ex.o [1]
HAL_TIM_Base_Init       0x08000189   0x32  Code  Gb  stm32f3xx_hal_tim.o [1]
HAL_TIM_Base_MspInit    0x0800096b   0x54  Code  Gb  tim.o [1]
HAL_TIM_ConfigClockSource
                        0x08000443  0x104  Code  Gb  stm32f3xx_hal_tim.o [1]
HAL_TIM_IC_CaptureCallback
                        0x080009bf   0x74  Code  Gb  tim.o [1]
HAL_TIM_IC_CaptureCallback::array_counter
                        0x200007a0    0x4  Data  Lc  tim.o [1]
HAL_TIM_IC_CaptureCallback::duty_array
                        0x200006f8   0xa0  Data  Lc  tim.o [1]
HAL_TIM_IC_CaptureCallback::duty_in_microseconds
                        0x200006f0    0x4  Data  Lc  tim.o [1]
HAL_TIM_IC_CaptureCallback::falling_timer_value
                        0x200006f4    0x4  Data  Lc  tim.o [1]
HAL_TIM_IC_CaptureCallback::preamble_counter
                        0x2000079c    0x4  Data  Lc  tim.o [1]
HAL_TIM_IC_CaptureCallback::preamble_flag
                        0x20000798    0x4  Data  Lc  tim.o [1]
HAL_TIM_IC_ConfigChannel
                        0x08000399   0xaa  Code  Gb  stm32f3xx_hal_tim.o [1]
HAL_TIM_IC_Init         0x080001bb   0x32  Code  Gb  stm32f3xx_hal_tim.o [1]
HAL_TIM_IC_MspInit      0x08000a45    0x2  Code  Wk  stm32f3xx_hal_tim.o [1]
HAL_TIM_IC_Start_IT     0x080001ed   0x5a  Code  Gb  stm32f3xx_hal_tim.o [1]
HAL_TIM_IRQHandler      0x08000247  0x152  Code  Gb  stm32f3xx_hal_tim.o [1]
HAL_TIM_OC_DelayElapsedCallback
                        0x08000a47    0x2  Code  Wk  stm32f3xx_hal_tim.o [1]
HAL_TIM_PWM_PulseFinishedCallback
                        0x08000a49    0x2  Code  Wk  stm32f3xx_hal_tim.o [1]
HAL_TIM_PeriodElapsedCallback
                        0x08000a4b    0x2  Code  Wk  stm32f3xx_hal_tim.o [1]
HAL_TIM_ReadCapturedValue
                        0x0800058b   0x46  Code  Gb  stm32f3xx_hal_tim.o [1]
HAL_TIM_SlaveConfigSynchronization
                        0x0800054d   0x3e  Code  Gb  stm32f3xx_hal_tim.o [1]
HAL_TIM_TriggerCallback
                        0x08000a4f    0x2  Code  Wk  stm32f3xx_hal_tim.o [1]
HAL_UARTEx_WakeupCallback
                        0x08002835    0x2  Code  Wk  stm32f3xx_hal_uart_ex.o [1]
HAL_UART_ErrorCallback  0x08002837    0x2  Code  Wk  stm32f3xx_hal_uart.o [1]
HAL_UART_IRQHandler     0x08001c33   0xe8  Code  Gb  stm32f3xx_hal_uart.o [1]
HAL_UART_Init           0x08001bc9   0x6a  Code  Gb  stm32f3xx_hal_uart.o [1]
HAL_UART_MspInit        0x0800115b   0x54  Code  Gb  usart.o [1]
HAL_UART_RxCpltCallback
                        0x08000bbb    0xa  Code  Gb  main.o [1]
HAL_UART_TxCpltCallback
                        0x08000bb1    0xa  Code  Gb  main.o [1]
HEAP$$Base              0x200004f0          --   Gb  - Linker created -
HEAP$$Limit             0x200006f0          --   Gb  - Linker created -
LoadInt                 0x080026e5   0x4c  Code  Lc  xprintfsmall_nomb.o [3]
MX_CRC_Init             0x0800120d   0x34  Code  Gb  crc.o [1]
MX_GPIO_Init            0x08000f8d  0x198  Code  Gb  gpio.o [1]
MX_RTC_Init             0x080011c1   0x30  Code  Gb  rtc.o [1]
MX_TIM1_Init            0x08000899   0xd2  Code  Gb  tim.o [1]
MX_USART3_UART_Init     0x08001125   0x36  Code  Gb  usart.o [1]
NVIC_EnableIRQ          0x08000e89   0x12  Code  Lc  stm32f3xx_hal_cortex.o [1]
NVIC_EncodePriority     0x08000eb5   0x36  Code  Lc  stm32f3xx_hal_cortex.o [1]
NVIC_GetPriorityGrouping
                        0x08000e7f    0xa  Code  Lc  stm32f3xx_hal_cortex.o [1]
NVIC_SetPriority        0x08000e9b   0x1a  Code  Lc  stm32f3xx_hal_cortex.o [1]
NVIC_SetPriorityGrouping
                        0x08000e65   0x1a  Code  Lc  stm32f3xx_hal_cortex.o [1]
PendSV_Handler          0x08003071         Code  Gb  portasm.o [1]
RTC_EnterInitMode       0x080022d1   0x34  Code  Gb  stm32f3xx_hal_rtc.o [1]
Radio_data              0x08000aef   0xc2  Code  Gb  main.o [1]
Radio_data::data_array  0x200007a4   0xa0  Data  Lc  main.o [1]
Region$$Table$$Base     0x080034a8          --   Gb  - Linker created -
Region$$Table$$Limit    0x080034c8          --   Gb  - Linker created -
SVC_Handler             0x080030c9         Code  Gb  portasm.o [1]
SysTick_Config          0x08000eeb   0x28  Code  Lc  stm32f3xx_hal_cortex.o [1]
SysTick_Handler         0x0800343d    0xe  Code  Gb  stm32f3xx_it.o [1]
SystemClock_Config      0x08000bc5   0x9c  Code  Gb  main.o [1]
SystemCoreClock         0x20000000    0x4  Data  Gb  system_stm32f3xx.o [1]
SystemInit              0x08003199   0x52  Code  Gb  system_stm32f3xx.o [1]
TIM1_CC_IRQHandler      0x0800344b    0x6  Code  Gb  stm32f3xx_it.o [1]
TIM_Base_SetConfig      0x080005d1   0x9a  Code  Gb  stm32f3xx_hal_tim.o [1]
TIM_CCxChannelCmd       0x0800087d   0x1a  Code  Gb  stm32f3xx_hal_tim.o [1]
TIM_ETR_SetConfig       0x08000867   0x16  Code  Gb  stm32f3xx_hal_tim.o [1]
TIM_ITRx_SetConfig      0x08000857   0x10  Code  Lc  stm32f3xx_hal_tim.o [1]
TIM_SlaveTimer_SetConfig
                        0x0800066b   0x72  Code  Lc  stm32f3xx_hal_tim.o [1]
TIM_TI1_ConfigInputStage
                        0x0800076d   0x24  Code  Lc  stm32f3xx_hal_tim.o [1]
TIM_TI1_SetConfig       0x080006dd   0x66  Code  Gb  stm32f3xx_hal_tim.o [1]
TIM_TI2_ConfigInputStage
                        0x080007c7   0x26  Code  Lc  stm32f3xx_hal_tim.o [1]
TIM_TI2_SetConfig       0x08000791   0x36  Code  Lc  stm32f3xx_hal_tim.o [1]
TIM_TI3_SetConfig       0x080007ed   0x34  Code  Lc  stm32f3xx_hal_tim.o [1]
TIM_TI4_SetConfig       0x08000821   0x36  Code  Lc  stm32f3xx_hal_tim.o [1]
UART_AdvFeatureConfig   0x08001f41   0xc8  Code  Gb  stm32f3xx_hal_uart.o [1]
UART_CheckIdleState     0x08002009   0x54  Code  Gb  stm32f3xx_hal_uart.o [1]
UART_EndTransmit_IT     0x08002191   0x1a  Code  Gb  stm32f3xx_hal_uart.o [1]
UART_Receive_IT         0x080021ab   0x84  Code  Gb  stm32f3xx_hal_uart.o [1]
UART_SetConfig          0x08001d1d  0x206  Code  Gb  stm32f3xx_hal_uart.o [1]
UART_Transmit_IT        0x0800212d   0x64  Code  Gb  stm32f3xx_hal_uart.o [1]
UART_WaitOnFlagUntilTimeout
                        0x0800205d   0xce  Code  Gb  stm32f3xx_hal_uart.o [1]
USART3_IRQHandler       0x08003451    0x6  Code  Gb  stm32f3xx_it.o [1]
UartReady               0x20000b8c    0x1  Data  Gb  main.o [1]
_Close_all              0x080032c1   0x58  Code  Gb  xcloseall.o [3]
_Files                  0x200000c4   0x20  Data  Gb  xfiles.o [3]
_Fofree                 0x08003119   0x78  Code  Gb  xfofind.o [3]
_Fspos                  0x08002a95   0xd6  Code  Gb  xfspos.o [3]
_Fwprep                 0x08002e39   0xb8  Code  Gb  xfwprep.o [3]
_LitobSmallNoMb         0x08002731   0xce  Code  Lc  xprintfsmall_nomb.o [3]
_Nnl                    0x08002c1d    0xc  Code  Gb  xfgpos.o [3]
_PrintfSmallNoMb        0x0800235d  0x382  Code  Gb  xprintfsmall_nomb.o [3]
_Prout                  0x08003511   0x16  Code  Gb  xprout.o [3]
_PutcharsSmallNoMb      0x080027ff   0x2e  Code  Lc  xprintfsmall_nomb.o [3]
__aeabi_errno_addr      0x08002c75    0x6  Code  Gb  errno.o [3]
__cexit_closeall        0x080034ef         Code  Gb  cexit.o [5]
__close                 0x0800328f   0x1a  Code  Gb  close.o [6]
__cmain                 0x080034c9         Code  Gb  cmain.o [5]
__cstart_closeall       0x08003670         Data  Gb  cstart_closeall.o [5]
__data_Aldata           0x20000b7c    0x8  Data  Gb  xxmemxmalloc.o [3]
__data_GetMemChunk      0x08003045   0x2c  Code  Gb  xgetmemchunk.o [3]
__data_GetMemChunk::start
                        0x20000b88    0x4  Data  Lc  xgetmemchunk.o [3]
__dwrite                0x08002d63   0x1e  Code  Gb  dwrite.o [6]
__exit                  0x080034fd   0x14  Code  Gb  exit.o [6]
__iar_Errno             0x200000ec    0x4  Data  Gb  errno.o [3]
__iar_Lockfilelock      0x08002c81    0x2  Code  Gb  xsyslock_nop.o [3]
__iar_Memchr            0x08002889         Code  Gb  memchr.o [5]
__iar_Stderr            0x20000084   0x40  Data  Gb  xfiles.o [3]
__iar_Stdin             0x20000004   0x40  Data  Gb  xfiles.o [3]
__iar_Stdout            0x20000044   0x40  Data  Gb  xfiles.o [3]
__iar_Strchr            0x08002839         Code  Gb  strchr.o [5]
__iar_Unlockfilelock    0x08002c83    0x2  Code  Gb  xsyslock_nop.o [3]
__iar_close_ttio        0x08002dc5   0x2e  Code  Gb  iarttio.o [6]
__iar_data_init3        0x08003415   0x28  Code  Gb  data_init.o [5]
__iar_dlib_perthread_access
                        0x08002d61    0x2  Code  Gb  xtls.o [3]
__iar_get_ttio          0x08002df5   0x38  Code  Gb  iarttio.o [6]
__iar_init_vfp          0x08003485         Code  Gb  fpinit_M.o [4]
__iar_lookup_ttioh      0x08002e31    0x8  Code  Gb  XShttio.o [3]
__iar_packbits_init_single3
                        0x080033af   0x38  Code  Gb  packbits_init_single.o [5]
__iar_program_start     0x08003545         Code  Gb  cstartup_M.o [5]
__iar_sh_Discard        0x08002c95   0x3e  Code  Gb  XShHandles.o [3]
__iar_sh_Move           0x08002cd9   0x46  Code  Gb  XShHandles.o [3]
__iar_sh_Pos            0x08002d1f   0x3e  Code  Gb  XShHandles.o [3]
__iar_sh_stdout         0x08002d81   0x20  Code  Gb  iarwstd.o [6]
__iar_sh_write          0x08002da1   0x22  Code  Gb  iarwrite.o [6]
__iar_ttio_handles      0x200000e4    0x8  Data  Lc  XShttio.o [3]
__iar_zero_init3        0x0800336f   0x40  Code  Gb  zero_init3.o [5]
__low_level_init        0x080034e3    0x4  Code  Gb  low_level_init.o [3]
__lseek                 0x08002c29   0x4c  Code  Gb  lseek.o [6]
__vector_table          0x08000000         Data  Gb  startup_stm32f303xc.o [1]
__write                 0x08002c85   0x10  Code  Gb  write.o [6]
_call_main              0x080034d5         Code  Gb  cmain.o [5]
_exit                   0x080034ed         Code  Gb  cexit.o [5]
_main                   0x080034df         Code  Gb  cmain.o [5]
aPLLMULFactorTable      0x0800194c   0x10  Data  Gb  stm32f3xx_hal_rcc.o [1]
aPredivFactorTable      0x0800195c   0x10  Data  Gb  stm32f3xx_hal_rcc.o [1]
ebuf                    0x20000a5c   0x50  Data  Lc  xfiles.o [3]
exit                    0x080034e7    0x4  Code  Gb  exit.o [3]
fclose                  0x08003215   0x7a  Code  Gb  fclose.o [3]
fflush                  0x08002be3   0x34  Code  Gb  fflush.o [3]
fflushOne               0x08002b6d   0x76  Code  Lc  fflush.o [3]
fputc                   0x08003319   0x56  Code  Gb  fputc.o [3]
free                    0x08002fc5   0x7a  Code  Gb  xxmemxfree.o [3]
fseek                   0x08002fa1   0x22  Code  Gb  fseek.o [3]
hcrc                    0x20000b38   0x24  Data  Gb  crc.o [1]
hrtc                    0x20000b5c   0x20  Data  Gb  main.o [1]
htim1                   0x20000afc   0x3c  Data  Gb  tim.o [1]
huart3                  0x200009ec   0x70  Data  Gb  usart.o [1]
main                    0x08000a55   0x9a  Code  Gb  main.o [1]
malloc                  0x08002ef1   0xac  Code  Gb  xxmemxmalloc.o [3]
memchr                  0x08002889         Code  Gb  memchr.o [5]
obuf                    0x20000aac   0x50  Data  Lc  xfiles.o [3]
osSystickHandler        0x08003471   0x14  Code  Gb  cmsis_os.o [1]
printf                  0x0800140d   0x24  Code  Gb  printf.o [3]
prvResetNextTaskUnblockTime
                        0x08002a0d   0x1e  Code  Lc  tasks.o [1]
putchar                 0x08003529    0xc  Code  Gb  putchar.o [3]
pxCurrentTCB            0x2000086c    0x4  Data  Gb  tasks.o [1]
pxDelayedTaskList       0x20000870    0x4  Data  Lc  tasks.o [1]
pxOverflowDelayedTaskList
                        0x20000874    0x4  Data  Lc  tasks.o [1]
pxReadyTasksLists       0x200008e0   0x8c  Data  Lc  tasks.o [1]
remove                  0x080032a9   0x16  Code  Gb  remove.o [6]
sFileInfo               0x2000096c   0x80  Data  Lc  XShHandles.o [3]
strchr                  0x08002839         Code  Gb  strchr.o [5]
strlen                  0x08002851         Code  Gb  strlen.o [5]
uwTick                  0x20000b84    0x4  Data  Gb  stm32f3xx_hal.o [1]
uxCurrentNumberOfTasks  0x20000890    0x4  Data  Lc  tasks.o [1]
uxListRemove            0x08002a71   0x24  Code  Gb  list.o [1]
uxPendedTicks           0x200008a0    0x4  Data  Lc  tasks.o [1]
uxSchedulerSuspended    0x200008b4    0x4  Data  Lc  tasks.o [1]
uxTaskNumber            0x200008ac    0x4  Data  Lc  tasks.o [1]
uxTasksDeleted          0x20000878    0x4  Data  Lc  tasks.o [1]
uxTopReadyPriority      0x20000898    0x4  Data  Lc  tasks.o [1]
vListInsertEnd          0x08002a59   0x18  Code  Gb  list.o [1]
vPortEnableVFP          0x080030fd         Code  Gb  portasm.o [1]
vPortStartFirstTask     0x080030e5         Code  Gb  portasm.o [1]
vTaskSwitchContext      0x080029b3   0x5a  Code  Gb  tasks.o [1]
xDelayedTaskList1       0x200008b8   0x14  Data  Lc  tasks.o [1]
xDelayedTaskList2       0x200008cc   0x14  Data  Lc  tasks.o [1]
xNextTaskUnblockTime    0x200008b0    0x4  Data  Lc  tasks.o [1]
xNumOfOverflows         0x200008a8    0x4  Data  Lc  tasks.o [1]
xPendingReadyList       0x20000844   0x14  Data  Lc  tasks.o [1]
xPortSysTickHandler     0x080033e9   0x28  Code  Gb  port.o [1]
xSchedulerRunning       0x2000089c    0x4  Data  Lc  tasks.o [1]
xSuspendedTaskList      0x2000087c   0x14  Data  Lc  tasks.o [1]
xTaskGetSchedulerState  0x08002a2b   0x1c  Code  Gb  tasks.o [1]
xTaskIncrementTick      0x080028e1   0xd2  Code  Gb  tasks.o [1]
xTasksWaitingTermination
                        0x20000858   0x14  Data  Lc  tasks.o [1]
xTickCount              0x20000894    0x4  Data  Lc  tasks.o [1]
xYieldPending           0x200008a4    0x4  Data  Lc  tasks.o [1]


[1] = C:\-=Skola=-\Inbyggda System\Projekt labb\KULUR\Test\Debug\Obj
[2] = command line
[3] = dl7M_tlf.a
[4] = m7M_tls.a
[5] = rt7M_tl.a
[6] = shb_l.a

  13 894 bytes of readonly  code memory
     170 bytes of readonly  data memory
   2 957 bytes of readwrite data memory

Errors: none
Warnings: none
