###############################################################################
#
# IAR ELF Linker V7.80.3.12102/W32 for ARM                01/Mar/2017  12:26:13
# Copyright 2007-2016 IAR Systems AB.
#
#    Output file  =  
#        C:\-=Skola=-\Inbyggda System\Projekt
#        labb\KULUR\Test\Debug\Exe\Test.out
#    Map file     =  
#        C:\-=Skola=-\Inbyggda System\Projekt
#        labb\KULUR\Test\Debug\List\Test.map
#    Command line =  
#        "C:\-=Skola=-\Inbyggda System\Projekt
#        labb\KULUR\Test\Debug\Obj\cmsis_os.o" "C:\-=Skola=-\Inbyggda
#        System\Projekt labb\KULUR\Test\Debug\Obj\crc.o" "C:\-=Skola=-\Inbyggda
#        System\Projekt labb\KULUR\Test\Debug\Obj\croutine.o"
#        "C:\-=Skola=-\Inbyggda System\Projekt
#        labb\KULUR\Test\Debug\Obj\event_groups.o" "C:\-=Skola=-\Inbyggda
#        System\Projekt labb\KULUR\Test\Debug\Obj\freertos.o"
#        "C:\-=Skola=-\Inbyggda System\Projekt
#        labb\KULUR\Test\Debug\Obj\gpio.o" "C:\-=Skola=-\Inbyggda
#        System\Projekt labb\KULUR\Test\Debug\Obj\heap_4.o"
#        "C:\-=Skola=-\Inbyggda System\Projekt
#        labb\KULUR\Test\Debug\Obj\list.o" "C:\-=Skola=-\Inbyggda
#        System\Projekt labb\KULUR\Test\Debug\Obj\main.o"
#        "C:\-=Skola=-\Inbyggda System\Projekt
#        labb\KULUR\Test\Debug\Obj\port.o" "C:\-=Skola=-\Inbyggda
#        System\Projekt labb\KULUR\Test\Debug\Obj\portasm.o"
#        "C:\-=Skola=-\Inbyggda System\Projekt
#        labb\KULUR\Test\Debug\Obj\queue.o" "C:\-=Skola=-\Inbyggda
#        System\Projekt labb\KULUR\Test\Debug\Obj\rtc.o" "C:\-=Skola=-\Inbyggda
#        System\Projekt labb\KULUR\Test\Debug\Obj\startup_stm32f303xc.o"
#        "C:\-=Skola=-\Inbyggda System\Projekt
#        labb\KULUR\Test\Debug\Obj\stm32f3xx_hal.o" "C:\-=Skola=-\Inbyggda
#        System\Projekt labb\KULUR\Test\Debug\Obj\stm32f3xx_hal_cortex.o"
#        "C:\-=Skola=-\Inbyggda System\Projekt
#        labb\KULUR\Test\Debug\Obj\stm32f3xx_hal_crc.o" "C:\-=Skola=-\Inbyggda
#        System\Projekt labb\KULUR\Test\Debug\Obj\stm32f3xx_hal_crc_ex.o"
#        "C:\-=Skola=-\Inbyggda System\Projekt
#        labb\KULUR\Test\Debug\Obj\stm32f3xx_hal_dma.o" "C:\-=Skola=-\Inbyggda
#        System\Projekt labb\KULUR\Test\Debug\Obj\stm32f3xx_hal_flash.o"
#        "C:\-=Skola=-\Inbyggda System\Projekt
#        labb\KULUR\Test\Debug\Obj\stm32f3xx_hal_flash_ex.o"
#        "C:\-=Skola=-\Inbyggda System\Projekt
#        labb\KULUR\Test\Debug\Obj\stm32f3xx_hal_gpio.o" "C:\-=Skola=-\Inbyggda
#        System\Projekt labb\KULUR\Test\Debug\Obj\stm32f3xx_hal_i2c.o"
#        "C:\-=Skola=-\Inbyggda System\Projekt
#        labb\KULUR\Test\Debug\Obj\stm32f3xx_hal_i2c_ex.o"
#        "C:\-=Skola=-\Inbyggda System\Projekt
#        labb\KULUR\Test\Debug\Obj\stm32f3xx_hal_msp.o" "C:\-=Skola=-\Inbyggda
#        System\Projekt labb\KULUR\Test\Debug\Obj\stm32f3xx_hal_pwr.o"
#        "C:\-=Skola=-\Inbyggda System\Projekt
#        labb\KULUR\Test\Debug\Obj\stm32f3xx_hal_pwr_ex.o"
#        "C:\-=Skola=-\Inbyggda System\Projekt
#        labb\KULUR\Test\Debug\Obj\stm32f3xx_hal_rcc.o" "C:\-=Skola=-\Inbyggda
#        System\Projekt labb\KULUR\Test\Debug\Obj\stm32f3xx_hal_rcc_ex.o"
#        "C:\-=Skola=-\Inbyggda System\Projekt
#        labb\KULUR\Test\Debug\Obj\stm32f3xx_hal_rtc.o" "C:\-=Skola=-\Inbyggda
#        System\Projekt labb\KULUR\Test\Debug\Obj\stm32f3xx_hal_rtc_ex.o"
#        "C:\-=Skola=-\Inbyggda System\Projekt
#        labb\KULUR\Test\Debug\Obj\stm32f3xx_hal_tim.o" "C:\-=Skola=-\Inbyggda
#        System\Projekt labb\KULUR\Test\Debug\Obj\stm32f3xx_hal_tim_ex.o"
#        "C:\-=Skola=-\Inbyggda System\Projekt
#        labb\KULUR\Test\Debug\Obj\stm32f3xx_hal_uart.o" "C:\-=Skola=-\Inbyggda
#        System\Projekt labb\KULUR\Test\Debug\Obj\stm32f3xx_hal_uart_ex.o"
#        "C:\-=Skola=-\Inbyggda System\Projekt
#        labb\KULUR\Test\Debug\Obj\stm32f3xx_it.o" "C:\-=Skola=-\Inbyggda
#        System\Projekt labb\KULUR\Test\Debug\Obj\system_stm32f3xx.o"
#        "C:\-=Skola=-\Inbyggda System\Projekt
#        labb\KULUR\Test\Debug\Obj\tasks.o" "C:\-=Skola=-\Inbyggda
#        System\Projekt labb\KULUR\Test\Debug\Obj\tim.o" "C:\-=Skola=-\Inbyggda
#        System\Projekt labb\KULUR\Test\Debug\Obj\timers.o"
#        "C:\-=Skola=-\Inbyggda System\Projekt
#        labb\KULUR\Test\Debug\Obj\usart.o" -o "C:\-=Skola=-\Inbyggda
#        System\Projekt labb\KULUR\Test\Debug\Exe\Test.out" --map
#        "C:\-=Skola=-\Inbyggda System\Projekt
#        labb\KULUR\Test\Debug\List\Test.map" --config "C:\-=Skola=-\Inbyggda
#        System\Projekt labb\KULUR\Test/stm32f303xc_flash.icf" --semihosting
#        --entry __iar_program_start --vfe
#
###############################################################################

*******************************************************************************
*** RUNTIME MODEL ATTRIBUTES
***

CppFlavor                     = *
__SystemLibrary               = DLib
__dlib_dynamic_initialization = normal


*******************************************************************************
*** PLACEMENT SUMMARY
***

"A0":  place at 0x08000000 { ro section .intvec };
"P1":  place in [from 0x08000000 to 0x0803ffff] { ro };
"P2":  place in [from 0x20000000 to 0x20009fff] { rw, block CSTACK, block HEAP };
initialize by copy { rw };

  Section             Kind        Address    Size  Object
  -------             ----        -------    ----  ------
"A0":                                       0x188
  .intvec             ro code  0x08000000   0x188  startup_stm32f303xc.o [1]
                             - 0x08000188   0x188

"P1":                                      0x52dc
  .text               ro code  0x08000188   0xaa8  stm32f3xx_hal_rcc.o [1]
  .text               ro code  0x08000c30     0xc  stm32f3xx_hal.o [1]
  .text               ro code  0x08000c3c    0x28  stm32f3xx_hal.o [1]
  .text               ro code  0x08000c64   0x144  stm32f3xx_hal_cortex.o [1]
  .text               ro code  0x08000da8   0xa76  main.o [1]
  .text               ro code  0x08001820    0x28  stm32f3xx_hal.o [1]
  .text               ro code  0x08001848   0x1c0  gpio.o [1]
  .text               ro code  0x08001a08    0xb8  usart.o [1]
  .text               ro code  0x08001ac0    0x68  rtc.o [1]
  .text               ro code  0x08001b28   0x2f8  tim.o [1]
  .text               ro code  0x08001e20    0x7c  crc.o [1]
  .text               ro code  0x08001e9c   0x1be  stm32f3xx_hal_crc.o [1]
  .text               ro code  0x0800205c    0x30  I32ToDbl.o [4]
  .text               ro code  0x0800208c    0x2c  copy_init3.o [5]
  .text               ro code  0x080020b8   0x8c0  pow.o [4]
  .text               ro code  0x08002978   0x1a2  DblMul.o [4]
  .text               ro code  0x08002b1c    0xe8  DblAdd.o [4]
  .text               ro code  0x08002c04    0x4c  DblToI32.o [4]
  .text               ro code  0x08002c50   0x1b2  stm32f3xx_hal_rtc.o [1]
  .text               ro code  0x08002e04   0x1ec  stm32f3xx_hal_gpio.o [1]
  .text               ro code  0x08002ff0   0x2c8  stm32f3xx_hal_rcc_ex.o [1]
  .text               ro code  0x080032b8    0x7c  stm32f3xx_hal_msp.o [1]
  .text               ro code  0x08003334   0x780  stm32f3xx_hal_uart.o [1]
  .text               ro code  0x08003ab4   0x87c  stm32f3xx_hal_tim.o [1]
  .text               ro code  0x08004330    0x64  stm32f3xx_hal_tim_ex.o [1]
  .text               ro code  0x08004394    0x5e  stm32f3xx_hal_crc_ex.o [1]
  .text               ro code  0x080043f2    0x44  xdnorm.o [4]
  .text               ro code  0x08004436    0x7e  xdint.o [4]
  .text               ro code  0x080044b4    0x20  DblCmpEq.o [4]
  .text               ro code  0x080044d4     0xc  errno.o [3]
  .text               ro code  0x080044e0    0x2e  DblCmpGe.o [4]
  .text               ro code  0x08004510    0x2e  DblCmpLe.o [4]
  .text               ro code  0x08004540   0x180  DblSub.o [4]
  .text               ro code  0x080046c0   0x256  DblDiv.o [4]
  .text               ro code  0x08004918    0xb0  xlog.o [4]
  .text               ro code  0x080049c8   0x2c6  xexp.o [4]
  .text               ro code  0x08004c8e     0x2  stm32f3xx_hal_uart_ex.o [1]
  .text               ro code  0x08004c90     0x2  stm32f3xx_hal_uart.o [1]
  .text               ro code  0x08004c92     0x2  stm32f3xx_hal_tim.o [1]
  .text               ro code  0x08004c94     0x2  stm32f3xx_hal_tim.o [1]
  .text               ro code  0x08004c96     0x2  stm32f3xx_hal_tim.o [1]
  .text               ro code  0x08004c98     0x2  stm32f3xx_hal_tim.o [1]
  .text               ro code  0x08004c9a     0x2  stm32f3xx_hal_tim_ex.o [1]
  .text               ro code  0x08004c9c     0x2  stm32f3xx_hal_tim.o [1]
  .text               ro code  0x08004c9e     0x2  stm32f3xx_hal_tim_ex.o [1]
  .text               ro code  0x08004ca0     0x2  xtls.o [3]
  .text               ro code  0x08004ca2    0x40  xdtest.o [4]
  .text               ro code  0x08004ce4   0x114  xdscale.o [4]
  .text               ro code  0x08004df8   0x208  tasks.o [1]
  .text               ro code  0x08005000    0x3e  list.o [1]
  CODE                ro code  0x08005040    0xa8  portasm.o [1]
  .text               ro code  0x080050e8    0x98  system_stm32f3xx.o [1]
  .text               ro code  0x08005180    0x40  zero_init3.o [5]
  .text               ro code  0x080051c0    0x34  port.o [1]
  .text               ro code  0x080051f4    0x28  stm32f3xx_it.o [1]
  .text               ro code  0x0800521c    0x10  stm32f3xx_hal.o [1]
  .text               ro code  0x0800522c    0x10  cmsis_os.o [1]
  .text               ro code  0x0800523c    0x28  data_init.o [5]
  .text               ro code  0x08005264    0x22  fpinit_M.o [4]
  .iar.init_table     const    0x08005288    0x24  - Linker created -
  .text               ro code  0x080052ac    0x1a  cmain.o [5]
  .text               ro code  0x080052c6     0x4  low_level_init.o [3]
  .text               ro code  0x080052ca     0x4  exit.o [3]
  .text               ro code  0x080052d0     0xa  cexit.o [5]
  .text               ro code  0x080052dc    0x14  exit.o [6]
  .rodata             const    0x080052f0    0x10  stm32f3xx_hal_rcc.o [1]
  .rodata             const    0x08005300    0x10  stm32f3xx_hal_rcc.o [1]
  .rodata             const    0x08005310    0x10  system_stm32f3xx.o [1]
  .text               ro code  0x08005320    0x10  startup_stm32f303xc.o [1]
  .text               ro code  0x08005330     0xc  cstartup_M.o [5]
  .rodata             const    0x0800533c     0x8  system_stm32f3xx.o [1]
  Initializer bytes   const    0x08005344     0x8  <for P2-1>
  .text               ro code  0x0800534c     0x4  startup_stm32f303xc.o [1]
  .text               ro code  0x08005350     0x4  startup_stm32f303xc.o [1]
  .text               ro code  0x08005354     0x4  startup_stm32f303xc.o [1]
  .text               ro code  0x08005358     0x4  startup_stm32f303xc.o [1]
  .text               ro code  0x0800535c     0x4  startup_stm32f303xc.o [1]
  .text               ro code  0x08005360     0x4  startup_stm32f303xc.o [1]
  .text               ro code  0x08005364     0x4  startup_stm32f303xc.o [1]
  .text               ro code  0x08005368     0x4  startup_stm32f303xc.o [1]
  .text               ro code  0x0800536c     0x4  startup_stm32f303xc.o [1]
  .text               ro code  0x08005370     0x4  startup_stm32f303xc.o [1]
  .text               ro code  0x08005374     0x4  startup_stm32f303xc.o [1]
  .text               ro code  0x08005378     0x4  startup_stm32f303xc.o [1]
  .text               ro code  0x0800537c     0x4  startup_stm32f303xc.o [1]
  .text               ro code  0x08005380     0x4  startup_stm32f303xc.o [1]
  .text               ro code  0x08005384     0x4  startup_stm32f303xc.o [1]
  .text               ro code  0x08005388     0x4  startup_stm32f303xc.o [1]
  .text               ro code  0x0800538c     0x4  startup_stm32f303xc.o [1]
  .text               ro code  0x08005390     0x4  startup_stm32f303xc.o [1]
  .text               ro code  0x08005394     0x4  startup_stm32f303xc.o [1]
  .text               ro code  0x08005398     0x4  startup_stm32f303xc.o [1]
  .text               ro code  0x0800539c     0x4  startup_stm32f303xc.o [1]
  .text               ro code  0x080053a0     0x4  startup_stm32f303xc.o [1]
  .text               ro code  0x080053a4     0x4  startup_stm32f303xc.o [1]
  .text               ro code  0x080053a8     0x4  startup_stm32f303xc.o [1]
  .text               ro code  0x080053ac     0x4  startup_stm32f303xc.o [1]
  .text               ro code  0x080053b0     0x4  startup_stm32f303xc.o [1]
  .text               ro code  0x080053b4     0x4  startup_stm32f303xc.o [1]
  .text               ro code  0x080053b8     0x4  startup_stm32f303xc.o [1]
  .text               ro code  0x080053bc     0x4  startup_stm32f303xc.o [1]
  .text               ro code  0x080053c0     0x4  startup_stm32f303xc.o [1]
  .text               ro code  0x080053c4     0x4  startup_stm32f303xc.o [1]
  .text               ro code  0x080053c8     0x4  startup_stm32f303xc.o [1]
  .text               ro code  0x080053cc     0x4  startup_stm32f303xc.o [1]
  .text               ro code  0x080053d0     0x4  startup_stm32f303xc.o [1]
  .text               ro code  0x080053d4     0x4  startup_stm32f303xc.o [1]
  .text               ro code  0x080053d8     0x4  startup_stm32f303xc.o [1]
  .text               ro code  0x080053dc     0x4  startup_stm32f303xc.o [1]
  .text               ro code  0x080053e0     0x4  startup_stm32f303xc.o [1]
  .text               ro code  0x080053e4     0x4  startup_stm32f303xc.o [1]
  .text               ro code  0x080053e8     0x4  startup_stm32f303xc.o [1]
  .text               ro code  0x080053ec     0x4  startup_stm32f303xc.o [1]
  .text               ro code  0x080053f0     0x4  startup_stm32f303xc.o [1]
  .text               ro code  0x080053f4     0x4  startup_stm32f303xc.o [1]
  .text               ro code  0x080053f8     0x4  startup_stm32f303xc.o [1]
  .text               ro code  0x080053fc     0x4  startup_stm32f303xc.o [1]
  .text               ro code  0x08005400     0x4  startup_stm32f303xc.o [1]
  .text               ro code  0x08005404     0x4  startup_stm32f303xc.o [1]
  .text               ro code  0x08005408     0x4  startup_stm32f303xc.o [1]
  .text               ro code  0x0800540c     0x4  startup_stm32f303xc.o [1]
  .text               ro code  0x08005410     0x4  startup_stm32f303xc.o [1]
  .text               ro code  0x08005414     0x4  startup_stm32f303xc.o [1]
  .text               ro code  0x08005418     0x4  startup_stm32f303xc.o [1]
  .text               ro code  0x0800541c     0x4  startup_stm32f303xc.o [1]
  .text               ro code  0x08005420     0x4  startup_stm32f303xc.o [1]
  .text               ro code  0x08005424     0x4  startup_stm32f303xc.o [1]
  .text               ro code  0x08005428     0x4  startup_stm32f303xc.o [1]
  .text               ro code  0x0800542c     0x4  startup_stm32f303xc.o [1]
  .text               ro code  0x08005430     0x4  startup_stm32f303xc.o [1]
  .text               ro code  0x08005434     0x4  startup_stm32f303xc.o [1]
  .text               ro code  0x08005438     0x4  startup_stm32f303xc.o [1]
  .text               ro code  0x0800543c     0x4  startup_stm32f303xc.o [1]
  .text               ro code  0x08005440     0x4  startup_stm32f303xc.o [1]
  .text               ro code  0x08005444     0x4  startup_stm32f303xc.o [1]
  .text               ro code  0x08005448     0x4  startup_stm32f303xc.o [1]
  .text               ro code  0x0800544c     0x4  startup_stm32f303xc.o [1]
  .text               ro code  0x08005450     0x4  startup_stm32f303xc.o [1]
  .text               ro code  0x08005454     0x4  startup_stm32f303xc.o [1]
  .text               ro code  0x08005458     0x4  startup_stm32f303xc.o [1]
  .text               ro code  0x0800545c     0x4  startup_stm32f303xc.o [1]
  .text               ro code  0x08005460     0x4  startup_stm32f303xc.o [1]
  .rodata             const    0x08005464     0x0  zero_init3.o [5]
  .rodata             const    0x08005464     0x0  copy_init3.o [5]
                             - 0x08005464  0x52dc

"P2", part 1 of 3:                            0x8
  P2-1                         0x20000000     0x8  <Init block>
    .data             inited   0x20000000     0x4  system_stm32f3xx.o [1]
    __DLIB_PERTHREAD  inited   0x20000004     0x4  errno.o [3]
                             - 0x20000008     0x8

"P2", part 2 of 3:                          0x400
  CSTACK                       0x20000008   0x400  <Block>
    CSTACK            uninit   0x20000008   0x400  <Block tail>
                             - 0x20000408   0x400

"P2", part 3 of 3:                          0x5b8
  .bss                zero     0x20000408   0x320  tim.o [1]
  .bss                zero     0x20000728    0xa0  main.o [1]
  .bss                zero     0x200007c8    0x8c  tasks.o [1]
  .bss                zero     0x20000854    0x70  usart.o [1]
  .bss                zero     0x200008c4    0x3c  tim.o [1]
  .bss                zero     0x20000900    0x24  crc.o [1]
  .bss                zero     0x20000924    0x20  main.o [1]
  .bss                zero     0x20000944    0x20  main.o [1]
  .bss                zero     0x20000964    0x14  tim.o [1]
  .bss                zero     0x20000978     0x4  main.o [1]
  .bss                zero     0x2000097c     0x4  main.o [1]
  .bss                zero     0x20000980     0x4  main.o [1]
  .bss                zero     0x20000984     0x4  main.o [1]
  .bss                zero     0x20000988     0x4  stm32f3xx_hal.o [1]
  .bss                zero     0x2000098c     0x4  tasks.o [1]
  .bss                zero     0x20000990     0x4  tasks.o [1]
  .bss                zero     0x20000994     0x4  tasks.o [1]
  .bss                zero     0x20000998     0x4  tasks.o [1]
  .bss                zero     0x2000099c     0x4  tasks.o [1]
  .bss                zero     0x200009a0     0x4  tasks.o [1]
  .bss                zero     0x200009a4     0x4  tasks.o [1]
  .bss                zero     0x200009a8     0x4  tasks.o [1]
  .bss                zero     0x200009ac     0x4  tasks.o [1]
  .bss                zero     0x200009b0     0x4  tasks.o [1]
  .bss                zero     0x200009b4     0x4  tasks.o [1]
  .bss                zero     0x200009b8     0x4  tim.o [1]
  .bss                zero     0x200009bc     0x1  main.o [1]
  .bss                zero     0x200009bd     0x1  tim.o [1]
  .bss                zero     0x200009be     0x1  tim.o [1]
                             - 0x200009bf   0x5b7


*******************************************************************************
*** INIT TABLE
***

          Address     Size
          -------     ----
Zero (__iar_zero_init3)
    1 destination range, total size 0x5b7:
          0x20000408  0x5b7

Copy (__iar_copy_init3)
    1 source range, total size 0x8:
          0x08005344    0x8
    1 destination range, total size 0x8:
          0x20000000    0x8



*******************************************************************************
*** MODULE SUMMARY
***

    Module                   ro code  ro data  rw data
    ------                   -------  -------  -------
C:\-=Skola=-\Inbyggda System\Projekt labb\KULUR\Test\Debug\Obj: [1]
    cmsis_os.o                    16
    crc.o                        124                36
    gpio.o                       448
    list.o                        62
    main.o                     2 678               241
    port.o                        52
    portasm.o                    168
    rtc.o                        104
    startup_stm32f303xc.o        688
    stm32f3xx_hal.o              108                 4
    stm32f3xx_hal_cortex.o       324
    stm32f3xx_hal_crc.o          446
    stm32f3xx_hal_crc_ex.o        94
    stm32f3xx_hal_gpio.o         492
    stm32f3xx_hal_msp.o          124
    stm32f3xx_hal_rcc.o        2 728       32
    stm32f3xx_hal_rcc_ex.o       712
    stm32f3xx_hal_rtc.o          434
    stm32f3xx_hal_tim.o        2 182
    stm32f3xx_hal_tim_ex.o       104
    stm32f3xx_hal_uart.o       1 922
    stm32f3xx_hal_uart_ex.o        2
    stm32f3xx_it.o                40
    system_stm32f3xx.o           152       28        4
    tasks.o                      520               184
    tim.o                        760               886
    usart.o                      184               112
    --------------------------------------------------
    Total:                    15 668       60    1 467

command line: [2]
    --------------------------------------------------
    Total:

dl7M_tlf.a: [3]
    errno.o                       12        4        4
    exit.o                         4
    low_level_init.o               4
    xtls.o                         2
    --------------------------------------------------
    Total:                        22        4        4

m7M_tls.a: [4]
    DblAdd.o                     232
    DblCmpEq.o                    32
    DblCmpGe.o                    46
    DblCmpLe.o                    46
    DblDiv.o                     598
    DblMul.o                     418
    DblSub.o                     384
    DblToI32.o                    76
    I32ToDbl.o                    48
    fpinit_M.o                    34
    pow.o                      2 240
    xdint.o                      126
    xdnorm.o                      68
    xdscale.o                    276
    xdtest.o                      64
    xexp.o                       710
    xlog.o                       176
    --------------------------------------------------
    Total:                     5 574

rt7M_tl.a: [5]
    cexit.o                       10
    cmain.o                       26
    copy_init3.o                  44
    cstartup_M.o                  12
    data_init.o                   40
    zero_init3.o                  64
    --------------------------------------------------
    Total:                       196

shb_l.a: [6]
    exit.o                        20
    --------------------------------------------------
    Total:                        20

    Gaps                          22        2
    Linker created                         36    1 024
------------------------------------------------------
    Grand Total:              21 502      102    2 495


*******************************************************************************
*** ENTRY LIST
***

Entry                      Address   Size  Type      Object
-----                      -------   ----  ----      ------
.iar.init_table$$Base   0x08005288          --   Gb  - Linker created -
.iar.init_table$$Limit  0x080052ac          --   Gb  - Linker created -
?main                   0x080052ad         Code  Gb  cmain.o [5]
AHBPrescTable           0x08005310   0x10  Data  Gb  system_stm32f3xx.o [1]
APBPrescTable           0x0800533c    0x8  Data  Gb  system_stm32f3xx.o [1]
CRC_Handle_16           0x08002023   0x38  Code  Lc  stm32f3xx_hal_crc.o [1]
CRC_Handle_8            0x08001f91   0x92  Code  Lc  stm32f3xx_hal_crc.o [1]
CSTACK$$Base            0x20000008          --   Gb  - Linker created -
CSTACK$$Limit           0x20000408          --   Gb  - Linker created -
Display                 0x08000edd  0x86e  Code  Gb  main.o [1]
Display::last_second    0x20000984    0x4  Data  Lc  main.o [1]
Display::tempDecTal     0x20000980    0x4  Data  Lc  main.o [1]
Display::tempEnTal      0x2000097c    0x4  Data  Lc  main.o [1]
Display::tempTioTal     0x20000978    0x4  Data  Lc  main.o [1]
Display::value_array    0x20000944   0x20  Data  Lc  main.o [1]
Error_Handler           0x0800181d    0x2  Code  Gb  main.o [1]
HAL_CRCEx_Polynomial_Set
                        0x08004395   0x5e  Code  Gb  stm32f3xx_hal_crc_ex.o [1]
HAL_CRC_Calculate       0x08001f29   0x68  Code  Gb  stm32f3xx_hal_crc.o [1]
HAL_CRC_Init            0x08001e9d   0x88  Code  Gb  stm32f3xx_hal_crc.o [1]
HAL_CRC_MspInit         0x08001e69   0x26  Code  Gb  crc.o [1]
HAL_GPIO_Init           0x08002e05  0x1a8  Code  Gb  stm32f3xx_hal_gpio.o [1]
HAL_GPIO_TogglePin      0x08002fbf    0xa  Code  Gb  stm32f3xx_hal_gpio.o [1]
HAL_GPIO_WritePin       0x08002fad   0x12  Code  Gb  stm32f3xx_hal_gpio.o [1]
HAL_GetTick             0x08000c31    0xc  Code  Wk  stm32f3xx_hal.o [1]
HAL_IncTick             0x0800521d   0x10  Code  Wk  stm32f3xx_hal.o [1]
HAL_Init                0x08001821   0x22  Code  Gb  stm32f3xx_hal.o [1]
HAL_InitTick            0x08000c3d   0x28  Code  Wk  stm32f3xx_hal.o [1]
HAL_MspInit             0x080032b9   0x7c  Code  Gb  stm32f3xx_hal_msp.o [1]
HAL_NVIC_EnableIRQ      0x08000d57    0xa  Code  Gb  stm32f3xx_hal_cortex.o [1]
HAL_NVIC_SetPriority    0x08000d35   0x22  Code  Gb  stm32f3xx_hal_cortex.o [1]
HAL_NVIC_SetPriorityGrouping
                        0x08000d2d    0x8  Code  Gb  stm32f3xx_hal_cortex.o [1]
HAL_RCCEx_PeriphCLKConfig
                        0x08002ff1  0x2a8  Code  Gb  stm32f3xx_hal_rcc_ex.o [1]
HAL_RCC_ClockConfig     0x08000905  0x23c  Code  Gb  stm32f3xx_hal_rcc.o [1]
HAL_RCC_GetHCLKFreq     0x08000ba7    0x6  Code  Gb  stm32f3xx_hal_rcc.o [1]
HAL_RCC_GetPCLK1Freq    0x08000bad   0x20  Code  Gb  stm32f3xx_hal_rcc.o [1]
HAL_RCC_GetPCLK2Freq    0x08000bcd   0x20  Code  Gb  stm32f3xx_hal_rcc.o [1]
HAL_RCC_GetSysClockFreq
                        0x08000b41   0x66  Code  Gb  stm32f3xx_hal_rcc.o [1]
HAL_RCC_OscConfig       0x08000189  0x77c  Code  Gb  stm32f3xx_hal_rcc.o [1]
HAL_RTC_GetDate         0x08002d5b   0x4a  Code  Gb  stm32f3xx_hal_rtc.o [1]
HAL_RTC_GetTime         0x08002cfd   0x5e  Code  Gb  stm32f3xx_hal_rtc.o [1]
HAL_RTC_Init            0x08002c51   0xac  Code  Gb  stm32f3xx_hal_rtc.o [1]
HAL_RTC_MspInit         0x08001aff   0x1c  Code  Gb  rtc.o [1]
HAL_SYSTICK_CLKSourceConfig
                        0x08000d69   0x20  Code  Gb  stm32f3xx_hal_cortex.o [1]
HAL_SYSTICK_Config      0x08000d61    0x8  Code  Gb  stm32f3xx_hal_cortex.o [1]
HAL_TIMEx_BreakCallback
                        0x08004c9b    0x2  Code  Wk  stm32f3xx_hal_tim_ex.o [1]
HAL_TIMEx_CommutationCallback
                        0x08004c9f    0x2  Code  Wk  stm32f3xx_hal_tim_ex.o [1]
HAL_TIMEx_MasterConfigSynchronization
                        0x08004331   0x5c  Code  Gb  stm32f3xx_hal_tim_ex.o [1]
HAL_TIM_Base_Init       0x08003ab5   0x38  Code  Gb  stm32f3xx_hal_tim.o [1]
HAL_TIM_Base_MspInit    0x08001c11   0x58  Code  Gb  tim.o [1]
HAL_TIM_ConfigClockSource
                        0x08003e57  0x11c  Code  Gb  stm32f3xx_hal_tim.o [1]
HAL_TIM_IC_CaptureCallback
                        0x08001c69  0x198  Code  Gb  tim.o [1]
HAL_TIM_IC_CaptureCallback::duty_array
                        0x20000408  0x320  Data  Lc  tim.o [1]
HAL_TIM_IC_CaptureCallback::duty_in_microseconds
                        0x200009b8    0x4  Data  Lc  tim.o [1]
HAL_TIM_IC_CaptureCallback::preamble_bits
                        0x20000964   0x14  Data  Lc  tim.o [1]
HAL_TIM_IC_CaptureCallback::preamble_counter
                        0x200009be    0x1  Data  Lc  tim.o [1]
HAL_TIM_IC_CaptureCallback::preamble_flag
                        0x200009bd    0x1  Data  Lc  tim.o [1]
HAL_TIM_IC_ConfigChannel
                        0x08003d83   0xd4  Code  Gb  stm32f3xx_hal_tim.o [1]
HAL_TIM_IC_Init         0x08003aed   0x38  Code  Gb  stm32f3xx_hal_tim.o [1]
HAL_TIM_IC_MspInit      0x08004c93    0x2  Code  Wk  stm32f3xx_hal_tim.o [1]
HAL_TIM_IC_Start_IT     0x08003b25   0x68  Code  Gb  stm32f3xx_hal_tim.o [1]
HAL_TIM_IC_Stop_IT      0x08003b8d   0x80  Code  Gb  stm32f3xx_hal_tim.o [1]
HAL_TIM_IRQHandler      0x08003c0d  0x176  Code  Gb  stm32f3xx_hal_tim.o [1]
HAL_TIM_OC_DelayElapsedCallback
                        0x08004c95    0x2  Code  Wk  stm32f3xx_hal_tim.o [1]
HAL_TIM_PWM_PulseFinishedCallback
                        0x08004c97    0x2  Code  Wk  stm32f3xx_hal_tim.o [1]
HAL_TIM_PeriodElapsedCallback
                        0x08004c99    0x2  Code  Wk  stm32f3xx_hal_tim.o [1]
HAL_TIM_ReadCapturedValue
                        0x08003fc3   0x48  Code  Gb  stm32f3xx_hal_tim.o [1]
HAL_TIM_SlaveConfigSynchronization
                        0x08003f79   0x4a  Code  Gb  stm32f3xx_hal_tim.o [1]
HAL_TIM_TriggerCallback
                        0x08004c9d    0x2  Code  Wk  stm32f3xx_hal_tim.o [1]
HAL_UARTEx_WakeupCallback
                        0x08004c8f    0x2  Code  Wk  stm32f3xx_hal_uart_ex.o [1]
HAL_UART_ErrorCallback  0x08004c91    0x2  Code  Wk  stm32f3xx_hal_uart.o [1]
HAL_UART_IRQHandler     0x080033b3  0x102  Code  Gb  stm32f3xx_hal_uart.o [1]
HAL_UART_Init           0x08003335   0x7e  Code  Gb  stm32f3xx_hal_uart.o [1]
HAL_UART_MspInit        0x08001a59   0x56  Code  Gb  usart.o [1]
HAL_UART_RxCpltCallback
                        0x08000e99    0xa  Code  Gb  main.o [1]
HAL_UART_TxCpltCallback
                        0x08000e8f    0xa  Code  Gb  main.o [1]
MX_CRC_Init             0x08001e21   0x48  Code  Gb  crc.o [1]
MX_GPIO_Init            0x08001849  0x1c0  Code  Gb  gpio.o [1]
MX_RTC_Init             0x08001ac1   0x3e  Code  Gb  rtc.o [1]
MX_TIM1_Init            0x08001b29   0xe8  Code  Gb  tim.o [1]
MX_USART3_UART_Init     0x08001a09   0x50  Code  Gb  usart.o [1]
NVIC_EnableIRQ          0x08000c8b   0x14  Code  Lc  stm32f3xx_hal_cortex.o [1]
NVIC_EncodePriority     0x08000cc1   0x3e  Code  Lc  stm32f3xx_hal_cortex.o [1]
NVIC_GetPriorityGrouping
                        0x08000c81    0xa  Code  Lc  stm32f3xx_hal_cortex.o [1]
NVIC_SetPriority        0x08000c9f   0x22  Code  Lc  stm32f3xx_hal_cortex.o [1]
NVIC_SetPriorityGrouping
                        0x08000c65   0x1c  Code  Lc  stm32f3xx_hal_cortex.o [1]
PendSV_Handler          0x08005041         Code  Gb  portasm.o [1]
RTC_Bcd2ToByte          0x08002de9   0x1a  Code  Gb  stm32f3xx_hal_rtc.o [1]
RTC_EnterInitMode       0x08002db1   0x38  Code  Gb  stm32f3xx_hal_rtc.o [1]
RTC_TimeShow            0x08000ea3   0x30  Code  Gb  main.o [1]
Radio_data              0x08000dd1   0xbe  Code  Gb  main.o [1]
Radio_data::data_array  0x20000728   0xa0  Data  Lc  main.o [1]
Region$$Table$$Base     0x08005288          --   Gb  - Linker created -
Region$$Table$$Limit    0x080052ac          --   Gb  - Linker created -
SVC_Handler             0x08005099         Code  Gb  portasm.o [1]
SysTick_Config          0x08000cff   0x2e  Code  Lc  stm32f3xx_hal_cortex.o [1]
SysTick_Handler         0x080051f5    0xc  Code  Gb  stm32f3xx_it.o [1]
SystemClock_Config      0x0800174b   0xa0  Code  Gb  main.o [1]
SystemCoreClock         0x20000000    0x4  Data  Gb  system_stm32f3xx.o [1]
SystemInit              0x080050e9   0x70  Code  Gb  system_stm32f3xx.o [1]
TIM1_CC_IRQHandler      0x08005201    0xa  Code  Gb  stm32f3xx_it.o [1]
TIM_Base_SetConfig      0x0800400b   0xb4  Code  Gb  stm32f3xx_hal_tim.o [1]
TIM_CCxChannelCmd       0x08004313   0x1e  Code  Gb  stm32f3xx_hal_tim.o [1]
TIM_ETR_SetConfig       0x080042fb   0x18  Code  Gb  stm32f3xx_hal_tim.o [1]
TIM_ITRx_SetConfig      0x080042e7   0x14  Code  Lc  stm32f3xx_hal_tim.o [1]
TIM_SlaveTimer_SetConfig
                        0x080040bf   0x9a  Code  Lc  stm32f3xx_hal_tim.o [1]
TIM_TI1_ConfigInputStage
                        0x080041e9   0x28  Code  Lc  stm32f3xx_hal_tim.o [1]
TIM_TI1_SetConfig       0x08004159   0x6c  Code  Gb  stm32f3xx_hal_tim.o [1]
TIM_TI2_ConfigInputStage
                        0x0800424b   0x2a  Code  Lc  stm32f3xx_hal_tim.o [1]
TIM_TI2_SetConfig       0x08004211   0x3a  Code  Lc  stm32f3xx_hal_tim.o [1]
TIM_TI3_SetConfig       0x08004275   0x38  Code  Lc  stm32f3xx_hal_tim.o [1]
TIM_TI4_SetConfig       0x080042ad   0x3a  Code  Lc  stm32f3xx_hal_tim.o [1]
UART_AdvFeatureConfig   0x08003775   0xda  Code  Gb  stm32f3xx_hal_uart.o [1]
UART_CheckIdleState     0x0800384f   0x5e  Code  Gb  stm32f3xx_hal_uart.o [1]
UART_EndTransmit_IT     0x08003a05   0x1c  Code  Gb  stm32f3xx_hal_uart.o [1]
UART_Receive_IT         0x08003a21   0x94  Code  Gb  stm32f3xx_hal_uart.o [1]
UART_SetConfig          0x080034b5  0x2a2  Code  Gb  stm32f3xx_hal_uart.o [1]
UART_Transmit_IT        0x08003999   0x6c  Code  Gb  stm32f3xx_hal_uart.o [1]
UART_WaitOnFlagUntilTimeout
                        0x080038ad   0xea  Code  Gb  stm32f3xx_hal_uart.o [1]
USART3_IRQHandler       0x0800520b    0xa  Code  Gb  stm32f3xx_it.o [1]
UartReady               0x200009bc    0x1  Data  Gb  main.o [1]
__aeabi_cdcmpeq         0x080044b5         Code  Gb  DblCmpEq.o [4]
__aeabi_cdcmple         0x08004511         Code  Gb  DblCmpLe.o [4]
__aeabi_cdrcmple        0x080044e1         Code  Gb  DblCmpGe.o [4]
__aeabi_d2iz            0x08002c05         Code  Gb  DblToI32.o [4]
__aeabi_dadd            0x08002b1d         Code  Gb  DblAdd.o [4]
__aeabi_ddiv            0x080046c1         Code  Gb  DblDiv.o [4]
__aeabi_dmul            0x08002979         Code  Gb  DblMul.o [4]
__aeabi_dsub            0x08004541         Code  Gb  DblSub.o [4]
__aeabi_errno_addr      0x080044d5    0x6  Code  Gb  errno.o [3]
__aeabi_i2d             0x0800205d         Code  Gb  I32ToDbl.o [4]
__aeabi_ui2d            0x08002071         Code  Gb  I32ToDbl.o [4]
__cmain                 0x080052ad         Code  Gb  cmain.o [5]
__exit                  0x080052dd   0x14  Code  Gb  exit.o [6]
__iar_Dint              0x08004437   0x7e  Code  Gb  xdint.o [4]
__iar_Dnorm             0x080043f3   0x44  Code  Gb  xdnorm.o [4]
__iar_Dscale            0x08004ce5  0x114  Code  Gb  xdscale.o [4]
__iar_Dtest             0x08004ca3   0x30  Code  Gb  xdtest.o [4]
__iar_Errno             0x20000004    0x4  Data  Gb  errno.o [3]
__iar_Exp               0x080049c9  0x2be  Code  Gb  xexp.o [4]
__iar_Logpoly           0x08004919   0x76  Code  Gb  xlog.o [4]
__iar_copy_init3        0x0800208d   0x2c  Code  Gb  copy_init3.o [5]
__iar_d2uiz             0x08002c31         Code  Gb  DblToI32.o [4]
__iar_dadd              0x08002b31         Code  Gb  DblAdd.o [4]
__iar_data_init3        0x0800523d   0x28  Code  Gb  data_init.o [5]
__iar_dlib_perthread_access
                        0x08004ca1    0x2  Code  Gb  xtls.o [3]
__iar_dsub              0x08004555         Code  Gb  DblSub.o [4]
__iar_dsubStart         0x08004567         Code  Gb  DblSub.o [4]
__iar_init_vfp          0x08005265         Code  Gb  fpinit_M.o [4]
__iar_program_start     0x08005331         Code  Gb  cstartup_M.o [5]
__iar_ui2d              0x08002075         Code  Gb  I32ToDbl.o [4]
__iar_vfp_pow           0x08002539   0x18  Code  Gb  pow.o [4]
__iar_zero_init3        0x08005181   0x40  Code  Gb  zero_init3.o [5]
__low_level_init        0x080052c7    0x4  Code  Gb  low_level_init.o [3]
__vector_table          0x08000000         Data  Gb  startup_stm32f303xc.o [1]
_call_main              0x080052b9         Code  Gb  cmain.o [5]
_exit                   0x080052d1         Code  Gb  cexit.o [5]
_main                   0x080052c3         Code  Gb  cmain.o [5]
aPLLMULFactorTable      0x080052f0   0x10  Data  Gb  stm32f3xx_hal_rcc.o [1]
aPredivFactorTable      0x08005300   0x10  Data  Gb  stm32f3xx_hal_rcc.o [1]
exit                    0x080052cb    0x4  Code  Gb  exit.o [3]
hcrc                    0x20000900   0x24  Data  Gb  crc.o [1]
hrtc                    0x20000924   0x20  Data  Gb  main.o [1]
htim1                   0x200008c4   0x3c  Data  Gb  tim.o [1]
huart3                  0x20000854   0x70  Data  Gb  usart.o [1]
internal_Pow            0x080020b9  0x474  Code  Lc  pow.o [4]
lnbias                  0x08002558  0x420  Data  Lc  pow.o [4]
main                    0x08000da9   0x28  Code  Gb  main.o [1]
osSystickHandler        0x0800522d   0x10  Code  Gb  cmsis_os.o [1]
prvResetNextTaskUnblockTime
                        0x08004f99   0x28  Code  Lc  tasks.o [1]
pxCurrentTCB            0x2000098c    0x4  Data  Gb  tasks.o [1]
pxDelayedTaskList       0x20000990    0x4  Data  Lc  tasks.o [1]
pxOverflowDelayedTaskList
                        0x20000994    0x4  Data  Lc  tasks.o [1]
pxReadyTasksLists       0x200007c8   0x8c  Data  Lc  tasks.o [1]
uwTick                  0x20000988    0x4  Data  Gb  stm32f3xx_hal.o [1]
uxListRemove            0x08005019   0x26  Code  Gb  list.o [1]
uxPendedTicks           0x200009a4    0x4  Data  Lc  tasks.o [1]
uxSchedulerSuspended    0x200009b4    0x4  Data  Lc  tasks.o [1]
uxTopReadyPriority      0x2000099c    0x4  Data  Lc  tasks.o [1]
vListInsertEnd          0x08005001   0x18  Code  Gb  list.o [1]
vPortEnableVFP          0x080050cd         Code  Gb  portasm.o [1]
vPortStartFirstTask     0x080050b5         Code  Gb  portasm.o [1]
vTaskSwitchContext      0x08004f15   0x6e  Code  Gb  tasks.o [1]
xNextTaskUnblockTime    0x200009b0    0x4  Data  Lc  tasks.o [1]
xNumOfOverflows         0x200009ac    0x4  Data  Lc  tasks.o [1]
xPortSysTickHandler     0x080051c1   0x2c  Code  Gb  port.o [1]
xSchedulerRunning       0x200009a0    0x4  Data  Lc  tasks.o [1]
xTaskGetSchedulerState  0x08004fc1   0x20  Code  Gb  tasks.o [1]
xTaskIncrementTick      0x08004df9  0x11c  Code  Gb  tasks.o [1]
xTickCount              0x20000998    0x4  Data  Lc  tasks.o [1]
xYieldPending           0x200009a8    0x4  Data  Lc  tasks.o [1]


[1] = C:\-=Skola=-\Inbyggda System\Projekt labb\KULUR\Test\Debug\Obj
[2] = command line
[3] = dl7M_tlf.a
[4] = m7M_tls.a
[5] = rt7M_tl.a
[6] = shb_l.a

  21 502 bytes of readonly  code memory
     102 bytes of readonly  data memory
   2 495 bytes of readwrite data memory

Errors: none
Warnings: none
