###############################################################################
#
# IAR ELF Linker V7.80.3.12102/W32 for ARM                22/Feb/2017  12:25:23
# Copyright 2007-2016 IAR Systems AB.
#
#    Output file  =  
#        C:\-=Skola=-\Inbyggda System\Projekt
#        labb\KULUR\Test\Debug\Exe\Test.out
#    Map file     =  
#        C:\-=Skola=-\Inbyggda System\Projekt
#        labb\KULUR\Test\Debug\List\Test.map
#    Command line =  
#        "C:\-=Skola=-\Inbyggda System\Projekt
#        labb\KULUR\Test\Debug\Obj\cmsis_os.o" "C:\-=Skola=-\Inbyggda
#        System\Projekt labb\KULUR\Test\Debug\Obj\crc.o" "C:\-=Skola=-\Inbyggda
#        System\Projekt labb\KULUR\Test\Debug\Obj\croutine.o"
#        "C:\-=Skola=-\Inbyggda System\Projekt
#        labb\KULUR\Test\Debug\Obj\event_groups.o" "C:\-=Skola=-\Inbyggda
#        System\Projekt labb\KULUR\Test\Debug\Obj\freertos.o"
#        "C:\-=Skola=-\Inbyggda System\Projekt
#        labb\KULUR\Test\Debug\Obj\gpio.o" "C:\-=Skola=-\Inbyggda
#        System\Projekt labb\KULUR\Test\Debug\Obj\heap_4.o"
#        "C:\-=Skola=-\Inbyggda System\Projekt
#        labb\KULUR\Test\Debug\Obj\list.o" "C:\-=Skola=-\Inbyggda
#        System\Projekt labb\KULUR\Test\Debug\Obj\main.o"
#        "C:\-=Skola=-\Inbyggda System\Projekt
#        labb\KULUR\Test\Debug\Obj\port.o" "C:\-=Skola=-\Inbyggda
#        System\Projekt labb\KULUR\Test\Debug\Obj\portasm.o"
#        "C:\-=Skola=-\Inbyggda System\Projekt
#        labb\KULUR\Test\Debug\Obj\queue.o" "C:\-=Skola=-\Inbyggda
#        System\Projekt labb\KULUR\Test\Debug\Obj\rtc.o" "C:\-=Skola=-\Inbyggda
#        System\Projekt labb\KULUR\Test\Debug\Obj\startup_stm32f303xc.o"
#        "C:\-=Skola=-\Inbyggda System\Projekt
#        labb\KULUR\Test\Debug\Obj\stm32f3xx_hal.o" "C:\-=Skola=-\Inbyggda
#        System\Projekt labb\KULUR\Test\Debug\Obj\stm32f3xx_hal_cortex.o"
#        "C:\-=Skola=-\Inbyggda System\Projekt
#        labb\KULUR\Test\Debug\Obj\stm32f3xx_hal_crc.o" "C:\-=Skola=-\Inbyggda
#        System\Projekt labb\KULUR\Test\Debug\Obj\stm32f3xx_hal_crc_ex.o"
#        "C:\-=Skola=-\Inbyggda System\Projekt
#        labb\KULUR\Test\Debug\Obj\stm32f3xx_hal_dma.o" "C:\-=Skola=-\Inbyggda
#        System\Projekt labb\KULUR\Test\Debug\Obj\stm32f3xx_hal_flash.o"
#        "C:\-=Skola=-\Inbyggda System\Projekt
#        labb\KULUR\Test\Debug\Obj\stm32f3xx_hal_flash_ex.o"
#        "C:\-=Skola=-\Inbyggda System\Projekt
#        labb\KULUR\Test\Debug\Obj\stm32f3xx_hal_gpio.o" "C:\-=Skola=-\Inbyggda
#        System\Projekt labb\KULUR\Test\Debug\Obj\stm32f3xx_hal_i2c.o"
#        "C:\-=Skola=-\Inbyggda System\Projekt
#        labb\KULUR\Test\Debug\Obj\stm32f3xx_hal_i2c_ex.o"
#        "C:\-=Skola=-\Inbyggda System\Projekt
#        labb\KULUR\Test\Debug\Obj\stm32f3xx_hal_msp.o" "C:\-=Skola=-\Inbyggda
#        System\Projekt labb\KULUR\Test\Debug\Obj\stm32f3xx_hal_pwr.o"
#        "C:\-=Skola=-\Inbyggda System\Projekt
#        labb\KULUR\Test\Debug\Obj\stm32f3xx_hal_pwr_ex.o"
#        "C:\-=Skola=-\Inbyggda System\Projekt
#        labb\KULUR\Test\Debug\Obj\stm32f3xx_hal_rcc.o" "C:\-=Skola=-\Inbyggda
#        System\Projekt labb\KULUR\Test\Debug\Obj\stm32f3xx_hal_rcc_ex.o"
#        "C:\-=Skola=-\Inbyggda System\Projekt
#        labb\KULUR\Test\Debug\Obj\stm32f3xx_hal_rtc.o" "C:\-=Skola=-\Inbyggda
#        System\Projekt labb\KULUR\Test\Debug\Obj\stm32f3xx_hal_rtc_ex.o"
#        "C:\-=Skola=-\Inbyggda System\Projekt
#        labb\KULUR\Test\Debug\Obj\stm32f3xx_hal_tim.o" "C:\-=Skola=-\Inbyggda
#        System\Projekt labb\KULUR\Test\Debug\Obj\stm32f3xx_hal_tim_ex.o"
#        "C:\-=Skola=-\Inbyggda System\Projekt
#        labb\KULUR\Test\Debug\Obj\stm32f3xx_hal_uart.o" "C:\-=Skola=-\Inbyggda
#        System\Projekt labb\KULUR\Test\Debug\Obj\stm32f3xx_hal_uart_ex.o"
#        "C:\-=Skola=-\Inbyggda System\Projekt
#        labb\KULUR\Test\Debug\Obj\stm32f3xx_it.o" "C:\-=Skola=-\Inbyggda
#        System\Projekt labb\KULUR\Test\Debug\Obj\system_stm32f3xx.o"
#        "C:\-=Skola=-\Inbyggda System\Projekt
#        labb\KULUR\Test\Debug\Obj\tasks.o" "C:\-=Skola=-\Inbyggda
#        System\Projekt labb\KULUR\Test\Debug\Obj\tim.o" "C:\-=Skola=-\Inbyggda
#        System\Projekt labb\KULUR\Test\Debug\Obj\timers.o"
#        "C:\-=Skola=-\Inbyggda System\Projekt
#        labb\KULUR\Test\Debug\Obj\usart.o" -o "C:\-=Skola=-\Inbyggda
#        System\Projekt labb\KULUR\Test\Debug\Exe\Test.out" --map
#        "C:\-=Skola=-\Inbyggda System\Projekt
#        labb\KULUR\Test\Debug\List\Test.map" --config "C:\-=Skola=-\Inbyggda
#        System\Projekt labb\KULUR\Test/stm32f303xc_flash.icf" --semihosting
#        --entry __iar_program_start --vfe
#
###############################################################################

*******************************************************************************
*** RUNTIME MODEL ATTRIBUTES
***

CppFlavor                     = *
__Heap_Handler                = Basic
__SystemLibrary               = DLib
__dlib_dynamic_initialization = normal


*******************************************************************************
*** PLACEMENT SUMMARY
***

"A0":  place at 0x08000000 { ro section .intvec };
"P1":  place in [from 0x08000000 to 0x0803ffff] { ro };
"P2":  place in [from 0x20000000 to 0x20009fff] { rw, block CSTACK, block HEAP };
initialize by copy { rw };

  Section             Kind        Address    Size  Object
  -------             ----        -------    ----  ------
"A0":                                       0x188
  .intvec             ro code  0x08000000   0x188  startup_stm32f303xc.o [1]
                             - 0x08000188   0x188

"P1":                                      0x5738
  .text               ro code  0x08000188   0x8c0  pow.o [4]
  .text               ro code  0x08000a48    0x44  xdnorm.o [4]
  .text               ro code  0x08000a8c    0x7e  xdint.o [4]
  .text               ro code  0x08000b0c    0x20  DblCmpEq.o [4]
  .text               ro code  0x08000b2c     0xc  errno.o [3]
  .text               ro code  0x08000b38    0x2e  DblCmpGe.o [4]
  .text               ro code  0x08000b68    0x2e  DblCmpLe.o [4]
  .text               ro code  0x08000b98   0x1a2  DblMul.o [4]
  .text               ro code  0x08000d3c    0xe8  DblAdd.o [4]
  .text               ro code  0x08000e24    0x4c  DblToI32.o [4]
  .text               ro code  0x08000e70    0x30  I32ToDbl.o [4]
  .text               ro code  0x08000ea0   0x180  DblSub.o [4]
  .text               ro code  0x08001020   0x256  DblDiv.o [4]
  .text               ro code  0x08001278    0xb0  xlog.o [4]
  .text               ro code  0x08001328   0x2c6  xexp.o [4]
  .text               ro code  0x080015ee     0x2  xtls.o [3]
  .text               ro code  0x080015f0    0x40  xdtest.o [4]
  .text               ro code  0x08001630   0x114  xdscale.o [4]
  .text               ro code  0x08001744   0x76c  main.o [1]
  .text               ro code  0x08001eb0    0x24  stm32f3xx_hal.o [1]
  .text               ro code  0x08001ed4   0x198  gpio.o [1]
  .text               ro code  0x0800206c    0x9c  usart.o [1]
  .text               ro code  0x08002108    0x4c  rtc.o [1]
  .text               ro code  0x08002154   0x1ac  tim.o [1]
  .text               ro code  0x08002300    0x64  crc.o [1]
  .text               ro code  0x08002364   0x188  stm32f3xx_hal_gpio.o [1]
  .text               ro code  0x080024ec    0x18  stm32f3xx_hal.o [1]
  .text               ro code  0x08002504   0x184  stm32f3xx_hal_crc.o [1]
  .text               ro code  0x08002688    0x24  printf.o [3]
  .text               ro code  0x080026ac    0x76  ABImemcpy_unaligned.o [5]
  .text               ro code  0x08002724   0x73e  stm32f3xx_hal_uart.o [1]
  .text               ro code  0x08002e64    0x3a  ABImemset48.o [5]
  .text               ro code  0x08002ea0    0x4c  strtok.o [3]
  .text               ro code  0x08002eec     0x8  atoi.o [3]
  .text               ro code  0x08002ef4   0x38e  stm32f3xx_hal_rtc.o [1]
  .text               ro code  0x08003284     0xc  stm32f3xx_hal_rtc_ex.o [1]
  .text               ro code  0x08003290   0x53c  stm32f3xx_hal_rcc.o [1]
  .text               ro code  0x080037cc   0x1bc  stm32f3xx_hal_rcc_ex.o [1]
  .text               ro code  0x08003988   0x104  stm32f3xx_hal_cortex.o [1]
  .text               ro code  0x08003a8c    0x28  stm32f3xx_hal.o [1]
  .text               ro code  0x08003ab4    0x78  stm32f3xx_hal_msp.o [1]
  .text               ro code  0x08003b2c   0x70e  stm32f3xx_hal_tim.o [1]
  .text               ro code  0x0800423c    0x58  stm32f3xx_hal_tim_ex.o [1]
  .text               ro code  0x08004294     0xc  stm32f3xx_hal.o [1]
  .text               ro code  0x080042a0    0x4a  stm32f3xx_hal_crc_ex.o [1]
  .text               ro code  0x080042ec   0x4d8  xprintfsmall_nomb.o [3]
  .text               ro code  0x080047c4     0x2  stm32f3xx_hal_uart_ex.o [1]
  .text               ro code  0x080047c6     0x2  stm32f3xx_hal_uart.o [1]
  .text               ro code  0x080047c8    0x24  strspn.o [3]
  .text               ro code  0x080047ec    0x24  strcspn.o [3]
  .text               ro code  0x08004810   0x198  xstoul.o [3]
  .text               ro code  0x080049a8     0x2  stm32f3xx_hal_tim.o [1]
  .text               ro code  0x080049aa     0x2  stm32f3xx_hal_tim.o [1]
  .text               ro code  0x080049ac     0x2  stm32f3xx_hal_tim.o [1]
  .text               ro code  0x080049ae     0x2  stm32f3xx_hal_tim.o [1]
  .text               ro code  0x080049b0     0x2  stm32f3xx_hal_tim_ex.o [1]
  .text               ro code  0x080049b2     0x2  stm32f3xx_hal_tim.o [1]
  .text               ro code  0x080049b4     0x2  stm32f3xx_hal_tim_ex.o [1]
  .text               ro code  0x080049b8    0x16  strchr.o [5]
  .text               ro code  0x080049d0    0x36  strlen.o [5]
  .text               ro code  0x08004a08    0x58  memchr.o [5]
  .text               ro code  0x08004a60    0x14  isxxx.o [3]
  .text               ro code  0x08004a74    0x14  tolower.o [3]
  .text               ro code  0x08004a88    0x18  setlocale.o [3]
  .text               ro code  0x08004aa0    0x14  xlocale_c.o [3]
  .text               ro code  0x08004ab4     0xc  xlocale_c.o [3]
  .text               ro code  0x08004ac0   0x178  tasks.o [1]
  .text               ro code  0x08004c38    0x3c  list.o [1]
  .text               ro code  0x08004c74    0xd6  xfspos.o [3]
  .text               ro code  0x08004d4c    0xb0  fflush.o [3]
  .text               ro code  0x08004dfc     0xc  xfgpos.o [3]
  .text               ro code  0x08004e08    0x4c  lseek.o [6]
  .text               ro code  0x08004e54     0x4  xsyslock_nop.o [3]
  .text               ro code  0x08004e58    0x10  write.o [6]
  .text               ro code  0x08004e68    0xcc  XShHandles.o [3]
  .text               ro code  0x08004f34    0x1e  dwrite.o [6]
  .text               ro code  0x08004f52    0x20  iarwstd.o [6]
  .text               ro code  0x08004f72    0x22  iarwrite.o [6]
  .text               ro code  0x08004f94    0x6c  iarttio.o [6]
  .text               ro code  0x08005000     0x8  XShttio.o [3]
  .text               ro code  0x08005008    0xb8  xfwprep.o [3]
  .text               ro code  0x080050c0    0xb0  xxmemxmalloc.o [3]
  .text               ro code  0x08005170    0x22  fseek.o [3]
  .text               ro code  0x08005194    0x80  xxmemxfree.o [3]
  .text               ro code  0x08005214    0x2c  xgetmemchunk.o [3]
  CODE                ro code  0x08005240    0xa8  portasm.o [1]
  .text               ro code  0x080052e8    0x80  xfofind.o [3]
  .text               ro code  0x08005368    0x7c  system_stm32f3xx.o [1]
  .text               ro code  0x080053e4    0x7a  fclose.o [3]
  .text               ro code  0x0800545e    0x1a  close.o [6]
  .text               ro code  0x08005478    0x16  remove.o [6]
  .text               ro code  0x08005490    0x58  xcloseall.o [3]
  .text               ro code  0x080054e8    0x56  fputc.o [3]
  .text               ro code  0x0800553e    0x40  zero_init3.o [5]
  .text               ro code  0x0800557e    0x38  packbits_init_single.o [5]
  .text               ro code  0x080055b8    0x2c  port.o [1]
  .text               ro code  0x080055e4    0x28  data_init.o [5]
  .text               ro code  0x0800560c    0x24  stm32f3xx_it.o [1]
  .text               ro code  0x08005630    0x10  stm32f3xx_hal.o [1]
  .text               ro code  0x08005640    0x14  cmsis_os.o [1]
  .text               ro code  0x08005654    0x22  fpinit_M.o [4]
  .iar.init_table     const    0x08005678    0x20  - Linker created -
  .text               ro code  0x08005698    0x1a  cmain.o [5]
  .text               ro code  0x080056b2     0x4  low_level_init.o [3]
  .text               ro code  0x080056b6     0x4  exit.o [3]
  .text               ro code  0x080056bc     0xe  cexit.o [5]
  .text               ro code  0x080056cc    0x14  exit.o [6]
  .text               ro code  0x080056e0    0x16  xprout.o [3]
  .text               ro code  0x080056f8     0xc  putchar.o [3]
  .text               ro code  0x08005704    0x10  startup_stm32f303xc.o [1]
  .text               ro code  0x08005714     0xc  cstartup_M.o [5]
  .rodata             const    0x08005720     0x8  system_stm32f3xx.o [1]
  .text               ro code  0x08005728     0x4  startup_stm32f303xc.o [1]
  .text               ro code  0x0800572c     0x4  startup_stm32f303xc.o [1]
  .text               ro code  0x08005730     0x4  startup_stm32f303xc.o [1]
  .text               ro code  0x08005734     0x4  startup_stm32f303xc.o [1]
  .text               ro code  0x08005738     0x4  startup_stm32f303xc.o [1]
  .text               ro code  0x0800573c     0x4  startup_stm32f303xc.o [1]
  .text               ro code  0x08005740     0x4  startup_stm32f303xc.o [1]
  .text               ro code  0x08005744     0x4  startup_stm32f303xc.o [1]
  .text               ro code  0x08005748     0x4  startup_stm32f303xc.o [1]
  .text               ro code  0x0800574c     0x4  startup_stm32f303xc.o [1]
  .text               ro code  0x08005750     0x4  startup_stm32f303xc.o [1]
  .text               ro code  0x08005754     0x4  startup_stm32f303xc.o [1]
  .text               ro code  0x08005758     0x4  startup_stm32f303xc.o [1]
  .text               ro code  0x0800575c     0x4  startup_stm32f303xc.o [1]
  .text               ro code  0x08005760     0x4  startup_stm32f303xc.o [1]
  .text               ro code  0x08005764     0x4  startup_stm32f303xc.o [1]
  .text               ro code  0x08005768     0x4  startup_stm32f303xc.o [1]
  .text               ro code  0x0800576c     0x4  startup_stm32f303xc.o [1]
  .text               ro code  0x08005770     0x4  startup_stm32f303xc.o [1]
  .text               ro code  0x08005774     0x4  startup_stm32f303xc.o [1]
  .text               ro code  0x08005778     0x4  startup_stm32f303xc.o [1]
  .text               ro code  0x0800577c     0x4  startup_stm32f303xc.o [1]
  .text               ro code  0x08005780     0x4  startup_stm32f303xc.o [1]
  .text               ro code  0x08005784     0x4  startup_stm32f303xc.o [1]
  .text               ro code  0x08005788     0x4  startup_stm32f303xc.o [1]
  .text               ro code  0x0800578c     0x4  startup_stm32f303xc.o [1]
  .text               ro code  0x08005790     0x4  startup_stm32f303xc.o [1]
  .text               ro code  0x08005794     0x4  startup_stm32f303xc.o [1]
  .text               ro code  0x08005798     0x4  startup_stm32f303xc.o [1]
  .text               ro code  0x0800579c     0x4  startup_stm32f303xc.o [1]
  .text               ro code  0x080057a0     0x4  startup_stm32f303xc.o [1]
  .text               ro code  0x080057a4     0x4  startup_stm32f303xc.o [1]
  .text               ro code  0x080057a8     0x4  startup_stm32f303xc.o [1]
  .text               ro code  0x080057ac     0x4  startup_stm32f303xc.o [1]
  .text               ro code  0x080057b0     0x4  startup_stm32f303xc.o [1]
  .text               ro code  0x080057b4     0x4  startup_stm32f303xc.o [1]
  .text               ro code  0x080057b8     0x4  startup_stm32f303xc.o [1]
  .text               ro code  0x080057bc     0x4  startup_stm32f303xc.o [1]
  .text               ro code  0x080057c0     0x4  startup_stm32f303xc.o [1]
  .text               ro code  0x080057c4     0x4  startup_stm32f303xc.o [1]
  .text               ro code  0x080057c8     0x4  startup_stm32f303xc.o [1]
  .text               ro code  0x080057cc     0x4  startup_stm32f303xc.o [1]
  .text               ro code  0x080057d0     0x4  startup_stm32f303xc.o [1]
  .text               ro code  0x080057d4     0x4  startup_stm32f303xc.o [1]
  .text               ro code  0x080057d8     0x4  startup_stm32f303xc.o [1]
  .text               ro code  0x080057dc     0x4  startup_stm32f303xc.o [1]
  .text               ro code  0x080057e0     0x4  startup_stm32f303xc.o [1]
  .text               ro code  0x080057e4     0x4  startup_stm32f303xc.o [1]
  .text               ro code  0x080057e8     0x4  startup_stm32f303xc.o [1]
  .text               ro code  0x080057ec     0x4  startup_stm32f303xc.o [1]
  .text               ro code  0x080057f0     0x4  startup_stm32f303xc.o [1]
  .text               ro code  0x080057f4     0x4  startup_stm32f303xc.o [1]
  .text               ro code  0x080057f8     0x4  startup_stm32f303xc.o [1]
  .text               ro code  0x080057fc     0x4  startup_stm32f303xc.o [1]
  .text               ro code  0x08005800     0x4  startup_stm32f303xc.o [1]
  .text               ro code  0x08005804     0x4  startup_stm32f303xc.o [1]
  .text               ro code  0x08005808     0x4  startup_stm32f303xc.o [1]
  .text               ro code  0x0800580c     0x4  startup_stm32f303xc.o [1]
  .text               ro code  0x08005810     0x4  startup_stm32f303xc.o [1]
  .text               ro code  0x08005814     0x4  startup_stm32f303xc.o [1]
  .text               ro code  0x08005818     0x4  startup_stm32f303xc.o [1]
  .text               ro code  0x0800581c     0x4  startup_stm32f303xc.o [1]
  .text               ro code  0x08005820     0x4  startup_stm32f303xc.o [1]
  .text               ro code  0x08005824     0x4  startup_stm32f303xc.o [1]
  .text               ro code  0x08005828     0x4  startup_stm32f303xc.o [1]
  .text               ro code  0x0800582c     0x4  startup_stm32f303xc.o [1]
  .text               ro code  0x08005830     0x4  startup_stm32f303xc.o [1]
  .text               ro code  0x08005834     0x4  startup_stm32f303xc.o [1]
  .text               ro code  0x08005838     0x4  startup_stm32f303xc.o [1]
  .text               ro code  0x0800583c     0x4  startup_stm32f303xc.o [1]
  .text               ro code  0x08005840     0x0  cstart_closeall.o [5]
  .rodata             const    0x08005840     0x0  zero_init3.o [5]
  .rodata             const    0x08005840     0x0  packbits_init_single.o [5]
  Initializer bytes   const    0x08005840    0x80  <for P2-1>
                             - 0x080058c0  0x5738

"P2", part 1 of 3:                          0x168
  P2-1                         0x20000000   0x168  <Init block>
    .data             inited   0x20000000     0x4  system_stm32f3xx.o [1]
    .data             inited   0x20000004    0x40  xfiles.o [3]
    .data             inited   0x20000044    0x40  xfiles.o [3]
    .data             inited   0x20000084    0x40  xfiles.o [3]
    .data             inited   0x200000c4    0x20  xfiles.o [3]
    .data             inited   0x200000e4     0x8  XShttio.o [3]
    __DLIB_PERTHREAD  inited   0x200000ec     0x4  strtok.o [3]
    __DLIB_PERTHREAD  inited   0x200000f0     0x4  errno.o [3]
    __DLIB_PERTHREAD  inited   0x200000f4    0x74  setlocale.o [3]
                             - 0x20000168   0x168

"P2", part 2 of 3:                          0x600
  CSTACK                       0x20000168   0x400  <Block>
    CSTACK            uninit   0x20000168   0x400  <Block tail>
  HEAP                         0x20000568   0x200  <Block>
    HEAP              uninit   0x20000568   0x200  <Block tail>
                             - 0x20000768   0x600

"P2", part 3 of 3:                          0x4a4
  .bss                zero     0x20000768    0xb4  tim.o [1]
  .bss                zero     0x2000081c    0xa0  main.o [1]
  .bss                zero     0x200008bc    0x9c  tasks.o [1]
  .bss                zero     0x20000958    0x8c  tasks.o [1]
  .bss                zero     0x200009e4    0x80  XShHandles.o [3]
  .bss                zero     0x20000a64    0x70  usart.o [1]
  .bss                zero     0x20000ad4    0x50  xfiles.o [3]
  .bss                zero     0x20000b24    0x50  xfiles.o [3]
  .bss                zero     0x20000b74    0x3c  tim.o [1]
  .bss                zero     0x20000bb0    0x24  crc.o [1]
  .bss                zero     0x20000bd4    0x20  main.o [1]
  .bss                zero     0x20000bf4     0x8  xxmemxmalloc.o [3]
  .bss                zero     0x20000bfc     0x4  main.o [1]
  .bss                zero     0x20000c00     0x4  stm32f3xx_hal.o [1]
  .bss                zero     0x20000c04     0x4  xgetmemchunk.o [3]
  .bss                zero     0x20000c08     0x1  main.o [1]
                             - 0x20000c09   0x4a1


*******************************************************************************
*** INIT TABLE
***

          Address     Size
          -------     ----
Zero (__iar_zero_init3)
    1 destination range, total size 0x4a1:
          0x20000768  0x4a1

Copy/packbits (__iar_packbits_init_single3)
    1 source range, total size 0x80 (35% of destination):
          0x08005840   0x80
    1 destination range, total size 0x168:
          0x20000000  0x168



*******************************************************************************
*** MODULE SUMMARY
***

    Module                   ro code  ro data  rw data
    ------                   -------  -------  -------
C:\-=Skola=-\Inbyggda System\Projekt labb\KULUR\Test\Debug\Obj: [1]
    cmsis_os.o                    20
    crc.o                        100                36
    gpio.o                       408
    list.o                        60
    main.o                     1 900               197
    port.o                        44
    portasm.o                    168
    rtc.o                         76
    startup_stm32f303xc.o        688
    stm32f3xx_hal.o              128                 4
    stm32f3xx_hal_cortex.o       260
    stm32f3xx_hal_crc.o          388
    stm32f3xx_hal_crc_ex.o        74
    stm32f3xx_hal_gpio.o         392
    stm32f3xx_hal_msp.o          120
    stm32f3xx_hal_rcc.o        1 340
    stm32f3xx_hal_rcc_ex.o       444
    stm32f3xx_hal_rtc.o          910
    stm32f3xx_hal_rtc_ex.o        12
    stm32f3xx_hal_tim.o        1 816
    stm32f3xx_hal_tim_ex.o        92
    stm32f3xx_hal_uart.o       1 856
    stm32f3xx_hal_uart_ex.o        2
    stm32f3xx_it.o                36
    system_stm32f3xx.o           124        9        4
    tasks.o                      376               296
    tim.o                        428               240
    usart.o                      156               112
    --------------------------------------------------
    Total:                    12 418        9      889

command line: [2]
    --------------------------------------------------
    Total:

dl7M_tlf.a: [3]
    XShHandles.o                 204               128
    XShttio.o                      8        2        8
    atoi.o                         8
    errno.o                       12        1        4
    exit.o                         4
    fclose.o                     122
    fflush.o                     176
    fputc.o                       86
    fseek.o                       34
    isxxx.o                       20
    low_level_init.o               4
    printf.o                      36
    putchar.o                     12
    setlocale.o                   24       42      116
    strcspn.o                     36
    strspn.o                      36
    strtok.o                      76        2        4
    tolower.o                     20
    xcloseall.o                   88
    xfgpos.o                      12
    xfiles.o                               80      384
    xfofind.o                    128
    xfspos.o                     214
    xfwprep.o                    184
    xgetmemchunk.o                44                 4
    xlocale_c.o                   32
    xprintfsmall_nomb.o        1 240
    xprout.o                      22
    xstoul.o                     408
    xsyslock_nop.o                 4
    xtls.o                         2
    xxmemxfree.o                 128
    xxmemxmalloc.o               176                 8
    --------------------------------------------------
    Total:                     3 600      127      656

m7M_tls.a: [4]
    DblAdd.o                     232
    DblCmpEq.o                    32
    DblCmpGe.o                    46
    DblCmpLe.o                    46
    DblDiv.o                     598
    DblMul.o                     418
    DblSub.o                     384
    DblToI32.o                    76
    I32ToDbl.o                    48
    fpinit_M.o                    34
    pow.o                      2 240
    xdint.o                      126
    xdnorm.o                      68
    xdscale.o                    276
    xdtest.o                      64
    xexp.o                       710
    xlog.o                       176
    --------------------------------------------------
    Total:                     5 574

rt7M_tl.a: [5]
    ABImemcpy_unaligned.o        118
    ABImemset48.o                 58
    cexit.o                       14
    cmain.o                       26
    cstart_closeall.o
    cstartup_M.o                  12
    data_init.o                   40
    memchr.o                      88
    packbits_init_single.o        56
    strchr.o                      22
    strlen.o                      54
    zero_init3.o                  64
    --------------------------------------------------
    Total:                       552

shb_l.a: [6]
    close.o                       26
    dwrite.o                      30
    exit.o                        20
    iarttio.o                    108
    iarwrite.o                    34
    iarwstd.o                     32
    lseek.o                       76
    remove.o                      22
    write.o                       16
    --------------------------------------------------
    Total:                       364

    Gaps                          42        2
    Linker created                         32    1 536
------------------------------------------------------
    Grand Total:              22 550      170    3 081


*******************************************************************************
*** ENTRY LIST
***

Entry                      Address   Size  Type      Object
-----                      -------   ----  ----      ------
.iar.init_table$$Base   0x08005678          --   Gb  - Linker created -
.iar.init_table$$Limit  0x08005698          --   Gb  - Linker created -
?main                   0x08005699         Code  Gb  cmain.o [5]
AHBPrescTable           0x080053d4   0x10  Data  Gb  system_stm32f3xx.o [1]
APBPrescTable           0x08005720    0x8  Data  Gb  system_stm32f3xx.o [1]
CRC_Handle_16           0x08002655   0x34  Code  Lc  stm32f3xx_hal_crc.o [1]
CRC_Handle_8            0x080025e3   0x72  Code  Lc  stm32f3xx_hal_crc.o [1]
CSTACK$$Base            0x20000168          --   Gb  - Linker created -
CSTACK$$Limit           0x20000568          --   Gb  - Linker created -
Error_Handler           0x08001e31    0x2  Code  Gb  main.o [1]
HAL_CRCEx_Polynomial_Set
                        0x080042a1   0x4a  Code  Gb  stm32f3xx_hal_crc_ex.o [1]
HAL_CRC_Calculate       0x08002585   0x5e  Code  Gb  stm32f3xx_hal_crc.o [1]
HAL_CRC_Init            0x08002505   0x7a  Code  Gb  stm32f3xx_hal_crc.o [1]
HAL_CRC_MspInit         0x08002335   0x22  Code  Gb  crc.o [1]
HAL_Delay               0x080024ed   0x18  Code  Wk  stm32f3xx_hal.o [1]
HAL_GPIO_Init           0x08002365  0x15e  Code  Gb  stm32f3xx_hal_gpio.o [1]
HAL_GPIO_WritePin       0x080024c3    0xc  Code  Gb  stm32f3xx_hal_gpio.o [1]
HAL_GetTick             0x08004295    0xc  Code  Wk  stm32f3xx_hal.o [1]
HAL_IncTick             0x08005631   0x10  Code  Wk  stm32f3xx_hal.o [1]
HAL_Init                0x08001eb1   0x20  Code  Gb  stm32f3xx_hal.o [1]
HAL_InitTick            0x08003a8d   0x28  Code  Wk  stm32f3xx_hal.o [1]
HAL_MspInit             0x08003ab5   0x78  Code  Gb  stm32f3xx_hal_msp.o [1]
HAL_NVIC_EnableIRQ      0x08003a57    0x2  Code  Gb  stm32f3xx_hal_cortex.o [1]
HAL_NVIC_SetPriority    0x08003a39   0x1e  Code  Gb  stm32f3xx_hal_cortex.o [1]
HAL_NVIC_SetPriorityGrouping
                        0x08003a37    0x2  Code  Gb  stm32f3xx_hal_cortex.o [1]
HAL_RCCEx_PeriphCLKConfig
                        0x080037cd  0x1b0  Code  Gb  stm32f3xx_hal_rcc_ex.o [1]
HAL_RCC_ClockConfig     0x080035d1  0x142  Code  Gb  stm32f3xx_hal_rcc.o [1]
HAL_RCC_GetHCLKFreq     0x0800374d    0x6  Code  Gb  stm32f3xx_hal_rcc.o [1]
HAL_RCC_GetPCLK1Freq    0x08003753   0x16  Code  Gb  stm32f3xx_hal_rcc.o [1]
HAL_RCC_GetPCLK2Freq    0x08003769   0x16  Code  Gb  stm32f3xx_hal_rcc.o [1]
HAL_RCC_GetSysClockFreq
                        0x08003713   0x3a  Code  Gb  stm32f3xx_hal_rcc.o [1]
HAL_RCC_OscConfig       0x08003291  0x340  Code  Gb  stm32f3xx_hal_rcc.o [1]
HAL_RTCEx_BKUPWrite     0x08003285    0xc  Code  Gb  stm32f3xx_hal_rtc_ex.o [1]
HAL_RTC_GetDate         0x0800319f   0x48  Code  Gb  stm32f3xx_hal_rtc.o [1]
HAL_RTC_GetTime         0x08003075   0x5a  Code  Gb  stm32f3xx_hal_rtc.o [1]
HAL_RTC_Init            0x08002ef5   0x9a  Code  Gb  stm32f3xx_hal_rtc.o [1]
HAL_RTC_MspInit         0x08002139   0x10  Code  Gb  rtc.o [1]
HAL_RTC_SetDate         0x080030cf   0xd0  Code  Gb  stm32f3xx_hal_rtc.o [1]
HAL_RTC_SetTime         0x08002f8f   0xe6  Code  Gb  stm32f3xx_hal_rtc.o [1]
HAL_RTC_WaitForSynchro  0x080031f5   0x30  Code  Gb  stm32f3xx_hal_rtc.o [1]
HAL_SYSTICK_CLKSourceConfig
                        0x08003a5b   0x18  Code  Gb  stm32f3xx_hal_cortex.o [1]
HAL_SYSTICK_Config      0x08003a59    0x2  Code  Gb  stm32f3xx_hal_cortex.o [1]
HAL_TIMEx_BreakCallback
                        0x080049b1    0x2  Code  Wk  stm32f3xx_hal_tim_ex.o [1]
HAL_TIMEx_CommutationCallback
                        0x080049b5    0x2  Code  Wk  stm32f3xx_hal_tim_ex.o [1]
HAL_TIMEx_MasterConfigSynchronization
                        0x0800423d   0x50  Code  Gb  stm32f3xx_hal_tim_ex.o [1]
HAL_TIM_Base_Init       0x08003b2d   0x32  Code  Gb  stm32f3xx_hal_tim.o [1]
HAL_TIM_Base_MspInit    0x08002227   0x54  Code  Gb  tim.o [1]
HAL_TIM_ConfigClockSource
                        0x08003de7  0x104  Code  Gb  stm32f3xx_hal_tim.o [1]
HAL_TIM_IC_CaptureCallback
                        0x0800227b   0x74  Code  Gb  tim.o [1]
HAL_TIM_IC_CaptureCallback::array_counter
                        0x20000818    0x4  Data  Lc  tim.o [1]
HAL_TIM_IC_CaptureCallback::duty_array
                        0x20000770   0xa0  Data  Lc  tim.o [1]
HAL_TIM_IC_CaptureCallback::duty_in_microseconds
                        0x20000768    0x4  Data  Lc  tim.o [1]
HAL_TIM_IC_CaptureCallback::falling_timer_value
                        0x2000076c    0x4  Data  Lc  tim.o [1]
HAL_TIM_IC_CaptureCallback::preamble_counter
                        0x20000814    0x4  Data  Lc  tim.o [1]
HAL_TIM_IC_CaptureCallback::preamble_flag
                        0x20000810    0x4  Data  Lc  tim.o [1]
HAL_TIM_IC_ConfigChannel
                        0x08003d3d   0xaa  Code  Gb  stm32f3xx_hal_tim.o [1]
HAL_TIM_IC_Init         0x08003b5f   0x32  Code  Gb  stm32f3xx_hal_tim.o [1]
HAL_TIM_IC_MspInit      0x080049a9    0x2  Code  Wk  stm32f3xx_hal_tim.o [1]
HAL_TIM_IC_Start_IT     0x08003b91   0x5a  Code  Gb  stm32f3xx_hal_tim.o [1]
HAL_TIM_IRQHandler      0x08003beb  0x152  Code  Gb  stm32f3xx_hal_tim.o [1]
HAL_TIM_OC_DelayElapsedCallback
                        0x080049ab    0x2  Code  Wk  stm32f3xx_hal_tim.o [1]
HAL_TIM_PWM_PulseFinishedCallback
                        0x080049ad    0x2  Code  Wk  stm32f3xx_hal_tim.o [1]
HAL_TIM_PeriodElapsedCallback
                        0x080049af    0x2  Code  Wk  stm32f3xx_hal_tim.o [1]
HAL_TIM_ReadCapturedValue
                        0x08003f2f   0x46  Code  Gb  stm32f3xx_hal_tim.o [1]
HAL_TIM_SlaveConfigSynchronization
                        0x08003ef1   0x3e  Code  Gb  stm32f3xx_hal_tim.o [1]
HAL_TIM_TriggerCallback
                        0x080049b3    0x2  Code  Wk  stm32f3xx_hal_tim.o [1]
HAL_UARTEx_WakeupCallback
                        0x080047c5    0x2  Code  Wk  stm32f3xx_hal_uart_ex.o [1]
HAL_UART_ErrorCallback  0x080047c7    0x2  Code  Wk  stm32f3xx_hal_uart.o [1]
HAL_UART_IRQHandler     0x08002867   0xe8  Code  Gb  stm32f3xx_hal_uart.o [1]
HAL_UART_Init           0x08002725   0x6a  Code  Gb  stm32f3xx_hal_uart.o [1]
HAL_UART_MspInit        0x080020a3   0x54  Code  Gb  usart.o [1]
HAL_UART_Receive_IT     0x080027db   0x8c  Code  Gb  stm32f3xx_hal_uart.o [1]
HAL_UART_RxCpltCallback
                        0x08001a9f    0x8  Code  Gb  main.o [1]
HAL_UART_Transmit_IT    0x0800278f   0x4c  Code  Gb  stm32f3xx_hal_uart.o [1]
HAL_UART_TxCpltCallback
                        0x08001a97    0x8  Code  Gb  main.o [1]
HEAP$$Base              0x20000568          --   Gb  - Linker created -
HEAP$$Limit             0x20000768          --   Gb  - Linker created -
LoadInt                 0x08004675   0x4c  Code  Lc  xprintfsmall_nomb.o [3]
MX_CRC_Init             0x08002301   0x34  Code  Gb  crc.o [1]
MX_GPIO_Init            0x08001ed5  0x198  Code  Gb  gpio.o [1]
MX_RTC_Init             0x08002109   0x30  Code  Gb  rtc.o [1]
MX_TIM1_Init            0x08002155   0xd2  Code  Gb  tim.o [1]
MX_USART3_UART_Init     0x0800206d   0x36  Code  Gb  usart.o [1]
NVIC_EnableIRQ          0x080039ad   0x12  Code  Lc  stm32f3xx_hal_cortex.o [1]
NVIC_EncodePriority     0x080039d9   0x36  Code  Lc  stm32f3xx_hal_cortex.o [1]
NVIC_GetPriorityGrouping
                        0x080039a3    0xa  Code  Lc  stm32f3xx_hal_cortex.o [1]
NVIC_SetPriority        0x080039bf   0x1a  Code  Lc  stm32f3xx_hal_cortex.o [1]
NVIC_SetPriorityGrouping
                        0x08003989   0x1a  Code  Lc  stm32f3xx_hal_cortex.o [1]
PendSV_Handler          0x08005241         Code  Gb  portasm.o [1]
RTC_Bcd2ToByte          0x0800326f   0x14  Code  Gb  stm32f3xx_hal_rtc.o [1]
RTC_ByteToBcd2          0x08003259   0x16  Code  Gb  stm32f3xx_hal_rtc.o [1]
RTC_EnterInitMode       0x08003225   0x34  Code  Gb  stm32f3xx_hal_rtc.o [1]
RTC_TimeConfig          0x08001aa7   0x54  Code  Gb  main.o [1]
RTC_TimeShow            0x08001afb   0x42  Code  Gb  main.o [1]
Radio_data              0x080017e5  0x130  Code  Gb  main.o [1]
Radio_data::data_array  0x2000081c   0xa0  Data  Lc  main.o [1]
Region$$Table$$Base     0x08005678          --   Gb  - Linker created -
Region$$Table$$Limit    0x08005698          --   Gb  - Linker created -
SVC_Handler             0x08005299         Code  Gb  portasm.o [1]
SysTick_Config          0x08003a0f   0x28  Code  Lc  stm32f3xx_hal_cortex.o [1]
SysTick_Handler         0x0800560d    0xe  Code  Gb  stm32f3xx_it.o [1]
SystemClock_Config      0x08001d6d   0x9c  Code  Gb  main.o [1]
SystemCoreClock         0x20000000    0x4  Data  Gb  system_stm32f3xx.o [1]
SystemInit              0x08005369   0x52  Code  Gb  system_stm32f3xx.o [1]
TIM1_CC_IRQHandler      0x0800561b    0x6  Code  Gb  stm32f3xx_it.o [1]
TIM_Base_SetConfig      0x08003f75   0x9a  Code  Gb  stm32f3xx_hal_tim.o [1]
TIM_CCxChannelCmd       0x08004221   0x1a  Code  Gb  stm32f3xx_hal_tim.o [1]
TIM_ETR_SetConfig       0x0800420b   0x16  Code  Gb  stm32f3xx_hal_tim.o [1]
TIM_ITRx_SetConfig      0x080041fb   0x10  Code  Lc  stm32f3xx_hal_tim.o [1]
TIM_SlaveTimer_SetConfig
                        0x0800400f   0x72  Code  Lc  stm32f3xx_hal_tim.o [1]
TIM_TI1_ConfigInputStage
                        0x08004111   0x24  Code  Lc  stm32f3xx_hal_tim.o [1]
TIM_TI1_SetConfig       0x08004081   0x66  Code  Gb  stm32f3xx_hal_tim.o [1]
TIM_TI2_ConfigInputStage
                        0x0800416b   0x26  Code  Lc  stm32f3xx_hal_tim.o [1]
TIM_TI2_SetConfig       0x08004135   0x36  Code  Lc  stm32f3xx_hal_tim.o [1]
TIM_TI3_SetConfig       0x08004191   0x34  Code  Lc  stm32f3xx_hal_tim.o [1]
TIM_TI4_SetConfig       0x080041c5   0x36  Code  Lc  stm32f3xx_hal_tim.o [1]
UART_AdvFeatureConfig   0x08002b75   0xc8  Code  Gb  stm32f3xx_hal_uart.o [1]
UART_CheckIdleState     0x08002c3d   0x54  Code  Gb  stm32f3xx_hal_uart.o [1]
UART_EndTransmit_IT     0x08002dc5   0x1a  Code  Gb  stm32f3xx_hal_uart.o [1]
UART_Receive_IT         0x08002ddf   0x84  Code  Gb  stm32f3xx_hal_uart.o [1]
UART_SetConfig          0x08002951  0x206  Code  Gb  stm32f3xx_hal_uart.o [1]
UART_Transmit_IT        0x08002d61   0x64  Code  Gb  stm32f3xx_hal_uart.o [1]
UART_WaitOnFlagUntilTimeout
                        0x08002c91   0xce  Code  Gb  stm32f3xx_hal_uart.o [1]
USART3_IRQHandler       0x08005621    0x6  Code  Gb  stm32f3xx_it.o [1]
UartReady               0x20000c08    0x1  Data  Gb  main.o [1]
Uart_function           0x08001915  0x182  Code  Gb  main.o [1]
_Close_all              0x08005491   0x58  Code  Gb  xcloseall.o [3]
_Files                  0x200000c4   0x20  Data  Gb  xfiles.o [3]
_Fofree                 0x080052e9   0x78  Code  Gb  xfofind.o [3]
_Fspos                  0x08004c75   0xd6  Code  Gb  xfspos.o [3]
_Fwprep                 0x08005009   0xb8  Code  Gb  xfwprep.o [3]
_IsdstStr               0x200000f8    0x4  Data  Gb  setlocale.o [3]
_LitobSmallNoMb         0x080046c1   0xce  Code  Lc  xprintfsmall_nomb.o [3]
_LocaleC_isspace        0x08004aa1   0x14  Code  Gb  xlocale_c.o [3]
_LocaleC_tolower        0x08004ab5    0xc  Code  Gb  xlocale_c.o [3]
_LocaleForCat           0x08004a89   0x12  Code  Gb  setlocale.o [3]
_LocaleReturnString     0x20000118   0x50  Data  Lc  setlocale.o [3]
_Locale_Profile         0x200000fc   0x1c  Data  Gb  setlocale.o [3]
_Nnl                    0x08004dfd    0xc  Code  Gb  xfgpos.o [3]
_PrintfSmallNoMb        0x080042ed  0x382  Code  Gb  xprintfsmall_nomb.o [3]
_Prout                  0x080056e1   0x16  Code  Gb  xprout.o [3]
_PutcharsSmallNoMb      0x0800478f   0x2e  Code  Lc  xprintfsmall_nomb.o [3]
_Strtok_ssave           0x200000ec    0x4  Data  Lc  strtok.o [3]
_TzoneStr               0x200000f4    0x4  Data  Gb  setlocale.o [3]
__aeabi_cdcmpeq         0x08000b0d         Code  Gb  DblCmpEq.o [4]
__aeabi_cdcmple         0x08000b69         Code  Gb  DblCmpLe.o [4]
__aeabi_cdrcmple        0x08000b39         Code  Gb  DblCmpGe.o [4]
__aeabi_d2iz            0x08000e25         Code  Gb  DblToI32.o [4]
__aeabi_dadd            0x08000d3d         Code  Gb  DblAdd.o [4]
__aeabi_ddiv            0x08001021         Code  Gb  DblDiv.o [4]
__aeabi_dmul            0x08000b99         Code  Gb  DblMul.o [4]
__aeabi_dsub            0x08000ea1         Code  Gb  DblSub.o [4]
__aeabi_errno_addr      0x08000b2d    0x6  Code  Gb  errno.o [3]
__aeabi_i2d             0x08000e71         Code  Gb  I32ToDbl.o [4]
__aeabi_memset4         0x08002e65         Code  Gb  ABImemset48.o [5]
__aeabi_memset8         0x08002e65         Code  Gb  ABImemset48.o [5]
__aeabi_ui2d            0x08000e85         Code  Gb  I32ToDbl.o [4]
__cexit_closeall        0x080056bf         Code  Gb  cexit.o [5]
__close                 0x0800545f   0x1a  Code  Gb  close.o [6]
__cmain                 0x08005699         Code  Gb  cmain.o [5]
__cstart_closeall       0x08005840         Data  Gb  cstart_closeall.o [5]
__data_Aldata           0x20000bf4    0x8  Data  Gb  xxmemxmalloc.o [3]
__data_GetMemChunk      0x08005215   0x2c  Code  Gb  xgetmemchunk.o [3]
__data_GetMemChunk::start
                        0x20000c04    0x4  Data  Lc  xgetmemchunk.o [3]
__dwrite                0x08004f35   0x1e  Code  Gb  dwrite.o [6]
__exit                  0x080056cd   0x14  Code  Gb  exit.o [6]
__iar_Dint              0x08000a8d   0x7e  Code  Gb  xdint.o [4]
__iar_Dnorm             0x08000a49   0x44  Code  Gb  xdnorm.o [4]
__iar_Dscale            0x08001631  0x114  Code  Gb  xdscale.o [4]
__iar_Dtest             0x080015f1   0x30  Code  Gb  xdtest.o [4]
__iar_Errno             0x200000f0    0x4  Data  Gb  errno.o [3]
__iar_Exp               0x08001329  0x2be  Code  Gb  xexp.o [4]
__iar_Lockfilelock      0x08004e55    0x2  Code  Gb  xsyslock_nop.o [3]
__iar_Logpoly           0x08001279   0x76  Code  Gb  xlog.o [4]
__iar_Memchr            0x08004a09         Code  Gb  memchr.o [5]
__iar_Memset4_word      0x08002e6d         Code  Gb  ABImemset48.o [5]
__iar_Memset8_word      0x08002e6d         Code  Gb  ABImemset48.o [5]
__iar_Stderr            0x20000084   0x40  Data  Gb  xfiles.o [3]
__iar_Stdin             0x20000004   0x40  Data  Gb  xfiles.o [3]
__iar_Stdout            0x20000044   0x40  Data  Gb  xfiles.o [3]
__iar_Stoul             0x08004955    0x4  Code  Gb  xstoul.o [3]
__iar_Stoulx            0x08004811  0x13e  Code  Gb  xstoul.o [3]
__iar_Strchr            0x080049b9         Code  Gb  strchr.o [5]
__iar_Unlockfilelock    0x08004e57    0x2  Code  Gb  xsyslock_nop.o [3]
__iar_close_ttio        0x08004f95   0x2e  Code  Gb  iarttio.o [6]
__iar_d2uiz             0x08000e51         Code  Gb  DblToI32.o [4]
__iar_dadd              0x08000d51         Code  Gb  DblAdd.o [4]
__iar_data_init3        0x080055e5   0x28  Code  Gb  data_init.o [5]
__iar_dlib_perthread_access
                        0x080015ef    0x2  Code  Gb  xtls.o [3]
__iar_dsub              0x08000eb5         Code  Gb  DblSub.o [4]
__iar_dsubStart         0x08000ec7         Code  Gb  DblSub.o [4]
__iar_get_ttio          0x08004fc5   0x38  Code  Gb  iarttio.o [6]
__iar_init_vfp          0x08005655         Code  Gb  fpinit_M.o [4]
__iar_lookup_ttioh      0x08005001    0x8  Code  Gb  XShttio.o [3]
__iar_packbits_init_single3
                        0x0800557f   0x38  Code  Gb  packbits_init_single.o [5]
__iar_program_start     0x08005715         Code  Gb  cstartup_M.o [5]
__iar_sh_Discard        0x08004e69   0x3e  Code  Gb  XShHandles.o [3]
__iar_sh_Move           0x08004ead   0x46  Code  Gb  XShHandles.o [3]
__iar_sh_Pos            0x08004ef3   0x3e  Code  Gb  XShHandles.o [3]
__iar_sh_stdout         0x08004f53   0x20  Code  Gb  iarwstd.o [6]
__iar_sh_write          0x08004f73   0x22  Code  Gb  iarwrite.o [6]
__iar_ttio_handles      0x200000e4    0x8  Data  Lc  XShttio.o [3]
__iar_ui2d              0x08000e89         Code  Gb  I32ToDbl.o [4]
__iar_unaligned___aeabi_memcpy
                        0x080026ad         Code  Gb  ABImemcpy_unaligned.o [5]
__iar_unaligned___aeabi_memcpy4
                        0x080026cd         Code  Gb  ABImemcpy_unaligned.o [5]
__iar_unaligned___aeabi_memcpy8
                        0x080026cd         Code  Gb  ABImemcpy_unaligned.o [5]
__iar_vfp_pow           0x08000609   0x18  Code  Gb  pow.o [4]
__iar_zero_init3        0x0800553f   0x40  Code  Gb  zero_init3.o [5]
__low_level_init        0x080056b3    0x4  Code  Gb  low_level_init.o [3]
__lseek                 0x08004e09   0x4c  Code  Gb  lseek.o [6]
__vector_table          0x08000000         Data  Gb  startup_stm32f303xc.o [1]
__write                 0x08004e59   0x10  Code  Gb  write.o [6]
_call_main              0x080056a5         Code  Gb  cmain.o [5]
_exit                   0x080056bd         Code  Gb  cexit.o [5]
_main                   0x080056af         Code  Gb  cmain.o [5]
aPLLMULFactorTable      0x080037ac   0x10  Data  Gb  stm32f3xx_hal_rcc.o [1]
aPredivFactorTable      0x080037bc   0x10  Data  Gb  stm32f3xx_hal_rcc.o [1]
atoi                    0x08002eed    0x8  Code  Gb  atoi.o [3]
digits                  0x08004958   0x28  Data  Lc  xstoul.o [3]
display                 0x08001b45  0x228  Code  Gb  main.o [1]
display::segmentSelect  0x20000bfc    0x4  Data  Lc  main.o [1]
ebuf                    0x20000ad4   0x50  Data  Lc  xfiles.o [3]
exit                    0x080056b7    0x4  Code  Gb  exit.o [3]
fclose                  0x080053e5   0x7a  Code  Gb  fclose.o [3]
fflush                  0x08004dc3   0x34  Code  Gb  fflush.o [3]
fflushOne               0x08004d4d   0x76  Code  Lc  fflush.o [3]
fputc                   0x080054e9   0x56  Code  Gb  fputc.o [3]
free                    0x08005195   0x7a  Code  Gb  xxmemxfree.o [3]
fseek                   0x08005171   0x22  Code  Gb  fseek.o [3]
hcrc                    0x20000bb0   0x24  Data  Gb  crc.o [1]
hrtc                    0x20000bd4   0x20  Data  Gb  main.o [1]
htim1                   0x20000b74   0x3c  Data  Gb  tim.o [1]
huart3                  0x20000a64   0x70  Data  Gb  usart.o [1]
internal_Pow            0x08000189  0x474  Code  Lc  pow.o [4]
isspace                 0x08004a61   0x14  Code  Gb  isxxx.o [3]
lnbias                  0x08000628  0x420  Data  Lc  pow.o [4]
main                    0x08001745   0x9e  Code  Gb  main.o [1]
malloc                  0x080050c1   0xac  Code  Gb  xxmemxmalloc.o [3]
memchr                  0x08004a09         Code  Gb  memchr.o [5]
ndigs                   0x08004980   0x28  Data  Lc  xstoul.o [3]
obuf                    0x20000b24   0x50  Data  Lc  xfiles.o [3]
osSystickHandler        0x08005641   0x14  Code  Gb  cmsis_os.o [1]
printf                  0x08002689   0x24  Code  Gb  printf.o [3]
prvResetNextTaskUnblockTime
                        0x08004bed   0x1e  Code  Lc  tasks.o [1]
putchar                 0x080056f9    0xc  Code  Gb  putchar.o [3]
pxCurrentTCB            0x200008e4    0x4  Data  Gb  tasks.o [1]
pxDelayedTaskList       0x200008e8    0x4  Data  Lc  tasks.o [1]
pxOverflowDelayedTaskList
                        0x200008ec    0x4  Data  Lc  tasks.o [1]
pxReadyTasksLists       0x20000958   0x8c  Data  Lc  tasks.o [1]
remove                  0x08005479   0x16  Code  Gb  remove.o [6]
sFileInfo               0x200009e4   0x80  Data  Lc  XShHandles.o [3]
strchr                  0x080049b9         Code  Gb  strchr.o [5]
strcspn                 0x080047ed   0x24  Code  Gb  strcspn.o [3]
strlen                  0x080049d1         Code  Gb  strlen.o [5]
strspn                  0x080047c9   0x24  Code  Gb  strspn.o [3]
strtok                  0x08002ea1   0x4c  Code  Gb  strtok.o [3]
tolower                 0x08004a75   0x14  Code  Gb  tolower.o [3]
uwTick                  0x20000c00    0x4  Data  Gb  stm32f3xx_hal.o [1]
uxCurrentNumberOfTasks  0x20000908    0x4  Data  Lc  tasks.o [1]
uxListRemove            0x08004c51   0x24  Code  Gb  list.o [1]
uxPendedTicks           0x20000918    0x4  Data  Lc  tasks.o [1]
uxSchedulerSuspended    0x2000092c    0x4  Data  Lc  tasks.o [1]
uxTaskNumber            0x20000924    0x4  Data  Lc  tasks.o [1]
uxTasksDeleted          0x200008f0    0x4  Data  Lc  tasks.o [1]
uxTopReadyPriority      0x20000910    0x4  Data  Lc  tasks.o [1]
vListInsertEnd          0x08004c39   0x18  Code  Gb  list.o [1]
vPortEnableVFP          0x080052cd         Code  Gb  portasm.o [1]
vPortStartFirstTask     0x080052b5         Code  Gb  portasm.o [1]
vTaskSwitchContext      0x08004b93   0x5a  Code  Gb  tasks.o [1]
xDelayedTaskList1       0x20000930   0x14  Data  Lc  tasks.o [1]
xDelayedTaskList2       0x20000944   0x14  Data  Lc  tasks.o [1]
xNextTaskUnblockTime    0x20000928    0x4  Data  Lc  tasks.o [1]
xNumOfOverflows         0x20000920    0x4  Data  Lc  tasks.o [1]
xPendingReadyList       0x200008bc   0x14  Data  Lc  tasks.o [1]
xPortSysTickHandler     0x080055b9   0x28  Code  Gb  port.o [1]
xSchedulerRunning       0x20000914    0x4  Data  Lc  tasks.o [1]
xSuspendedTaskList      0x200008f4   0x14  Data  Lc  tasks.o [1]
xTaskGetSchedulerState  0x08004c0b   0x1c  Code  Gb  tasks.o [1]
xTaskIncrementTick      0x08004ac1   0xd2  Code  Gb  tasks.o [1]
xTasksWaitingTermination
                        0x200008d0   0x14  Data  Lc  tasks.o [1]
xTickCount              0x2000090c    0x4  Data  Lc  tasks.o [1]
xYieldPending           0x2000091c    0x4  Data  Lc  tasks.o [1]


[1] = C:\-=Skola=-\Inbyggda System\Projekt labb\KULUR\Test\Debug\Obj
[2] = command line
[3] = dl7M_tlf.a
[4] = m7M_tls.a
[5] = rt7M_tl.a
[6] = shb_l.a

  22 550 bytes of readonly  code memory
     170 bytes of readonly  data memory
   3 081 bytes of readwrite data memory

Errors: none
Warnings: none
